Microchip MPLAB XC8 Compiler V2.32

Linker command line:

-W-3 --edf=C:\Program Files\Microchip\xc8\v2.32\pic\dat\en_msgs.txt -cn \
  -h+dist/default/production\Liofilizador_Mother_Board.X.production.sym \
  --cmf=dist/default/production\Liofilizador_Mother_Board.X.production.cmf \
  -z -Q18F4620 -oC:\Users\Nera\AppData\Local\Temp\xcAs5b0.4 \
  --defsym=__MPLAB_BUILD=1 \
  -Mdist/default/production/Liofilizador_Mother_Board.X.production.map -E1 \
  -ver=XC8 Compiler --acfsm=1493 -ASTACK=07C4h-0F7Fh -pstack=STACK \
  -ACODE=00h-0FFFFh -ACONST=00h-0FFFFh -ASMALLCONST=01000h-010FFhx240 \
  -AMEDIUMCONST=01000h-0FFFFh -ACOMRAM=01h-07Fh -AABS1=00h-0F7Fh \
  -ABIGRAM=01h-0F7Fh -ARAM=080h-0FFh,0100h-01FFhx14,0F00h-0F7Fh \
  -ABANK0=080h-0FFh -ABANK1=0100h-01FFh -ABANK2=0200h-02FFh \
  -ABANK3=0300h-03FFh -ABANK4=0400h-04FFh -ABANK5=0500h-05FFh \
  -ABANK6=0600h-06FFh -ABANK7=0700h-07FFh -ABANK8=0800h-08FFh \
  -ABANK9=0900h-09FFh -ABANK10=0A00h-0AFFh -ABANK11=0B00h-0BFFh \
  -ABANK12=0C00h-0CFFh -ABANK13=0D00h-0DFFh -ABANK14=0E00h-0EFFh \
  -ABANK15=0F00h-0F7Fh -ASFR=0F80h-0FFFh -ACONFIG=0300000h-030000Dh \
  -AIDLOC=0200000h-0200007h -AEEDATA=0F00000h-0F003FFh -peeprom_data=EEDATA \
  -preset_vec=00h,intcode,intcodelo=018h,powerup,init -pramtop=01000h \
  -psmallconst=SMALLCONST -pmediumconst=MEDIUMCONST -pconst=CONST \
  -AFARRAM=00h-00h \
  -prdata=COMRAM,nvrram=COMRAM,nvbit=COMRAM,rbss=COMRAM,rbit=COMRAM \
  -pfarbss=FARRAM,fardata=FARRAM,nvFARRAM=FARRAM \
  -pintsave_regs=BIGRAM,bigbss=BIGRAM,bigdata=BIGRAM -pbss=RAM \
  -pidata=CODE,irdata=CODE,ibigdata=CODE,ifardata=CODE -prparam=COMRAM \
  C:\Users\Nera\AppData\Local\Temp\xcAs5b0.o \
  dist/default/production\Liofilizador_Mother_Board.X.production.o 

Object code version is 3.11

Machine type is 18F4620



                Name                               Link     Load   Length Selector   Space Scale
C:\Users\Nera\AppData\Local\Temp\xcAs5b0.o
                idloc                            200000   200000        8        0       5
                config                           300000   300000        E        0       4
                init                                292      292        4        C       0
                reset_vec                             0        0        4        0       0
dist/default/production\Liofilizador_Mother_Board.X.production.o
                intcodelo                            18       18      27A        C       0
                idloc                            200000   200000        8        0       5
                config                           300000   300000        E        0       4
                temp                                 77       77        1        1       1
                mediumconst                        FB02     FB02      4FE     7D81       0
                text175                            9720     9720       38        C       0
                text174                            9D78     9D78       1A        C       0
                text173                            9E42     9E42        E        C       0
                text172                            93A2     93A2       4C        C       0
                text171                            829C     829C       B4        C       0
                text170                            9CF0     9CF0       20        C       0
                text169                            8950     8950       86        C       0
                text168                            9B52     9B52       26        C       0
                text167                            883C     883C       8C        C       0
                text166                            8E74     8E74       62        C       0
                text165                            4AA8     4AA8      194        C       0
                text164                            3136     3136      32C        C       0
                text163                            7FC2     7FC2       BC        C       0
                text162                            5C7E     5C7E      140        C       0
                text161                            6B5C     6B5C      108        C       0
                text160                            9356     9356       4C        C       0
                text159                            9584     9584       3E        C       0
                text158                            9928     9928       32        C       0
                text157                            9038     9038       54        C       0
                text156                            94C0     94C0       44        C       0
                text155                            9B2C     9B2C       26        C       0
                text154                            50EA     50EA      188        C       0
                text153                            9B06     9B06       26        C       0
                text152                            9546     9546       3E        C       0
                text151                            96AE     96AE       3A        C       0
                text150                            9A66     9A66       2A        C       0
                text149                            8722     8722       8E        C       0
                text148                            98F6     98F6       32        C       0
                text147                            9D5E     9D5E       1A        C       0
                text146                            9E34     9E34        E        C       0
                text145                            9DFA     9DFA       10        C       0
                text144                            5272     5272      186        C       0
                text143                            9C08     9C08       24        C       0
                text142                            99E6     99E6       2C        C       0
                text141                            982C     982C       34        C       0
                text140                            6A50     6A50      10C        C       0
                text139                            8BE2     8BE2       7C        C       0
                text138                            90DE     90DE       52        C       0
                text137                            98C4     98C4       32        C       0
                text136                            7BF8     7BF8       C8        C       0
                text135                            91D0     91D0       50        C       0
                text134                            9E50     9E50        A        C       0
                text133                            6D62     6D62       F6        C       0
                text132                            9BE4     9BE4       24        C       0
                text131                            3F64     3F64      236        C       0
                text130                            73CA     73CA       DC        C       0
                text129                            8ED6     8ED6       60        C       0
                text128                            9AE0     9AE0       26        C       0
                text127                            908C     908C       52        C       0
                text126                            8E0E     8E0E       66        C       0
                text125                            9504     9504       42        C       0
                text124                            81E8     81E8       B4        C       0
                text123                            93EE     93EE       48        C       0
                text122                            9C4E     9C4E       22        C       0
                text121                            92BC     92BC       4E        C       0
                text120                            7B30     7B30       C8        C       0
                text119                            9DE8     9DE8       12        C       0
                text118                            9DAA     9DAA       18        C       0
                text117                            59C4     59C4      160        C       0
                text116                            9DD6     9DD6       12        C       0
                text115                            930A     930A       4C        C       0
                text114                            4C3C     4C3C      192        C       0
                text113                            377A     377A      30C        C       0
                text112                            3A86     3A86      288        C       0
                text111                            84AC     84AC       AC        C       0
                text110                            8FE4     8FE4       54        C       0
                text109                            926E     926E       4E        C       0
                text108                            9D44     9D44       1A        C       0
                text107                            7580     7580       DA        C       0
                text106                            457C     457C      1CA        C       0
                text105                            9220     9220       4E        C       0
                text104                            9E26     9E26        E        C       0
                text103                            9D2A     9D2A       1A        C       0
                text102                            9DC2     9DC2       14        C       0
                text101                            9D10     9D10       1A        C       0
                text100                            7802     7802       D0        C       0
                text99                             99B8     99B8       2E        C       0
                text98                             9436     9436       46        C       0
                text97                             2E04     2E04      332        C       0
                text96                             1EF2     1EF2      428        C       0
                text95                             7CC0     7CC0       C6        C       0
                text94                             9674     9674       3A        C       0
                text93                             8A5A     8A5A       84        C       0
                text92                             8C5E     8C5E       70        C       0
                text91                             87B0     87B0       8C        C       0
                text90                             6C64     6C64       FE        C       0
                text89                             3D0E     3D0E      256        C       0
                text88                             95FE     95FE       3C        C       0
                text87                             64DA     64DA      128        C       0
                text86                             8F36     8F36       58        C       0
                text85                             9E18     9E18        E        C       0
                text84                             53F8     53F8      180        C       0
                text83                             97F8     97F8       34        C       0
                text82                             78D2     78D2       CC        C       0
                text81                             3462     3462      318        C       0
                text80                             7E48     7E48       BE        C       0
                text79                             9BC0     9BC0       24        C       0
                text78                             807E     807E       B6        C       0
                text77                             4F5E     4F5E      18C        C       0
                text76                             43A6     43A6      1D6        C       0
                text75                             9AB8     9AB8       28        C       0
                text74                             8350     8350       B0        C       0
                text73                             799E     799E       CA        C       0
                text72                             9B9C     9B9C       24        C       0
                text71                             9CD0     9CD0       20        C       0
                text70                             9CB0     9CB0       20        C       0
                text69                             8D3C     8D3C       6C        C       0
                text68                             8B60     8B60       82        C       0
                text67                             8ADE     8ADE       82        C       0
                text66                             8CCE     8CCE       6E        C       0
                text65                             231A     231A      426        C       0
                text64                             9C90     9C90       20        C       0
                text63                             6940     6940      110        C       0
                text62                             7730     7730       D2        C       0
                text61                             5B24     5B24      15A        C       0
                text60                             63B2     63B2      128        C       0
                text59                             9892     9892       32        C       0
                text58                             7F06     7F06       BC        C       0
                text57                             72EA     72EA       E0        C       0
                text56                             9A3C     9A3C       2A        C       0
                text55                             5DBE     5DBE      13A        C       0
                text54                             978E     978E       36        C       0
                text53                             720A     720A       E0        C       0
                text52                             4DCE     4DCE      190        C       0
                text51                             5EF8     5EF8      136        C       0
                text50                             8558     8558       A8        C       0
                text49                             9758     9758       36        C       0
                text48                             5864     5864      160        C       0
                text47                             9C2C     9C2C       22        C       0
                text46                             8F8E     8F8E       56        C       0
                text45                             602E     602E      130        C       0
                text44                             963A     963A       3A        C       0
                text43                             682E     682E      112        C       0
                text42                             703C     703C       E8        C       0
                text41                             7124     7124       E6        C       0
                text40                             8600     8600       94        C       0
                text39                             5578     5578      178        C       0
                text38                             4746     4746      1C6        C       0
                text37                             419A     419A      20C        C       0
                text36                             7D86     7D86       C2        C       0
                text35                             56F0     56F0      174        C       0
                text34                             995A     995A       30        C       0
                text33                             9860     9860       32        C       0
                text32                             197E     197E      574        C       0
                text31                             6F4A     6F4A       F2        C       0
                text30                             9B78     9B78       24        C       0
                text29                             615E     615E      12C        C       0
                text28                             9180     9180       50        C       0
                text27                             947C     947C       44        C       0
                text26                             95C2     95C2       3C        C       0
                text25                             998A     998A       2E        C       0
                text24                             9A90     9A90       28        C       0
                text23                             2AC0     2AC0      344        C       0
                text22                             765A     765A       D6        C       0
                text21                             8694     8694       8E        C       0
                text20                             6718     6718      116        C       0
                text19                             9D92     9D92       18        C       0
                text18                             628A     628A      128        C       0
                text17                             2740     2740      380        C       0
                text16                             88C8     88C8       88        C       0
                text15                             9130     9130       50        C       0
                text14                             490C     490C      19C        C       0
                text13                             9A12     9A12       2A        C       0
                text12                             9C70     9C70       20        C       0
                text11                             9E62     9E62        6        C       0
                text10                             89D6     89D6       84        C       0
                text9                              9E0A     9E0A        E        C       0
                text8                              97C4     97C4       34        C       0
                text7                              1242     1242      73C        C       0
                text6                              74A6     74A6       DA        C       0
                text5                              7A68     7A68       C8        C       0
                text4                              6602     6602      116        C       0
                text3                              96E8     96E8       38        C       0
                text2                              8DA8     8DA8       66        C       0
                text1                              6E58     6E58       F2        C       0
                text0                               296      296      FAC        C       0
                cstackCOMRAM                          1        1       6E        1       1
                cstackBANK0                          80       80       6E       80       1
                cstackBANK3                         372      372        E      300       1
                bssBIGRAM                           5B4      5B4      210      5B4       1
                dataBANK5                           500      500       B4      500       1
                bssBANK4                            400      400       AA      400       1
                bssBANK3                            300      300       72      300       1
                bssBANK2                            200      200       FD      200       1
                dataBANK1                           1F2      1F2        8      100       1
                bssBANK1                            100      100       F2      100       1
                bssBANK0                             EE       EE        6       80       1
                bssCOMRAM                            6F       6F        8        1       1
                cinit                              8400     8400       AC        C       0
                idataBANK5                         8134     8134       B4        C       0
                idataBANK1                         9E5A     9E5A        8        C       0

TOTAL           Name                               Link     Load   Length     Space
        CLASS   STACK          

        CLASS   CODE           
                intcodelo                            18       18      27A         0
                init                                292      292        4         0
                reset_vec                             0        0        4         0
                text175                            9720     9720       38         0
                text174                            9D78     9D78       1A         0
                text173                            9E42     9E42        E         0
                text172                            93A2     93A2       4C         0
                text171                            829C     829C       B4         0
                text170                            9CF0     9CF0       20         0
                text169                            8950     8950       86         0
                text168                            9B52     9B52       26         0
                text167                            883C     883C       8C         0
                text166                            8E74     8E74       62         0
                text165                            4AA8     4AA8      194         0
                text164                            3136     3136      32C         0
                text163                            7FC2     7FC2       BC         0
                text162                            5C7E     5C7E      140         0
                text161                            6B5C     6B5C      108         0
                text160                            9356     9356       4C         0
                text159                            9584     9584       3E         0
                text158                            9928     9928       32         0
                text157                            9038     9038       54         0
                text156                            94C0     94C0       44         0
                text155                            9B2C     9B2C       26         0
                text154                            50EA     50EA      188         0
                text153                            9B06     9B06       26         0
                text152                            9546     9546       3E         0
                text151                            96AE     96AE       3A         0
                text150                            9A66     9A66       2A         0
                text149                            8722     8722       8E         0
                text148                            98F6     98F6       32         0
                text147                            9D5E     9D5E       1A         0
                text146                            9E34     9E34        E         0
                text145                            9DFA     9DFA       10         0
                text144                            5272     5272      186         0
                text143                            9C08     9C08       24         0
                text142                            99E6     99E6       2C         0
                text141                            982C     982C       34         0
                text140                            6A50     6A50      10C         0
                text139                            8BE2     8BE2       7C         0
                text138                            90DE     90DE       52         0
                text137                            98C4     98C4       32         0
                text136                            7BF8     7BF8       C8         0
                text135                            91D0     91D0       50         0
                text134                            9E50     9E50        A         0
                text133                            6D62     6D62       F6         0
                text132                            9BE4     9BE4       24         0
                text131                            3F64     3F64      236         0
                text130                            73CA     73CA       DC         0
                text129                            8ED6     8ED6       60         0
                text128                            9AE0     9AE0       26         0
                text127                            908C     908C       52         0
                text126                            8E0E     8E0E       66         0
                text125                            9504     9504       42         0
                text124                            81E8     81E8       B4         0
                text123                            93EE     93EE       48         0
                text122                            9C4E     9C4E       22         0
                text121                            92BC     92BC       4E         0
                text120                            7B30     7B30       C8         0
                text119                            9DE8     9DE8       12         0
                text118                            9DAA     9DAA       18         0
                text117                            59C4     59C4      160         0
                text116                            9DD6     9DD6       12         0
                text115                            930A     930A       4C         0
                text114                            4C3C     4C3C      192         0
                text113                            377A     377A      30C         0
                text112                            3A86     3A86      288         0
                text111                            84AC     84AC       AC         0
                text110                            8FE4     8FE4       54         0
                text109                            926E     926E       4E         0
                text108                            9D44     9D44       1A         0
                text107                            7580     7580       DA         0
                text106                            457C     457C      1CA         0
                text105                            9220     9220       4E         0
                text104                            9E26     9E26        E         0
                text103                            9D2A     9D2A       1A         0
                text102                            9DC2     9DC2       14         0
                text101                            9D10     9D10       1A         0
                text100                            7802     7802       D0         0
                text99                             99B8     99B8       2E         0
                text98                             9436     9436       46         0
                text97                             2E04     2E04      332         0
                text96                             1EF2     1EF2      428         0
                text95                             7CC0     7CC0       C6         0
                text94                             9674     9674       3A         0
                text93                             8A5A     8A5A       84         0
                text92                             8C5E     8C5E       70         0
                text91                             87B0     87B0       8C         0
                text90                             6C64     6C64       FE         0
                text89                             3D0E     3D0E      256         0
                text88                             95FE     95FE       3C         0
                text87                             64DA     64DA      128         0
                text86                             8F36     8F36       58         0
                text85                             9E18     9E18        E         0
                text84                             53F8     53F8      180         0
                text83                             97F8     97F8       34         0
                text82                             78D2     78D2       CC         0
                text81                             3462     3462      318         0
                text80                             7E48     7E48       BE         0
                text79                             9BC0     9BC0       24         0
                text78                             807E     807E       B6         0
                text77                             4F5E     4F5E      18C         0
                text76                             43A6     43A6      1D6         0
                text75                             9AB8     9AB8       28         0
                text74                             8350     8350       B0         0
                text73                             799E     799E       CA         0
                text72                             9B9C     9B9C       24         0
                text71                             9CD0     9CD0       20         0
                text70                             9CB0     9CB0       20         0
                text69                             8D3C     8D3C       6C         0
                text68                             8B60     8B60       82         0
                text67                             8ADE     8ADE       82         0
                text66                             8CCE     8CCE       6E         0
                text65                             231A     231A      426         0
                text64                             9C90     9C90       20         0
                text63                             6940     6940      110         0
                text62                             7730     7730       D2         0
                text61                             5B24     5B24      15A         0
                text60                             63B2     63B2      128         0
                text59                             9892     9892       32         0
                text58                             7F06     7F06       BC         0
                text57                             72EA     72EA       E0         0
                text56                             9A3C     9A3C       2A         0
                text55                             5DBE     5DBE      13A         0
                text54                             978E     978E       36         0
                text53                             720A     720A       E0         0
                text52                             4DCE     4DCE      190         0
                text51                             5EF8     5EF8      136         0
                text50                             8558     8558       A8         0
                text49                             9758     9758       36         0
                text48                             5864     5864      160         0
                text47                             9C2C     9C2C       22         0
                text46                             8F8E     8F8E       56         0
                text45                             602E     602E      130         0
                text44                             963A     963A       3A         0
                text43                             682E     682E      112         0
                text42                             703C     703C       E8         0
                text41                             7124     7124       E6         0
                text40                             8600     8600       94         0
                text39                             5578     5578      178         0
                text38                             4746     4746      1C6         0
                text37                             419A     419A      20C         0
                text36                             7D86     7D86       C2         0
                text35                             56F0     56F0      174         0
                text34                             995A     995A       30         0
                text33                             9860     9860       32         0
                text32                             197E     197E      574         0
                text31                             6F4A     6F4A       F2         0
                text30                             9B78     9B78       24         0
                text29                             615E     615E      12C         0
                text28                             9180     9180       50         0
                text27                             947C     947C       44         0
                text26                             95C2     95C2       3C         0
                text25                             998A     998A       2E         0
                text24                             9A90     9A90       28         0
                text23                             2AC0     2AC0      344         0
                text22                             765A     765A       D6         0
                text21                             8694     8694       8E         0
                text20                             6718     6718      116         0
                text19                             9D92     9D92       18         0
                text18                             628A     628A      128         0
                text17                             2740     2740      380         0
                text16                             88C8     88C8       88         0
                text15                             9130     9130       50         0
                text14                             490C     490C      19C         0
                text13                             9A12     9A12       2A         0
                text12                             9C70     9C70       20         0
                text11                             9E62     9E62        6         0
                text10                             89D6     89D6       84         0
                text9                              9E0A     9E0A        E         0
                text8                              97C4     97C4       34         0
                text7                              1242     1242      73C         0
                text6                              74A6     74A6       DA         0
                text5                              7A68     7A68       C8         0
                text4                              6602     6602      116         0
                text3                              96E8     96E8       38         0
                text2                              8DA8     8DA8       66         0
                text1                              6E58     6E58       F2         0
                text0                               296      296      FAC         0
                cinit                              8400     8400       AC         0
                idataBANK5                         8134     8134       B4         0
                idataBANK1                         9E5A     9E5A        8         0

        CLASS   CONST          

        CLASS   SMALLCONST     

        CLASS   MEDIUMCONST    
                mediumconst                        FB02     FB02      4FE         0

        CLASS   COMRAM         
                temp                                 77       77        1         1
                cstackCOMRAM                          1        1       6E         1
                bssCOMRAM                            6F       6F        8         1

        CLASS   ABS1           

        CLASS   BIGRAM         
                bssBIGRAM                           5B4      5B4      210         1

        CLASS   RAM            

        CLASS   BANK0          
                cstackBANK0                          80       80       6E         1
                bssBANK0                             EE       EE        6         1

        CLASS   BANK1          
                dataBANK1                           1F2      1F2        8         1
                bssBANK1                            100      100       F2         1

        CLASS   BANK2          
                bssBANK2                            200      200       FD         1

        CLASS   BANK3          
                cstackBANK3                         372      372        E         1
                bssBANK3                            300      300       72         1

        CLASS   BANK4          
                bssBANK4                            400      400       AA         1

        CLASS   BANK5          
                dataBANK5                           500      500       B4         1

        CLASS   BANK6          

        CLASS   BANK7          

        CLASS   BANK8          

        CLASS   BANK9          

        CLASS   BANK10         

        CLASS   BANK11         

        CLASS   BANK12         

        CLASS   BANK13         

        CLASS   BANK14         

        CLASS   BANK15         

        CLASS   SFR            

        CLASS   CONFIG         
                config                           300000   300000        E         4

        CLASS   IDLOC          
                idloc                            200000   200000        8         5

        CLASS   EEDATA         

        CLASS   FARRAM         



SEGMENTS        Name                           Load    Length   Top    Selector   Space  Class

                reset_vec                      000000  000004  000004         0       0  CODE    
                cstackCOMRAM                   000001  000077  000078         1       1  COMRAM  
                intcodelo                      000018  009E50  009E68         C       0  CODE    
                cstackBANK0                    000080  000074  0000F4        80       1  BANK0   
                bssBANK1                       000100  0000FA  0001FA       100       1  BANK1   
                bssBANK2                       000200  0000FD  0002FD       200       1  BANK2   
                bssBANK3                       000300  000080  000380       300       1  BANK3   
                bssBANK4                       000400  0000AA  0004AA       400       1  BANK4   
                dataBANK5                      000500  0000B4  0005B4       500       1  BANK5   
                bssBIGRAM                      0005B4  000210  0007C4       5B4       1  BIGRAM  
                mediumconst                    00FB02  0004FE  010000      7D81       0  MEDIUMCO


UNUSED ADDRESS RANGES

        Name                Unused          Largest block    Delta
        BANK0            0000F4-0000FF                C
        BANK1            0001FA-0001FF                6
        BANK10           000A00-000AFF              100
        BANK11           000B00-000BFF              100
        BANK12           000C00-000CFF              100
        BANK13           000D00-000DFF              100
        BANK14           000E00-000EFF              100
        BANK15           000F00-000F7F               80
        BANK2            0002FD-0002FF                3
        BANK3            000380-0003FF               80
        BANK4            0004AA-0004FF               56
        BANK7            0007C4-0007FF               3C
        BANK8            000800-0008FF              100
        BANK9            000900-0009FF              100
        BIGRAM           000078-00007F                8
                         0000F4-0000FF                C
                         0001FA-0001FF                6
                         0002FD-0002FF                3
                         000380-0003FF               80
                         0004AA-0004FF               56
                         0007C4-000F7F              7BC
        CODE             000004-000017               14
                         009E68-00FB01             5C9A
        COMRAM           000078-00007F                8
        CONST            000004-000017               14
                         009E68-00FB01             5C9A
        EEDATA           F00000-F003FF              400
        MEDIUMCONST      009E68-00FB01             5C9A
        RAM              0000F4-0000FF                C
                         0001FA-0001FF                6
                         0002FD-0002FF                3
                         000380-0003FF               80
                         0004AA-0004FF               56
                         0007C4-000F7F              100
        SFR              000F80-000FFF               80
        SMALLCONST       009E68-00FB01              100
        STACK            0007C4-000F7F              7BC

                                  Symbol Table

?_EEPROM_24C1025_Read_Int                         cstackCOMRAM 00001B
?_EEPROM_24C1025_Read_Long                        cstackCOMRAM 00001B
?_EEPROM_Read_Integer                             cstackCOMRAM 00000D
?_EEPROM_Read_Long32                              cstackCOMRAM 00000D
?_I2C_Master_Read                                 cstackCOMRAM 00000B
?_PROCULUS_Get_Page                               cstackCOMRAM 000012
?_PROCULUS_VP_Read_Double32                       cstackCOMRAM 00001C
?_PROCULUS_VP_Read_Int16                          cstackCOMRAM 00001C
?_PROCULUS_VP_Read_UInt16                         cstackCOMRAM 00001C
?_Send_To_Slave                                   cstackCOMRAM 00000C
?___awdiv                                         cstackCOMRAM 000009
?___awmod                                         cstackCOMRAM 000009
?___fladd                                         cstackCOMRAM 000049
?___fldiv                                         cstackCOMRAM 000030
?___flmul                                         cstackCOMRAM 000017
?___flneg                                         cstackCOMRAM 000009
?___flsub                                         cstackCOMRAM 000059
?___fltol                                         cstackCOMRAM 000069
?___lldiv                                         cstackCOMRAM 000009
?___llmod                                         cstackCOMRAM 000009
?___lwdiv                                         cstackCOMRAM 000009
?___wmul                                          cstackCOMRAM 000015
?___xxtofl                                        cstackCOMRAM 000009
?_my_pow                                          cstackCOMRAM 00001B
?_roundf                                          cstackCOMRAM 000061
?_strlen                                          cstackCOMRAM 000009
Atualizar_Lista_de_Receitas@i                     cstackCOMRAM 000029
Carrega_Tupla_Receita@addeeprom                   cstackCOMRAM 00001C
Carrega_Tupla_Receita@index                       cstackCOMRAM 00001B
Carrega_Tupla_Receita@receita                     cstackCOMRAM 000017
Comando_Protocolo_Serial@DestinoMemo              cstackCOMRAM 000046
Comando_Protocolo_Serial@i                        cstackCOMRAM 000047
Condensador_Switch@buffer                         cstackCOMRAM 00001D
Condensador_Switch@estado                         cstackCOMRAM 00001C
Contagem_Tempo_de_Processo@value                  cstackCOMRAM 00001E
DataBaseBackupMain@addEEPROM                      cstackCOMRAM 000031
DataBaseBackupMain@tupla                          cstackCOMRAM 00002E
DataBaseBackupMain@vp                             cstackCOMRAM 00002F
Decodify_Command@add                              cstackBANK0  0000AA
Decodify_Command@add_24LCxxxx                     cstackBANK0  0000B7
Decodify_Command@add_Chip                         cstackBANK0  0000AC
Decodify_Command@dados                            cstackBANK0  0000A8
Decodify_Command@date                             cstackBANK0  000080
Decodify_Command@date_2216                        cstackBANK0  000094
Decodify_Command@i                                cstackBANK0  0000B6
Decodify_Command@i_2227                           cstackBANK0  0000AF
Decodify_Command@retorno32b                       cstackBANK0  0000B0
Decodify_Command@sizedata                         cstackBANK0  0000AD
Decodify_Command@tempchar                         cstackBANK0  0000AE
Decodify_Command@tempint                          cstackBANK0  0000B4
Decodify_Command@time                             cstackBANK0  00008A
Decodify_Command@time_2217                        cstackBANK0  00009E
DelayBackupReturn@retorno                         cstackCOMRAM 000045
DelayBackupReturn@tempo                           cstackCOMRAM 00003F
DelayBackupReturn@texto                           cstackCOMRAM 000041
DelayBackupReturn@vp                              cstackCOMRAM 00003D
EEPROM_24C1025_Fill_All@chip_add                  cstackCOMRAM 00002A
EEPROM_24C1025_Fill_All@mem_add                   cstackCOMRAM 00002B
EEPROM_24C1025_Fill_All@value                     cstackCOMRAM 000028
EEPROM_24C1025_Read_Buffer@chip_add               cstackCOMRAM 000018
EEPROM_24C1025_Read_Buffer@cnt_165                cstackCOMRAM 000017
EEPROM_24C1025_Read_Buffer@ctrl                   cstackCOMRAM 00001A
EEPROM_24C1025_Read_Buffer@data                   cstackCOMRAM 000015
EEPROM_24C1025_Read_Buffer@mem_add                cstackCOMRAM 000010
EEPROM_24C1025_Read_Buffer@range                  cstackCOMRAM 000019
EEPROM_24C1025_Read_Buffer@sizedata               cstackCOMRAM 000014
EEPROM_24C1025_Read_Buffer_to_USART@chip_add      cstackCOMRAM 000019
EEPROM_24C1025_Read_Buffer_to_USART@cnt_174       cstackCOMRAM 000018
EEPROM_24C1025_Read_Buffer_to_USART@ctrl          cstackCOMRAM 00001B
EEPROM_24C1025_Read_Buffer_to_USART@data          cstackCOMRAM 000015
EEPROM_24C1025_Read_Buffer_to_USART@mem_add       cstackCOMRAM 000010
EEPROM_24C1025_Read_Buffer_to_USART@range         cstackCOMRAM 00001A
EEPROM_24C1025_Read_Buffer_to_USART@sizedata      cstackCOMRAM 000014
EEPROM_24C1025_Read_Byte@chip_add                 cstackCOMRAM 00001F
EEPROM_24C1025_Read_Byte@data                     cstackCOMRAM 000020
EEPROM_24C1025_Read_Byte@mem_add                  cstackCOMRAM 00001B
EEPROM_24C1025_Read_Int@chip_add                  cstackCOMRAM 000021
EEPROM_24C1025_Read_Int@data                      cstackCOMRAM 000022
EEPROM_24C1025_Read_Int@mem_add                   cstackCOMRAM 00001B
EEPROM_24C1025_Read_Long@chip_add                 cstackCOMRAM 000037
EEPROM_24C1025_Read_Long@data                     cstackCOMRAM 000038
EEPROM_24C1025_Read_Long@mem_add                  cstackCOMRAM 00001B
EEPROM_24C1025_Read_Long@resultado                cstackCOMRAM 000033
EEPROM_24C1025_Read_Str@chip_add                  cstackCOMRAM 000018
EEPROM_24C1025_Read_Str@cnt                       cstackCOMRAM 000017
EEPROM_24C1025_Read_Str@ctrl                      cstackCOMRAM 00001A
EEPROM_24C1025_Read_Str@mem_add                   cstackCOMRAM 000010
EEPROM_24C1025_Read_Str@range                     cstackCOMRAM 000019
EEPROM_24C1025_Read_Str@texto                     cstackCOMRAM 000014
EEPROM_24C1025_Write_Buffer@chip_add              cstackCOMRAM 00001C
EEPROM_24C1025_Write_Buffer@count                 cstackCOMRAM 00001B
EEPROM_24C1025_Write_Buffer@ctrl                  cstackCOMRAM 00001E
EEPROM_24C1025_Write_Buffer@data                  cstackCOMRAM 000012
EEPROM_24C1025_Write_Buffer@mem_add               cstackCOMRAM 00000D
EEPROM_24C1025_Write_Buffer@range                 cstackCOMRAM 00001D
EEPROM_24C1025_Write_Buffer@sizedata              cstackCOMRAM 000011
EEPROM_24C1025_Write_Byte@chip_add                cstackCOMRAM 000024
EEPROM_24C1025_Write_Byte@data                    cstackCOMRAM 000023
EEPROM_24C1025_Write_Byte@mem_add                 cstackCOMRAM 00001F
EEPROM_24C1025_Write_Int@chip_add                 cstackCOMRAM 000025
EEPROM_24C1025_Write_Int@data                     cstackCOMRAM 000023
EEPROM_24C1025_Write_Int@local                    cstackCOMRAM 000026
EEPROM_24C1025_Write_Int@mem_add                  cstackCOMRAM 00001F
EEPROM_24C1025_Write_Long@chip_add                cstackCOMRAM 000027
EEPROM_24C1025_Write_Long@data                    cstackCOMRAM 000023
EEPROM_24C1025_Write_Long@local                   cstackCOMRAM 000028
EEPROM_24C1025_Write_Long@mem_add                 cstackCOMRAM 00001F
EEPROM_24C1025_Write_Str@chip_add                 cstackCOMRAM 000014
EEPROM_24C1025_Write_Str@ctrl                     cstackCOMRAM 000016
EEPROM_24C1025_Write_Str@data                     cstackCOMRAM 000011
EEPROM_24C1025_Write_Str@mem_add                  cstackCOMRAM 00000D
EEPROM_24C1025_Write_Str@range                    cstackCOMRAM 000015
EEPROM_Read_Buffer@addr                           cstackCOMRAM 00000D
EEPROM_Read_Buffer@dado                           cstackCOMRAM 00000F
EEPROM_Read_Buffer@i                              cstackCOMRAM 000012
EEPROM_Read_Buffer@size                           cstackCOMRAM 000011
EEPROM_Read_Byte@addr                             cstackCOMRAM 000009
EEPROM_Read_Integer@addr                          cstackCOMRAM 00000D
EEPROM_Read_Integer@resultado                     cstackCOMRAM 000013
EEPROM_Read_Long32@addr                           cstackCOMRAM 00000D
EEPROM_Read_Long32@i                              cstackCOMRAM 000016
EEPROM_Read_Long32@ptr                            cstackCOMRAM 000011
EEPROM_Read_Long32@result                         cstackCOMRAM 000012
EEPROM_Read_String@addr                           cstackCOMRAM 00000D
EEPROM_Read_String@c                              cstackCOMRAM 000011
EEPROM_Read_String@dado                           cstackCOMRAM 00000F
EEPROM_Write_Buffer@addr                          cstackCOMRAM 000028
EEPROM_Write_Buffer@dado                          cstackCOMRAM 00002A
EEPROM_Write_Buffer@i                             cstackCOMRAM 00002D
EEPROM_Write_Buffer@size                          cstackCOMRAM 00002C
EEPROM_Write_Byte@addr                            cstackCOMRAM 000022
EEPROM_Write_Byte@dado                            cstackCOMRAM 000024
EEPROM_Write_Byte@last_GIE                        cstackCOMRAM 000027
EEPROM_Write_Integer@addr                         cstackCOMRAM 000028
EEPROM_Write_Integer@dado                         cstackCOMRAM 00002A
EEPROM_Write_Long32@addr                          cstackCOMRAM 000028
EEPROM_Write_Long32@dado                          cstackCOMRAM 00002A
EEPROM_Write_Long32@i                             cstackCOMRAM 00002F
EEPROM_Write_Long32@ptr                           cstackCOMRAM 00002E
EEPROM_Write_String@addr                          cstackCOMRAM 000028
EEPROM_Write_String@dado                          cstackCOMRAM 00002A
Exibe_Hora_Data@date                              cstackCOMRAM 00003C
Exibe_Hora_Data@showseconds                       cstackCOMRAM 000050
Exibe_Hora_Data@time                              cstackCOMRAM 000046
Exibe_Receita@addeeprom                           cstackCOMRAM 000025
Exibe_Receita@index                               cstackCOMRAM 000021
Exibe_Receita@vp                                  cstackCOMRAM 000027
Exibe_Tempo_de_Processo@temp0                     cstackCOMRAM 000021
Exibe_Tempo_de_Processo@temp1                     cstackCOMRAM 000022
FAT8_Load@addEEPROM                               cstackCOMRAM 000044
FAT8_Load@tupla                                   cstackCOMRAM 000043
FAT8_Save@addEEPROM                               cstackCOMRAM 000034
FAT8_Save@tupla                                   cstackCOMRAM 000033
FAT8_Show@tupla                                   cstackCOMRAM 00004A
FAT8_Show@vp                                      cstackCOMRAM 00004B
FAT8_Write_Process_Finalize@date                  cstackCOMRAM 000057
FAT8_Write_Process_Finalize@time                  cstackCOMRAM 00004D
FAT8_Write_Process_Inicialize@NumProcesso         cstackCOMRAM 000061
FAT8_Write_Process_Inicialize@date                cstackCOMRAM 000057
FAT8_Write_Process_Inicialize@time                cstackCOMRAM 00004D
Find_Fat8_Free@i                                  cstackCOMRAM 000049
Find_Fat8_Free@resultado                          cstackCOMRAM 000048
Find_Fat8_Running@i                               cstackCOMRAM 000049
Find_Fat8_Running@resultado                       cstackCOMRAM 000048
Format_FAT8_Table@tupla                           cstackCOMRAM 000038
Formatar_Banco_de_Dados@inicio                    cstackCOMRAM 000036
Formatar_Banco_de_Dados@j                         cstackCOMRAM 000037
Formatar_Banco_de_Dados@total                     cstackCOMRAM 000030
Formatar_Datalog@i                                cstackCOMRAM 00001E
Formatar_Lista_de_Receitas@i                      cstackCOMRAM 000033
Formatar_Lista_de_Receitas@receita                cstackCOMRAM 000034
Gerenciador_de_Senha@senha                        cstackCOMRAM 000038
Gerenciador_de_Senha_Global@senha                 cstackCOMRAM 00003C
Global_Aquecimento_Switch@board                   cstackCOMRAM 00002A
Global_Aquecimento_Switch@buffer                  cstackCOMRAM 000027
Global_Aquecimento_Switch@estado                  cstackCOMRAM 000029
Grava_Info_Aquecimento@addEEPROM                  cstackCOMRAM 00002E
Grava_Info_Aquecimento@i                          cstackCOMRAM 000032
Grava_Info_Aquecimento@index                      cstackCOMRAM 00002D
Grava_Info_Aquecimento@tupla                      cstackCOMRAM 00002C
Grava_Receita@addeeprom                           cstackCOMRAM 000031
Grava_Receita@index                               cstackCOMRAM 000030
Grava_Receita@receita                             cstackCOMRAM 00002C
I2C_Master_Init@c                                 cstackBANK0  000096
I2C_Master_Read@a                                 cstackCOMRAM 00000B
I2C_Master_Read@temp                              cstackCOMRAM 00000E
I2C_Master_Wait@tempo                             cstackCOMRAM 00000A
I2C_Master_Write@d                                cstackCOMRAM 00000B
Incrementa_Contador_de_Repique_do_Vacuo@valor     cstackCOMRAM 00002C
LoadLiofilizadorOnMemory@addEEPROM                cstackCOMRAM 000018
LoadLiofilizadorOnMemory@index                    cstackCOMRAM 000017
LoadLiofilizadorOnMemory@liofilizador             cstackCOMRAM 000015
MenorCanalLivre@Exist                             cstackCOMRAM 00000B
MenorCanalLivre@busca                             cstackCOMRAM 000009
MenorCanalLivre@canal                             cstackCOMRAM 00000A
MenorCanalLivre@canalBusca                        cstackCOMRAM 00000C
MenorCanalLivre@canalLivre                        cstackCOMRAM 00000D
PROCULUS_Buffer_to_Proculus@i                     cstackCOMRAM 00000F
PROCULUS_Buffer_to_Proculus@proculus              cstackCOMRAM 000009
PROCULUS_Buzzer@time_ms_x_10                      cstackCOMRAM 000017
PROCULUS_Buzzer@vetor                             cstackCOMRAM 000019
PROCULUS_Clean_All_Line_Graphic@i                 cstackCOMRAM 00001A
PROCULUS_Clear_Line_Graphic@buffer                cstackCOMRAM 000018
PROCULUS_Clear_Line_Graphic@channel               cstackCOMRAM 000017
PROCULUS_Control_Activation@value                 cstackCOMRAM 000012
PROCULUS_Get_Page@i                               cstackCOMRAM 000018
PROCULUS_Get_Page@retorno                         bssBANK1     000171
PROCULUS_Popup@value                              cstackCOMRAM 000013
PROCULUS_REG_Read@i                               cstackCOMRAM 000019
PROCULUS_REG_Read@reg                             cstackCOMRAM 000016
PROCULUS_REG_Read@retorno                         cstackCOMRAM 000013
PROCULUS_REG_Read@size                            cstackCOMRAM 000012
PROCULUS_REG_Read@tempo                           cstackCOMRAM 000017
PROCULUS_REG_Write@i                              cstackCOMRAM 000016
PROCULUS_REG_Write@size                           cstackCOMRAM 000013
PROCULUS_REG_Write@vetor                          cstackCOMRAM 000012
PROCULUS_Read_RTC@date                            cstackCOMRAM 00001B
PROCULUS_Read_RTC@day                             cstackCOMRAM 00002F
PROCULUS_Read_RTC@hour                            cstackCOMRAM 000032
PROCULUS_Read_RTC@i                               cstackCOMRAM 00003B
PROCULUS_Read_RTC@minute                          cstackCOMRAM 000035
PROCULUS_Read_RTC@month                           cstackCOMRAM 00002C
PROCULUS_Read_RTC@retorno                         cstackCOMRAM 00001F
PROCULUS_Read_RTC@second                          cstackCOMRAM 000038
PROCULUS_Read_RTC@time                            cstackCOMRAM 00001C
PROCULUS_Read_RTC@year                            cstackCOMRAM 000029
PROCULUS_Show_Screen@screen                       cstackCOMRAM 000017
PROCULUS_Show_Screen@vetor                        cstackCOMRAM 000019
PROCULUS_TPFLAG_Read@retorno                      cstackCOMRAM 00001A
PROCULUS_TPFLAG_Write@value                       cstackCOMRAM 00001A
PROCULUS_TPFLAG_Write@vetor                       cstackCOMRAM 000017
PROCULUS_VP_Read@i                                cstackCOMRAM 00001B
PROCULUS_VP_Read@size                             cstackCOMRAM 000016
PROCULUS_VP_Read@tempo                            cstackCOMRAM 000019
PROCULUS_VP_Read@vetor                            cstackCOMRAM 000014
PROCULUS_VP_Read@vp                               cstackCOMRAM 000012
PROCULUS_VP_Read_Double32@vetor                   cstackCOMRAM 000020
PROCULUS_VP_Read_Double32@vp                      cstackCOMRAM 00001C
PROCULUS_VP_Read_Int16@vetor                      cstackCOMRAM 000020
PROCULUS_VP_Read_Int16@vp                         cstackCOMRAM 00001C
PROCULUS_VP_Read_String@text                      cstackCOMRAM 00001E
PROCULUS_VP_Read_String@vp                        cstackCOMRAM 00001C
PROCULUS_VP_Read_UInt16@vetor                     cstackCOMRAM 000020
PROCULUS_VP_Read_UInt16@vp                        cstackCOMRAM 00001C
PROCULUS_VP_Write@i                               cstackCOMRAM 000019
PROCULUS_VP_Write@size                            cstackCOMRAM 000016
PROCULUS_VP_Write@vetor                           cstackCOMRAM 000014
PROCULUS_VP_Write@vp                              cstackCOMRAM 000012
PROCULUS_VP_Write_Int16@value                     cstackCOMRAM 00001C
PROCULUS_VP_Write_Int16@vetor                     cstackCOMRAM 00001E
PROCULUS_VP_Write_Int16@vp                        cstackCOMRAM 00001A
PROCULUS_VP_Write_Long32@pt                       cstackCOMRAM 000024
PROCULUS_VP_Write_Long32@value                    cstackCOMRAM 00001C
PROCULUS_VP_Write_Long32@vetor                    cstackCOMRAM 000020
PROCULUS_VP_Write_Long32@vp                       cstackCOMRAM 00001A
PROCULUS_VP_Write_String@text                     cstackCOMRAM 00001C
PROCULUS_VP_Write_String@vp                       cstackCOMRAM 00001A
PROCULUS_VP_Write_UInt16@value                    cstackCOMRAM 00001D
PROCULUS_VP_Write_UInt16@vetor                    cstackCOMRAM 00001F
PROCULUS_VP_Write_UInt16@vp                       cstackCOMRAM 00001B
PROCULUS_Write_RTC@date                           cstackCOMRAM 00000C
PROCULUS_Write_RTC@day                            cstackCOMRAM 000014
PROCULUS_Write_RTC@hour                           cstackCOMRAM 000017
PROCULUS_Write_RTC@minute                         cstackCOMRAM 00001A
PROCULUS_Write_RTC@month                          cstackCOMRAM 000011
PROCULUS_Write_RTC@second                         cstackCOMRAM 00001D
PROCULUS_Write_RTC@time                           cstackCOMRAM 00000D
PROCULUS_Write_RTC@year                           cstackCOMRAM 00000E
PROCULUS_graphic_plot@channel                     cstackBANK0  000098
PROCULUS_graphic_plot@lcd_channel                 cstackBANK0  000099
PROCULUS_graphic_plot@value                       cstackBANK0  000096
Plotar_Grafico_Gravado@RESOLUCAOX                 cstackBANK0  0000C2
Plotar_Grafico_Gravado@SlaveBoard                 cstackBANK0  0000C6
Plotar_Grafico_Gravado@add_datalog                cstackBANK0  0000D2
Plotar_Grafico_Gravado@bb                         cstackBANK0  0000C8
Plotar_Grafico_Gravado@canal                      cstackBANK0  0000C7
Plotar_Grafico_Gravado@i                          cstackBANK0  0000D6
Plotar_Grafico_Gravado@leitura                    cstackBANK0  00009E
Plotar_Grafico_Gravado@tempfloat                  cstackBANK0  0000CD
Plotar_Grafico_Gravado@tupla                      cstackBANK0  0000D1
Plotar_Grafico_Gravado@value                      cstackBANK0  0000BA
RelatorioTecnico@valor                            cstackBANK0  0000E8
Rele_Comum_Aquecimento@bbb                        cstackCOMRAM 00001D
Rele_Comum_Aquecimento@status                     cstackCOMRAM 00001C
SaveLiofilizadorOnMemory@addEEPROM                cstackCOMRAM 00002F
SaveLiofilizadorOnMemory@index                    cstackCOMRAM 00002E
SaveLiofilizadorOnMemory@liofilizador             cstackCOMRAM 00002C
Send_To_Slave@buffer                              cstackCOMRAM 00000E
Send_To_Slave@comando                             cstackCOMRAM 00000C
Send_To_Slave@contador_2057                       cstackCOMRAM 000018
Send_To_Slave@destino                             cstackCOMRAM 000014
Send_To_Slave@flag_is_buffer                      cstackCOMRAM 000017
Send_To_Slave@i                                   cstackCOMRAM 00001B
Send_To_Slave@retorno                             cstackCOMRAM 000015
Send_To_Slave@size                                cstackCOMRAM 00000D
Send_To_Slave@sizereturn                          cstackCOMRAM 00001A
Send_to_PC@size                                   cstackCOMRAM 00000C
Set_Receita@index                                 cstackCOMRAM 000024
Set_Receita@status                                cstackCOMRAM 000021
Set_Receita@vp                                    cstackCOMRAM 000025
ShowAndSetSlaveParameters@CanalAD                 cstackCOMRAM 000025
ShowAndSetSlaveParameters@addEEPROM               cstackCOMRAM 000029
ShowAndSetSlaveParameters@bb                      cstackCOMRAM 000023
ShowAndSetSlaveParameters@tupla                   cstackCOMRAM 000026
ShowAndSetSlaveParameters@vp                      cstackCOMRAM 000027
ShowHardwareInfo@destino                          cstackBANK0  000083
ShowHardwareInfo@resposta                         cstackBANK0  000081
ShowHardwareInfo@tipo                             cstackBANK0  000080
ShowMessage@SoundType                             cstackCOMRAM 000022
ShowMessage@delay                                 cstackCOMRAM 000020
ShowMessage@mensagem                              cstackCOMRAM 00001E
ShowMessage@retem                                 cstackCOMRAM 000023
ShowMessage@texto                                 cstackCOMRAM 000028
ShowSensorRealTimeHS@SlaveBoard                   cstackCOMRAM 000038
ShowSensorRealTimeHS@bb                           cstackCOMRAM 000030
ShowSensorRealTimeHS@canal                        cstackCOMRAM 00003B
ShowSensorRealTimeHS@erro                         cstackCOMRAM 000033
ShowSensorRealTimeHS@reset                        cstackCOMRAM 000036
ShowSensorRealTimeHS@tupla                        cstackCOMRAM 00003C
ShowSensorRealTimeHS@vp                           cstackCOMRAM 000034
ShowSensorRealTimeHS@vpicone                      cstackCOMRAM 000039
ShowStaticValueGrid@CanalAD                       cstackCOMRAM 000025
ShowStaticValueGrid@addEEPROM                     cstackCOMRAM 000028
ShowStaticValueGrid@bb                            cstackCOMRAM 000023
ShowStaticValueGrid@tupla                         cstackCOMRAM 000029
ShowStaticValueGrid@vp                            cstackCOMRAM 000026
TrendCurveFuncao@canal                            cstackCOMRAM 000038
TrendCurveFuncao@cor                              cstackCOMRAM 000039
TrendCurveFuncao@figura                           cstackCOMRAM 000037
TrendCurveFuncao@funcao                           cstackCOMRAM 000034
TrendCurveFuncao@i                                cstackCOMRAM 00003C
TrendCurveFuncao@index                            cstackCOMRAM 00003B
USART_init@baudrate                               cstackCOMRAM 000016
USART_input_buffer@result                         cstackCOMRAM 00000C
USART_input_buffer@time                           cstackCOMRAM 00000A
USART_put_int@value                               cstackCOMRAM 00000A
USART_put_string@ptr                              cstackCOMRAM 00000C
USART_put_string@vetor                            cstackCOMRAM 00000A
USART_putc@value                                  cstackCOMRAM 000009
USART_to_Protocol@i                               cstackCOMRAM 00000F
USART_to_Protocol@usart_protocol                  cstackCOMRAM 000009
Upload_Data_to_Slave@addEEPROM                    cstackCOMRAM 000020
Upload_Data_to_Slave@board                        cstackCOMRAM 000022
Upload_Data_to_Slave@buffer                       cstackCOMRAM 000024
Upload_Data_to_Slave@canal                        cstackCOMRAM 000023
Upload_Data_to_Slave@index                        cstackCOMRAM 000021
Upload_Data_to_Slave@temp                         cstackCOMRAM 00001E
Vaccum_Switch@buffer                              cstackCOMRAM 00001D
Vaccum_Switch@estado                              cstackCOMRAM 00001C
_ADCON0bits                                       (abs)        000FC2
_ADCON1                                           (abs)        000FC1
_ADCON2bits                                       (abs)        000FC0
_Atualizar_Lista_de_Receitas                      text19       009D92
_BAUDCONbits                                      (abs)        000FB8
_Carrega_Tupla_Receita                            text22       00765A
_Carregar_Display_Schematic_Color                 text35       0056F0
_Carregar_Parametros_de_Seguranca                 text36       007D86
_Carregar_Status_da_Senha_Global                  text169      008950
_Carregar_tempo_de_datalog                        text59       009892
_Check_And_Send_Capture_Datalog                   text160      009356
_ClrReset                                         bssBANK1     0001A7
_Comando_Display                                  text16       0088C8
_Comando_Protocolo_Serial                         text5        007A68
_Condensador                                      bssBANK1     000189
_Condensador1                                     bssBANK1     000187
_Condensador_Switch                               text71       009CD0
_Contagem_Tempo_de_Processo                       text110      008FE4
_DataBaseBackupMain                               text43       00682E
_Decodify_Command                                 text7        001242
_DelayBackupReturn                                text63       006940
_Delay_Led_Memory                                 bssBANK1     0001A5
_Delay_Led_Tmr0                                   bssBANK1     000193
_Delay_Led_Usart                                  bssBANK1     000197
_EEADR                                            (abs)        000FA9
_EEADRH                                           (abs)        000FAA
_EECON1bits                                       (abs)        000FA6
_EECON2                                           (abs)        000FA7
_EEDATA                                           (abs)        000FA8
_EEPROM_24C1025_Fill_All                          text15       009130
_EEPROM_24C1025_Read_Buffer                       text84       0053F8
_EEPROM_24C1025_Read_Buffer_to_USART              text14       00490C
_EEPROM_24C1025_Read_Byte                         text79       009BC0
_EEPROM_24C1025_Read_Int                          text83       0097F8
_EEPROM_24C1025_Read_Long                         text78       00807E
_EEPROM_24C1025_Read_Str                          text77       004F5E
_EEPROM_24C1025_Write_Buffer                      text144      005272
_EEPROM_24C1025_Write_Byte                        text143      009C08
_EEPROM_24C1025_Write_Int                         text142      0099E6
_EEPROM_24C1025_Write_Long                        text141      00982C
_EEPROM_24C1025_Write_Str                         text140      006A50
_EEPROM_Read_Buffer                               text34       00995A
_EEPROM_Read_Byte                                 text175      009720
_EEPROM_Read_Integer                              text94       009674
_EEPROM_Read_Long32                               text26       0095C2
_EEPROM_Read_String                               text54       00978E
_EEPROM_Write_Buffer                              text33       009860
_EEPROM_Write_Byte                                text129      008ED6
_EEPROM_Write_Integer                             text128      009AE0
_EEPROM_Write_Long32                              text25       00998A
_EEPROM_Write_String                              text125      009504
_Exibe_Hora_Data                                  text152      009546
_Exibe_Receita                                    text20       006718
_Exibe_Tempo_de_Processo                          text149      008722
_FAT8_Load                                        text76       0043A6
_FAT8_Save                                        text131      003F64
_FAT8_Show                                        text58       007F06
_FAT8_Write_Process_Finalize                      text57       0072EA
_FAT8_Write_Process_Inicialize                    text55       005DBE
_Find_Fat8_Free                                   text56       009A3C
_Find_Fat8_Running                                text75       009AB8
_Format_FAT8_Table                                text130      0073CA
_Formatar_Banco_de_Dados                          text41       007124
_Formatar_Dados_de_Seguranca                      text127      00908C
_Formatar_Datalog                                 text126      008E0E
_Formatar_Lista_de_Receitas                       text123      0093EE
_Gerenciador_de_Senha                             text117      0059C4
_Gerenciador_de_Senha_Global                      text114      004C3C
_Global_Aquecimento_Switch                        text69       008D3C
_Grava_Info_Aquecimento                           text52       004DCE
_Grava_Receita                                    text124      0081E8
_Gravar_Status_da_Senha_Global                    text116      009DD6
_I2C_Master_Init                                  text111      0084AC
_I2C_Master_Read                                  text86       008F36
_I2C_Master_RepeatedStart                         text85       009E18
_I2C_Master_Start                                 text147      009D5E
_I2C_Master_Stop                                  text146      009E34
_I2C_Master_Wait                                  text148      0098F6
_I2C_Master_Write                                 text145      009DFA
_INTCON2bits                                      (abs)        000FF1
_INTCONbits                                       (abs)        000FF2
_IPR1bits                                         (abs)        000F9F
_Icones_de_alarmes                                text68       008B60
_Incrementa_Contador_de_Repique_do_Vacuo          text49       009758
_Index_Receita                                    bssCOMRAM    000072
_Index_Sel_Rec                                    bssBANK1     0001B0
_Ligar_Cargas_Compassadamente                     text106      00457C
_LoadLiofilizadorOnMemory                         text53       00720A
_MSG_Deseja_Encerrar_Processo                     bssBANK1     0001B1
_MenorCanalLivre                                  text105      009220
_MonitorBuffer                                    bssBANK1     0001AE
_My_ADC_init                                      text104      009E26
_OSCCONbits                                       (abs)        000FD3
_OSCTUNEbits                                      (abs)        000F9B
_PIE1bits                                         (abs)        000F9D
_PIR1bits                                         (abs)        000F9E
_PORTBbits                                        (abs)        000F81
_PORTDbits                                        (abs)        000F83
_PROCULUS_Buffer_to_Proculus                      text45       00602E
_PROCULUS_Buzzer                                  text137      0098C4
_PROCULUS_Clean_All_Line_Graphic                  text102      009DC2
_PROCULUS_Clear_Line_Graphic                      text103      009D2A
_PROCULUS_Control_Activation                      text135      0091D0
_PROCULUS_Get_Page                                text136      007BF8
_PROCULUS_NOK                                     text122      009C4E
_PROCULUS_OK                                      text121      0092BC
_PROCULUS_Popup                                   text134      009E50
_PROCULUS_REG_Read                                text120      007B30
_PROCULUS_REG_Write                               text139      008BE2
_PROCULUS_Read_RTC                                text154      0050EA
_PROCULUS_Show_Screen                             text101      009D10
_PROCULUS_TPFLAG_Read                             text119      009DE8
_PROCULUS_TPFLAG_Write                            text118      009DAA
_PROCULUS_VP_Read                                 text133      006D62
_PROCULUS_VP_Read_Double32                        text24       009A90
_PROCULUS_VP_Read_Int16                           text13       009A12
_PROCULUS_VP_Read_String                          text108      009D44
_PROCULUS_VP_Read_UInt16                          text132      009BE4
_PROCULUS_VP_Write                                text171      00829C
_PROCULUS_VP_Write_Int16                          text12       009C70
_PROCULUS_VP_Write_Long32                         text115      00930A
_PROCULUS_VP_Write_String                         text153      009B06
_PROCULUS_VP_Write_UInt16                         text170      009CF0
_PROCULUS_Write_RTC                               text29       00615E
_PROCULUS_graphic_plot                            text166      008E74
_Plotar_Grafico_Gravado                           text96       001EF2
_Plotar_Grafico_Gravado$5017                      cstackBANK0  0000BE
_RBIF                                             (abs)        007F90
_RCIE                                             (abs)        007CED
_RCREG                                            (abs)        000FAE
_RCSTAbits                                        (abs)        000FAB
_RecallBlackoutStatus                             text95       007CC0
_Recarregar_Parametros_de_Configuracao            text11       009E62
_RelatorioTecnico                                 text80       007E48
_Rele_Comum_Aquecimento                           text70       009CB0
_SEND_REPLY_OK                                    text9        009E0A
_SPBRG                                            (abs)        000FAF
_SSPADD                                           (abs)        000FC8
_SSPBUF                                           (abs)        000FC9
_SSPCON1                                          (abs)        000FC6
_SSPCON2                                          (abs)        000FC5
_SSPCON2bits                                      (abs)        000FC5
_SSPSTAT                                          (abs)        000FC7
_SaveBlackoutStatusRuning                         text74       008350
_SaveLiofilizadorOnMemory                         text42       00703C
_Seg_Aq_cond                                      bssBANK1     00017D
_Seg_Aq_vacuo                                     bssBANK1     00017B
_Seg_Condensador                                  bssBANK1     000181
_Seg_Vacuo                                        bssBANK1     00017F
_Send_To_Slave                                    text165      004AA8
_Send_to_PC                                       text8        0097C4
_Set_Receita                                      text73       00799E
_ShowAndSetSlaveParameters                        text18       00628A
_ShowHardwareInfo                                 text89       003D0E
_ShowMessage                                      text40       008600
_ShowSensorRealTimeHS                             text65       00231A
_ShowStaticValueGrid                              text39       005578
_T0CONbits                                        (abs)        000FD5
_T1CKPS0                                          (abs)        007E6C
_T1CKPS1                                          (abs)        007E6D
_T1OSCEN                                          (abs)        007E6B
_T1RUN                                            (abs)        007E6E
_TMR0                                             (abs)        000FD6
_TMR1CS                                           (abs)        007E69
_TMR1H                                            (abs)        000FCF
_TMR1L                                            (abs)        000FCE
_TMR1ON                                           (abs)        007E68
_TRISA                                            (abs)        000F92
_TRISB                                            (abs)        000F93
_TRISC                                            (abs)        000F94
_TRISCbits                                        (abs)        000F94
_TRISD                                            (abs)        000F95
_TRISDbits                                        (abs)        000F95
_TRISE                                            (abs)        000F96
_TXREG                                            (abs)        000FAD
_TXSTAbits                                        (abs)        000FAC
_Tamanho_Display                                  bssBANK0     0000EE
_TrendColor                                       bssBANK1     000137
_TrendCurveFuncao                                 text32       00197E
_TrendCurveFuncao$2429                            cstackCOMRAM 000035
_USART_init                                       text66       008CCE
_USART_input_buffer                               text159      009584
_USART_put_int                                    text173      009E42
_USART_put_string                                 text10       0089D6
_USART_putc                                       text174      009D78
_USART_to_Protocol                                text6        0074A6
_Upload_Data_to_Slave                             text38       004746
_Vaccum_Switch                                    text64       009C90
_Vacuometro                                       bssBANK1     000185
_Voltimetro                                       bssBANK1     000183
__HRAM                                            (abs)        000000
__Habs1                                           abs1         000000
__Hbank0                                          bank0        000000
__Hbank1                                          bank1        000000
__Hbank10                                         bank10       000000
__Hbank11                                         bank11       000000
__Hbank12                                         bank12       000000
__Hbank13                                         bank13       000000
__Hbank14                                         bank14       000000
__Hbank15                                         bank15       000000
__Hbank2                                          bank2        000000
__Hbank3                                          bank3        000000
__Hbank4                                          bank4        000000
__Hbank5                                          bank5        000000
[...]
intlevel0                                         text         000000
intlevel1                                         text         000000
intlevel2                                         text         000000
intlevel3                                         text         000000
isa$std                                           (abs)        000001
isa$xinst                                         (abs)        000000
itoa@base                                         cstackCOMRAM 00001C
itoa@i                                            cstackCOMRAM 000023
itoa@isNegative                                   cstackCOMRAM 000020
itoa@num                                          cstackCOMRAM 000018
itoa@rem                                          cstackCOMRAM 000021
itoa@str                                          cstackCOMRAM 00001A
main@canal                                        bssCOMRAM    00006F
main@canal_aleatorio                              cstackBANK3  000372
main@canal_sequencial                             cstackBANK3  00037F
main@dica                                         cstackBANK3  000373
main@i                                            cstackBANK3  00037B
main@i_2015                                       cstackBANK3  00037C
main@i_2033                                       cstackBANK3  00037E
main@i_2035                                       cstackBANK3  00037D
main@reset_usart                                  cstackBANK3  000377
my_delay_ms@i                                     cstackCOMRAM 00000E
my_delay_ms@time                                  cstackCOMRAM 000009
my_delay_ms_CLRWDT@i                              cstackCOMRAM 00000E
my_delay_ms_CLRWDT@time                           cstackCOMRAM 000009
my_delay_ms_TMR1@i                                cstackCOMRAM 00000E
my_delay_ms_TMR1@time                             cstackCOMRAM 000009
my_pow@exp                                        cstackCOMRAM 00001D
my_pow@i                                          cstackCOMRAM 000026
my_pow@rad                                        cstackCOMRAM 00001B
my_pow@resposta                                   cstackCOMRAM 000027
ouve_comunicacao@count                            bssBANK1     0001A9
ouve_comunicacao@tempo                            cstackBANK0  0000BD
pagina_19@flag_upLoadTambem                       cstackCOMRAM 000047
pagina_19@i                                       cstackCOMRAM 000048
pagina_19@i_2324                                  cstackCOMRAM 000049
pagina_19@i_2330                                  cstackCOMRAM 00004A
pagina_19@inicio                                  cstackCOMRAM 000046
pagina_25@date                                    cstackCOMRAM 000020
pagina_25@time                                    cstackCOMRAM 00002A
pagina_31@confirma_senha                          cstackBANK0  0000AA
pagina_31@nova_senha                              cstackBANK0  0000AE
pagina_31@senhavetor                              cstackBANK0  0000B2
pagina_47@receita                                 cstackCOMRAM 000021
pagina_49@i                                       cstackCOMRAM 00003A
pagina_49@i_2307                                  cstackCOMRAM 00003B
pagina_49@i_2308                                  cstackCOMRAM 00003C
pagina_49@liofilizador                            cstackCOMRAM 00003D
placasFilhasInit@i                                cstackCOMRAM 00001C
print@MAXVP                                       cstackCOMRAM 00006D
print@texto                                       cstackCOMRAM 000020
print@textolocal                                  cstackCOMRAM 000022
print@vp_roll                                     cstackCOMRAM 00006B
reverse@c                                         cstackCOMRAM 000012
reverse@i                                         cstackCOMRAM 000014
reverse@j                                         cstackCOMRAM 000016
reverse@length                                    cstackCOMRAM 000010
reverse@s                                         cstackCOMRAM 00000D
roundf@F528                                       bssBANK1     000165
roundf@e                                          cstackBANK0  000084
roundf@u                                          cstackBANK0  00008A
roundf@x                                          cstackCOMRAM 000061
roundf@y                                          cstackBANK0  00008E
save_datalog@add_datalog                          cstackBANK0  00009A
save_datalog@bb                                   cstackBANK0  0000A1
save_datalog@index                                cstackBANK0  0000A5
showMemoryInfo@canal                              cstackBANK0  0000E6
showMemoryInfo@falha                              cstackBANK0  0000E5
showMemoryInfo@msg                                cstackBANK0  0000B2
showMemoryInfo@placa                              cstackBANK0  0000E7
showMemoryInfo@texto                              cstackBANK0  000080
showMemoryInfo@tipo                               cstackBANK0  0000E4
stackhi                                           (abs)        000F7F
stacklo                                           (abs)        0007C4
start                                             init         000292
start_initialization                              cinit        008400
str2bcd@value                                     cstackCOMRAM 000009
strcat@dest                                       cstackCOMRAM 000017
strcat@src                                        cstackCOMRAM 000019
strcpy@d                                          cstackCOMRAM 000015
strcpy@dest                                       cstackCOMRAM 00000D
strcpy@s                                          cstackCOMRAM 000013
strcpy@src                                        cstackCOMRAM 00000F
strlen@a                                          cstackCOMRAM 00000B
strlen@s                                          cstackCOMRAM 000009
testa_modo_conectado@add                          cstackCOMRAM 000021
testa_modo_conectado@estado                       cstackCOMRAM 000023
ttemp5                                            temp         000078
ttemp6                                            temp         00007B
ttemp7                                            temp         00007F
ultoa@digit                                       cstackCOMRAM 000041
ultoa@num                                         cstackCOMRAM 000016
ultoa@radix                                       cstackCOMRAM 00001C
ultoa@str                                         cstackCOMRAM 00001A
ultoa@str_loc                                     cstackCOMRAM 00003F
ultoa@temp                                        cstackCOMRAM 00001E
ultoa@temp_loc                                    cstackCOMRAM 000043
wtemp8                                            temp         000078


MODULE INFORMATION

Module		Function		Class		Link	Load	Size
C:\Program Files\Microchip\xc8\v2.32\pic\sources\c99\common\awdiv.c
		___awdiv       		CODE           	8A5A	0000	132

C:\Program Files\Microchip\xc8\v2.32\pic\sources\c99\common\awdiv.c estimated size: 132

C:\Program Files\Microchip\xc8\v2.32\pic\sources\c99\common\sprcadd.c
		___flsub       		CODE           	9436	0000	70
		___fladd       		CODE           	377A	0000	780

C:\Program Files\Microchip\xc8\v2.32\pic\sources\c99\common\sprcadd.c estimated size: 850

C:\Program Files\Microchip\xc8\v2.32\pic\sources\c99\common\flneg.c
		___flneg       		CODE           	99B8	0000	46

C:\Program Files\Microchip\xc8\v2.32\pic\sources\c99\common\flneg.c estimated size: 46

C:\Program Files\Microchip\xc8\v2.32\pic\sources\c99\common\lbdiv.c
		___lbdiv       		CODE           	96AE	0000	58

C:\Program Files\Microchip\xc8\v2.32\pic\sources\c99\common\lbdiv.c estimated size: 58

usart.c
		_USART_input_buffer		CODE           	9584	0000	62
		_USART_putc    		CODE           	9D78	0000	26
		_USART_to_Protocol		CODE           	74A6	0000	218
		_USART_put_string		CODE           	89D6	0000	132
		_USART_put_int 		CODE           	9E42	0000	14
		_USART_init    		CODE           	8CCE	0000	110

usart.c estimated size: 562

I2C.c
		_I2C_Master_Read		CODE           	8F36	0000	88
		_I2C_Master_Wait		CODE           	98F6	0000	50
		_I2C_Master_Init		CODE           	84AC	0000	172
		_I2C_Master_Stop		CODE           	9E34	0000	14
		_I2C_Master_RepeatedStart		CODE           	9E18	0000	14
		_I2C_Master_Write		CODE           	9DFA	0000	16
		_I2C_Master_Start		CODE           	9D5E	0000	26

I2C.c estimated size: 380

proculus.c
		_PROCULUS_Clean_All_Line_Graphic		CODE           	9DC2	0000	20
		_PROCULUS_OK   		CODE           	92BC	0000	78
		_PROCULUS_VP_Read		CODE           	6D62	0000	246
		_PROCULUS_NOK  		CODE           	9C4E	0000	34
		_PROCULUS_REG_Read		CODE           	7B30	0000	200
		_PROCULUS_TPFLAG_Write		CODE           	9DAA	0000	24
		_PROCULUS_Get_Page		CODE           	7BF8	0000	200
		_PROCULUS_Clear_Line_Graphic		CODE           	9D2A	0000	26
		_PROCULUS_Show_Screen		CODE           	9D10	0000	26
		_PROCULUS_Control_Activation		CODE           	91D0	0000	80
		_PROCULUS_VP_Write_String		CODE           	9B06	0000	38
		_PROCULUS_VP_Write		CODE           	829C	0000	180
		_PROCULUS_Popup		CODE           	9E50	0000	10
		_PROCULUS_Write_RTC		CODE           	615E	0000	300
		_PROCULUS_VP_Read_Int16		CODE           	9A12	0000	42
		_PROCULUS_VP_Read_String		CODE           	9D44	0000	26
		_PROCULUS_VP_Read_UInt16		CODE           	9BE4	0000	36
		_PROCULUS_REG_Write		CODE           	8BE2	0000	124
		_PROCULUS_VP_Write_Long32		CODE           	930A	0000	76
		_PROCULUS_Buzzer		CODE           	98C4	0000	50
		_PROCULUS_Buffer_to_Proculus		CODE           	602E	0000	304
		_PROCULUS_Read_RTC		CODE           	50EA	0000	392
		_PROCULUS_graphic_plot		CODE           	8E74	0000	98
		_PROCULUS_TPFLAG_Read		CODE           	9DE8	0000	18
		_PROCULUS_VP_Write_UInt16		CODE           	9CF0	0000	32
		_PROCULUS_VP_Write_Int16		CODE           	9C70	0000	32
		_PROCULUS_VP_Read_Double32		CODE           	9A90	0000	40

proculus.c estimated size: 2732

eeprom.c
		_EEPROM_Write_String		CODE           	9504	0000	66
		_EEPROM_Read_Byte		CODE           	9720	0000	56
		_EEPROM_Write_Buffer		CODE           	9860	0000	50
		_EEPROM_Write_Byte		CODE           	8ED6	0000	96
		_EEPROM_Read_Integer		CODE           	9674	0000	58
		_EEPROM_Write_Long32		CODE           	998A	0000	46
		_EEPROM_Read_String		CODE           	978E	0000	54
		_EEPROM_Write_Integer		CODE           	9AE0	0000	38
		_EEPROM_Read_Buffer		CODE           	995A	0000	48
		_EEPROM_Read_Long32		CODE           	95C2	0000	60

eeprom.c estimated size: 572

C:\Program Files\Microchip\xc8\v2.32\pic\sources\c99\common\llmod.c
		___llmod       		CODE           	8DA8	0000	102

C:\Program Files\Microchip\xc8\v2.32\pic\sources\c99\common\llmod.c estimated size: 102

C:\Program Files\Microchip\xc8\v2.32\pic\sources\c99\common\Umul16.c
		___wmul        		CODE           	9B52	0000	38

C:\Program Files\Microchip\xc8\v2.32\pic\sources\c99\common\Umul16.c estimated size: 38

adc.c
		_My_ADC_init   		CODE           	9E26	0000	14

adc.c estimated size: 14

isr.c
		_isr           		CODE           	0018	0000	634

isr.c estimated size: 634

shared
		__initialization		CODE           	8400	0000	158
		_toint         		MEDIUMCONST    	0000	0000	0

shared estimated size: 158

C:\Program Files\Microchip\xc8\v2.32\pic\sources\c99\common\sprcmul.c
		___flmul       		CODE           	3136	0000	812

C:\Program Files\Microchip\xc8\v2.32\pic\sources\c99\common\sprcmul.c estimated size: 812

C:\Program Files\Microchip\xc8\v2.32\pic\sources\c99\common\awmod.c
		___awmod       		CODE           	8C5E	0000	112

C:\Program Files\Microchip\xc8\v2.32\pic\sources\c99\common\awmod.c estimated size: 112

Liofilizador Placa Mae.c
		_Upload_Data_to_Slave		CODE           	4746	0000	454
		_testa_modo_conectado		CODE           	7730	0000	210
		_Gerenciador_de_Senha		CODE           	59C4	0000	352
		_Check_And_Send_Capture_Datalog		CODE           	9356	0000	76
		_Send_to_PC    		CODE           	97C4	0000	52
		_FAT8_Show     		CODE           	7F06	0000	188
		_TrendCurveFuncao		CODE           	197E	0000	1396
		_Carregar_Display_Schematic_Color		CODE           	56F0	0000	372
		_SaveLiofilizadorOnMemory		CODE           	703C	0000	232
		_Gerenciador_de_Senha_Global		CODE           	4C3C	0000	402
		_global_datalog		CODE           	5EF8	0000	310
		_gravaFilhaConfere		CODE           	64DA	0000	296
		_Send_To_Slave 		CODE           	4AA8	0000	404
		_Formatar_Lista_de_Receitas		CODE           	93EE	0000	72
		_SaveBlackoutStatusRuning		CODE           	8350	0000	176
		_FAT8_Save     		CODE           	3F64	0000	566
		_Set_Receita   		CODE           	799E	0000	202
		_Plotar_Grafico_Gravado		CODE           	1EF2	0000	1064
		_Gravar_Status_da_Senha_Global		CODE           	9DD6	0000	18
		_global_refrigeracao_fluido		CODE           	8558	0000	168
		_MenorCanalLivre		CODE           	9220	0000	78
		_main          		CODE           	0296	0000	4012
		_Condensador_Switch		CODE           	9CD0	0000	32
		_ShowMessage   		CODE           	8600	0000	148
		_LoadLiofilizadorOnMemory		CODE           	720A	0000	224
		_Decodify_Command		CODE           	1242	0000	1852
		_Exibe_Tempo_de_Processo		CODE           	8722	0000	142
		_Carregar_Parametros_de_Seguranca		CODE           	7D86	0000	194
		_gravaMaeConfere		CODE           	78D2	0000	204
		_Ligar_Cargas_Compassadamente		CODE           	457C	0000	458
		_ouve_comunicacao		CODE           	6602	0000	278
		_Exibe_Hora_Data		CODE           	9546	0000	62
		_RecallBlackoutStatus		CODE           	7CC0	0000	198
		_pagina_31     		CODE           	2AC0	0000	836
		_pagina_23     		CODE           	6F4A	0000	242
		_pagina_15     		CODE           	963A	0000	58
		_pagina_25     		CODE           	9180	0000	80
		_pagina_47     		CODE           	8694	0000	142
		_pagina_19     		CODE           	419A	0000	524
		_pagina_29     		CODE           	947C	0000	68
		_pagina_49     		CODE           	2740	0000	896
		_Comando_Display		CODE           	88C8	0000	136
		_FAT8_Load     		CODE           	43A6	0000	470
		_Grava_Receita 		CODE           	81E8	0000	180
		_ShowHardwareInfo		CODE           	3D0E	0000	598
		_ShowSensorRealTimeHS		CODE           	231A	0000	1062
		_Carrega_Tupla_Receita		CODE           	765A	0000	214
		_DataBaseBackupMain		CODE           	682E	0000	274
		_Incrementa_Contador_de_Repique_do_Vacuo		CODE           	9758	0000	54
		_buscaIndex    		CODE           	9B9C	0000	36
		_Contagem_Tempo_de_Processo		CODE           	8FE4	0000	84
		_Format_FAT8_Table		CODE           	73CA	0000	220
		_Carregar_tempo_de_datalog		CODE           	9892	0000	50
		_DelayBackupReturn		CODE           	6940	0000	272
		_Recarregar_Parametros_de_Configuracao		CODE           	9E62	0000	6
		_global_condensador		CODE           	63B2	0000	296
		_Atualizar_Lista_de_Receitas		CODE           	9D92	0000	24
		_global_aquecimento		CODE           	5B24	0000	346
		_Grava_Info_Aquecimento		CODE           	4DCE	0000	400
		_save_datalog  		CODE           	6B5C	0000	264
		_Formatar_Dados_de_Seguranca		CODE           	908C	0000	82
		_Rele_Comum_Aquecimento		CODE           	9CB0	0000	32
		_SEND_REPLY_OK 		CODE           	9E0A	0000	14
		_Formatar_Banco_de_Dados		CODE           	7124	0000	230
		_FAT8_Write_Process_Inicialize		CODE           	5DBE	0000	314
		_gravarStatusDosBotoes		CODE           	9C2C	0000	34
		_showMemoryInfo		CODE           	3462	0000	792
		_RelatorioTecnico		CODE           	7E48	0000	190
		_ShowAndSetSlaveParameters		CODE           	628A	0000	296
		_Find_Fat8_Free		CODE           	9A3C	0000	42
		_Find_Fat8_Running		CODE           	9AB8	0000	40
		_ShowStaticValueGrid		CODE           	5578	0000	376
		_placasFilhasInit		CODE           	96E8	0000	56
		_Icones_de_alarmes		CODE           	8B60	0000	130
		_FAT8_Write_Process_Finalize		CODE           	72EA	0000	224
		_Formatar_Datalog		CODE           	8E0E	0000	102
		_Exibe_Receita 		CODE           	6718	0000	278
		_Carregar_Status_da_Senha_Global		CODE           	8950	0000	134
		_Global_Aquecimento_Switch		CODE           	8D3C	0000	108
		_global_vacuo  		CODE           	5864	0000	352
		_Vaccum_Switch 		CODE           	9C90	0000	32
		_Comando_Protocolo_Serial		CODE           	7A68	0000	200

Liofilizador Placa Mae.c estimated size: 26782

C:\Program Files\Microchip\xc8\v2.32\pic\sources\c99\common\sprcdiv.c
		___fldiv       		CODE           	3A86	0000	648

C:\Program Files\Microchip\xc8\v2.32\pic\sources\c99\common\sprcdiv.c estimated size: 648

C:\Program Files\Microchip\xc8\v2.32\pic\sources\c99\common\roundf.c
		_roundf        		CODE           	2E04	0000	818

C:\Program Files\Microchip\xc8\v2.32\pic\sources\c99\common\roundf.c estimated size: 818

C:\Program Files\Microchip\xc8\v2.32\pic\sources\c99\common\lwdiv.c
		___lwdiv       		CODE           	90DE	0000	82

C:\Program Files\Microchip\xc8\v2.32\pic\sources\c99\common\lwdiv.c estimated size: 82

C:\Program Files\Microchip\xc8\v2.32\pic\sources\c99\common\strcat.c
		_strcat        		CODE           	9B2C	0000	38

C:\Program Files\Microchip\xc8\v2.32\pic\sources\c99\common\strcat.c estimated size: 38

C:\Program Files\Microchip\xc8\v2.32\pic\sources\c99\common\fltol.c
		___fltol       		CODE           	7FC2	0000	188

C:\Program Files\Microchip\xc8\v2.32\pic\sources\c99\common\fltol.c estimated size: 188

EEPROM_24C1025.c
		_EEPROM_24C1025_Write_Long		CODE           	982C	0000	52
		_EEPROM_24C1025_Read_Str		CODE           	4F5E	0000	396
		_EEPROM_24C1025_Write_Int		CODE           	99E6	0000	44
		_EEPROM_24C1025_Read_Byte		CODE           	9BC0	0000	36
		_EEPROM_24C1025_Read_Buffer		CODE           	53F8	0000	384
		_EEPROM_24C1025_Read_Buffer_to_USART		CODE           	490C	0000	412
		_EEPROM_24C1025_Write_Byte		CODE           	9C08	0000	36
		_EEPROM_24C1025_Read_Long		CODE           	807E	0000	182
		_EEPROM_24C1025_Write_Buffer		CODE           	5272	0000	390
		_EEPROM_24C1025_Fill_All		CODE           	9130	0000	80
		_EEPROM_24C1025_Read_Int		CODE           	97F8	0000	52
		_EEPROM_24C1025_Write_Str		CODE           	6A50	0000	268

EEPROM_24C1025.c estimated size: 2332

C:\Program Files\Microchip\xc8\v2.32\pic\sources\c99\common\lbmod.c
		___lbmod       		CODE           	9A66	0000	42

C:\Program Files\Microchip\xc8\v2.32\pic\sources\c99\common\lbmod.c estimated size: 42

C:\Program Files\Microchip\xc8\v2.32\pic\sources\c99\common\xxtofl.c
		___xxtofl      		CODE           	5C7E	0000	320

C:\Program Files\Microchip\xc8\v2.32\pic\sources\c99\common\xxtofl.c estimated size: 320

C:\Program Files\Microchip\xc8\v2.32\pic\sources\c99\common\__lldiv.c
		___lldiv       		CODE           	8ADE	0000	130

C:\Program Files\Microchip\xc8\v2.32\pic\sources\c99\common\__lldiv.c estimated size: 130

timedate.c
		_my_delay_ms_CLRWDT		CODE           	926E	0000	78
		_my_delay_ms_TMR1		CODE           	8F8E	0000	86
		_my_delay_ms   		CODE           	93A2	0000	76

timedate.c estimated size: 240

C:\Program Files\Microchip\xc8\v2.32\pic\sources\c99\common\strlen.c
		_strlen        		CODE           	94C0	0000	68

C:\Program Files\Microchip\xc8\v2.32\pic\sources\c99\common\strlen.c estimated size: 68

C:\Program Files\Microchip\xc8\v2.32\pic\sources\c99\common\flge.c
		___flge        		CODE           	7802	0000	208

C:\Program Files\Microchip\xc8\v2.32\pic\sources\c99\common\flge.c estimated size: 208

util.c.c
		_my_pow        		CODE           	883C	0000	140
		_clear_screen  		CODE           	95FE	0000	60
		_print         		CODE           	7580	0000	218
		_str2bcd       		CODE           	9B78	0000	36
		_itoa          		CODE           	6C64	0000	254
		_ultoa         		CODE           	6E58	0000	242
		_reverse       		CODE           	87B0	0000	140
		_bcd2str       		CODE           	9928	0000	50

util.c.c estimated size: 1140

C:\Program Files\Microchip\xc8\v2.32\pic\sources\c99\common\strcpy.c
		_strcpy        		CODE           	9038	0000	84

C:\Program Files\Microchip\xc8\v2.32\pic\sources\c99\common\strcpy.c estimated size: 84

