Microchip MPLAB XC8 Compiler V2.10 ()

Linker command line:

-W-3 --edf=C:\Program Files (x86)\Microchip\xc8\v2.10\pic\dat\en_msgs.txt \
  -cs -h+dist/default/production\Liofilizador_Mother_Board.X.production.sym \
  --cmf=dist/default/production\Liofilizador_Mother_Board.X.production.cmf \
  -z -Q18F4620 -oC:\Users\Dell\AppData\Local\Temp\sgrs.2 \
  --defsym=__MPLAB_BUILD=1 \
  -Mdist/default/production/Liofilizador_Mother_Board.X.production.map -E1 \
  -ver=XC8 --acfsm=1493 -ASTACK=0666h-0F7Fh -pstack=STACK -ACODE=00h-0FFFFh \
  -ACONST=00h-0FFFFh -ASMALLCONST=01000h-010FFhx240 \
  -AMEDIUMCONST=01000h-0FFFFh -ACOMRAM=01h-07Fh -AABS1=00h-0F7Fh \
  -ABIGRAM=01h-0F7Fh -ARAM=080h-0FFh,0100h-01FFhx14,0F00h-0F7Fh \
  -ABANK0=080h-0FFh -ABANK1=0100h-01FFh -ABANK2=0200h-02FFh \
  -ABANK3=0300h-03FFh -ABANK4=0400h-04FFh -ABANK5=0500h-05FFh \
  -ABANK6=0600h-06FFh -ABANK7=0700h-07FFh -ABANK8=0800h-08FFh \
  -ABANK9=0900h-09FFh -ABANK10=0A00h-0AFFh -ABANK11=0B00h-0BFFh \
  -ABANK12=0C00h-0CFFh -ABANK13=0D00h-0DFFh -ABANK14=0E00h-0EFFh \
  -ABANK15=0F00h-0F7Fh -ASFR=0F80h-0FFFh \
  -preset_vec=00h,intcode,intcodelo=018h,powerup,init -pramtop=01000h \
  -psmallconst=SMALLCONST -pmediumconst=MEDIUMCONST -pconst=CONST \
  -AFARRAM=00h-00h -ACONFIG=0300000h-030000Dh -pconfig=CONFIG \
  -AIDLOC=0200000h-0200007h -pidloc=IDLOC -AEEDATA=0F00000h-0F003FFh \
  -peeprom_data=EEDATA \
  -prdata=COMRAM,nvrram=COMRAM,nvbit=COMRAM,rbss=COMRAM,rbit=COMRAM \
  -pfarbss=FARRAM,fardata=FARRAM,nvFARRAM=FARRAM \
  -pintsave_regs=BIGRAM,bigbss=BIGRAM,bigdata=BIGRAM -pbss=RAM \
  -pidata=CODE,irdata=CODE,ibigdata=CODE,ifardata=CODE -prparam=COMRAM \
  C:\Users\Dell\AppData\Local\Temp\sgrs.o \
  dist/default/production\Liofilizador_Mother_Board.X.production.o 

Object code version is 3.11

Machine type is 18F4620

Call graph: (short form)




                Name                               Link     Load   Length Selector   Space Scale
C:\Users\Dell\AppData\Local\Temp\sgrs.o
                init                                2D0      2D0        4        C       0
                reset_vec                             0        0        4        0       0
                idloc                            200000   200000        8   200000       0
                config                           300000   300000        E   300000       0
dist/default/production\Liofilizador_Mother_Board.X.production.o
                intcodelo                            18       18      2B8        C       0
                temp                                 71       71        1        1       1
                mediumconst                        FC88     FC88      378     7E44       0
                text143                            6BEC     6BEC        A        C       0
                text142                            6AEC     6AEC       1A        C       0
                text141                            6BB4     6BB4        E        C       0
                text140                            6264     6264       4C        C       0
                text139                            543E     543E       92        C       0
                text138                            5B7E     5B7E       6E        C       0
                text137                            65A6     65A6       38        C       0
                text136                            51E2     51E2       A2        C       0
                text135                            6A98     6A98       20        C       0
                text134                            5A1E     5A1E       80        C       0
                text133                            6980     6980       26        C       0
                text132                            5676     5676       8C        C       0
                text131                            5E9C     5E9C       5A        C       0
                text130                            4740     4740       E6        C       0
                text129                            1DB6     1DB6      32C        C       0
                text128                            4F1A     4F1A       BA        C       0
                text127                            3AB8     3AB8      140        C       0
                text126                            4480     4480       F2        C       0
                text125                            6B36     6B36       18        C       0
                text124                            4186     4186      10A        C       0
                text123                            5D24     5D24       64        C       0
                text122                            5FF0     5FF0       52        C       0
                text121                            677C     677C       32        C       0
                text120                            656C     656C       3A        C       0
                text119                            5D88     5D88       60        C       0
                text118                            695A     695A       26        C       0
                text117                            637E     637E       42        C       0
                text116                            4DA4     4DA4       BC        C       0
                text115                            6AD2     6AD2       1A        C       0
                text114                            6A12     6A12       24        C       0
                text113                            3E44     3E44      120        C       0
                text112                            4572     4572       E8        C       0
                text111                            5F4A     5F4A       54        C       0
                text110                            465A     465A       E6        C       0
                text109                            6A36     6A36       22        C       0
                text108                            61CA     61CA       4E        C       0
                text107                            6042     6042       50        C       0
                text106                            6BE2     6BE2        A        C       0
                text105                            62F8     62F8       44        C       0
                text104                            6934     6934       26        C       0
                text103                            690E     690E       26        C       0
                text102                            5318     5318       94        C       0
                text101                            6680     6680       34        C       0
                text100                            664A     664A       36        C       0
                text99                             33E4     33E4      178        C       0
                text98                             2A4A     2A4A      1C6        C       0
                text97                             2846     2846      204        C       0
                text96                             4C22     4C22       C2        C       0
                text95                             4B60     4B60       C2        C       0
                text94                             69EE     69EE       24        C       0
                text93                             3BF8     3BF8      12C        C       0
                text92                             617C     617C       4E        C       0
                text91                             674A     674A       32        C       0
                text90                             633C     633C       42        C       0
                text89                             64F6     64F6       3C        C       0
                text88                             683C     683C       2E        C       0
                text87                             6B86     6B86       12        C       0
                text86                             68C0     68C0       28        C       0
                text85                             6218     6218       4C        C       0
                text84                             1A88     1A88      32E        C       0
                text83                             48FE     48FE       D6        C       0
                text82                             6AB8     6AB8       1A        C       0
                text81                             55EA     55EA       8C        C       0
                text80                             3F64     3F64      116        C       0
                text79                             6B1E     6B1E       18        C       0
                text78                             508C     508C       B4        C       0
                text77                             3972     3972      146        C       0
                text76                             1708     1708      380        C       0
                text75                             578C     578C       88        C       0
                text74                             6B74     6B74       12        C       0
                text73                             6B4E     6B4E       14        C       0
                text72                             6BD8     6BD8        A        C       0
                text71                             6BCE     6BCE        A        C       0
                text70                             3268     3268      17C        C       0
                text69                             5BEC     5BEC       6C        C       0
                text68                             647C     647C       3E        C       0
                text67                             6BF6     6BF6        8        C       0
                text66                             30EA     30EA      17E        C       0
                text65                             67DE     67DE       30        C       0
                text64                             6614     6614       36        C       0
                text63                             2DD4     2DD4      18C        C       0
                text62                             68E8     68E8       26        C       0
                text61                             69CA     69CA       24        C       0
                text60                             407A     407A      10C        C       0
                text59                             5898     5898       84        C       0
                text58                             6BA6     6BA6        E        C       0
                text57                             680E     680E       2E        C       0
                text56                             686A     686A       2C        C       0
                text55                             20E2     20E2      2D8        C       0
                text54                             4CE4     4CE4       C0        C       0
                text53                             4E60     4E60       BA        C       0
                text52                             643E     643E       3E        C       0
                text51                             6718     6718       32        C       0
                text50                             355C     355C      16C        C       0
                text49                             6400     6400       3E        C       0
                text48                             6532     6532       3A        C       0
                text47                             6896     6896       2A        C       0
                text46                             53AC     53AC       92        C       0
                text45                             5F9E     5F9E       52        C       0
                text44                             5CBE     5CBE       66        C       0
                text43                             62B0     62B0       48        C       0
                text42                             4FD4     4FD4       B8        C       0
                text41                             6B62     6B62       12        C       0
                text40                             6B06     6B06       18        C       0
                text39                             36C8     36C8      15C        C       0
                text38                             2F60     2F60      18A        C       0
                text37                             591C     591C       82        C       0
                text36                             5E42     5E42       5A        C       0
                text35                             5702     5702       8A        C       0
                text34                             6B98     6B98        E        C       0
                text33                             5284     5284       94        C       0
                text32                             66E6     66E6       32        C       0
                text31                             63C0     63C0       40        C       0
                text30                             49D4     49D4       CA        C       0
                text29                             54D0     54D0       8E        C       0
                text28                             5814     5814       84        C       0
                text27                             5B0E     5B0E       70        C       0
                text26                             555E     555E       8C        C       0
                text25                             4290     4290       FE        C       0
                text24                             612E     612E       4E        C       0
                text23                             5140     5140       A2        C       0
                text22                             2C10     2C10      1C4        C       0
                text21                             3D24     3D24      120        C       0
                text20                             23BA     23BA      284        C       0
                text19                             67AE     67AE       30        C       0
                text18                             66B4     66B4       32        C       0
                text17                             1184     1184      584        C       0
                text16                             599E     599E       80        C       0
                text15                             69A6     69A6       24        C       0
                text14                             5DE8     5DE8       5A        C       0
                text13                             4826     4826       D8        C       0
                text12                             6A78     6A78       20        C       0
                text11                             5A9E     5A9E       70        C       0
                text10                             60E0     60E0       4E        C       0
                text9                              6092     6092       4E        C       0
                text8                              65DE     65DE       36        C       0
                text7                              6A58     6A58       20        C       0
                text6                              3824     3824      14E        C       0
                text5                              5EF6     5EF6       54        C       0
                text4                              64BA     64BA       3C        C       0
                text3                              263E     263E      208        C       0
                text2                              5C58     5C58       66        C       0
                text1                              438E     438E       F2        C       0
                text0                               2D4      2D4      EB0        C       0
                cstackCOMRAM                          1        1       60        1       1
                cstackBANK1                         100      100       92      100       1
                bssBIGRAM                           4AA      4AA      1BC      4AA       1
                bssBANK4                            400      400       AA      400       1
                bssBANK3                            300      300       EC      300       1
                bssBANK2                            200      200       F5      200       1
                dataBANK1                           1EF      1EF        4      100       1
                bssBANK1                            192      192       5D      100       1
                dataBANK0                            F4       F4        C       80       1
                bssBANK0                             80       80       74       80       1
                dataCOMRAM                           6F       6F        2        1       1
                bssCOMRAM                            61       61        E        1       1
                cinit                              4A9E     4A9E       C2        C       0
                idataBANK1                         6BFE     6BFE        4        C       0
                idataBANK0                         6BC2     6BC2        C        C       0
                idataCOMRAM                        6C02     6C02        2        C       0

TOTAL           Name                               Link     Load   Length     Space
        CLASS   STACK          

        CLASS   CODE           
                intcodelo                            18       18      2B8         0
                init                                2D0      2D0        4         0
                reset_vec                             0        0        4         0
                text143                            6BEC     6BEC        A         0
                text142                            6AEC     6AEC       1A         0
                text141                            6BB4     6BB4        E         0
                text140                            6264     6264       4C         0
                text139                            543E     543E       92         0
                text138                            5B7E     5B7E       6E         0
                text137                            65A6     65A6       38         0
                text136                            51E2     51E2       A2         0
                text135                            6A98     6A98       20         0
                text134                            5A1E     5A1E       80         0
                text133                            6980     6980       26         0
                text132                            5676     5676       8C         0
                text131                            5E9C     5E9C       5A         0
                text130                            4740     4740       E6         0
                text129                            1DB6     1DB6      32C         0
                text128                            4F1A     4F1A       BA         0
                text127                            3AB8     3AB8      140         0
                text126                            4480     4480       F2         0
                text125                            6B36     6B36       18         0
                text124                            4186     4186      10A         0
                text123                            5D24     5D24       64         0
                text122                            5FF0     5FF0       52         0
                text121                            677C     677C       32         0
                text120                            656C     656C       3A         0
                text119                            5D88     5D88       60         0
                text118                            695A     695A       26         0
                text117                            637E     637E       42         0
                text116                            4DA4     4DA4       BC         0
                text115                            6AD2     6AD2       1A         0
                text114                            6A12     6A12       24         0
                text113                            3E44     3E44      120         0
                text112                            4572     4572       E8         0
                text111                            5F4A     5F4A       54         0
                text110                            465A     465A       E6         0
                text109                            6A36     6A36       22         0
                text108                            61CA     61CA       4E         0
                text107                            6042     6042       50         0
                text106                            6BE2     6BE2        A         0
                text105                            62F8     62F8       44         0
                text104                            6934     6934       26         0
                text103                            690E     690E       26         0
                text102                            5318     5318       94         0
                text101                            6680     6680       34         0
                text100                            664A     664A       36         0
                text99                             33E4     33E4      178         0
                text98                             2A4A     2A4A      1C6         0
                text97                             2846     2846      204         0
                text96                             4C22     4C22       C2         0
                text95                             4B60     4B60       C2         0
                text94                             69EE     69EE       24         0
                text93                             3BF8     3BF8      12C         0
                text92                             617C     617C       4E         0
                text91                             674A     674A       32         0
                text90                             633C     633C       42         0
                text89                             64F6     64F6       3C         0
                text88                             683C     683C       2E         0
                text87                             6B86     6B86       12         0
                text86                             68C0     68C0       28         0
                text85                             6218     6218       4C         0
                text84                             1A88     1A88      32E         0
                text83                             48FE     48FE       D6         0
                text82                             6AB8     6AB8       1A         0
                text81                             55EA     55EA       8C         0
                text80                             3F64     3F64      116         0
                text79                             6B1E     6B1E       18         0
                text78                             508C     508C       B4         0
                text77                             3972     3972      146         0
                text76                             1708     1708      380         0
                text75                             578C     578C       88         0
                text74                             6B74     6B74       12         0
                text73                             6B4E     6B4E       14         0
                text72                             6BD8     6BD8        A         0
                text71                             6BCE     6BCE        A         0
                text70                             3268     3268      17C         0
                text69                             5BEC     5BEC       6C         0
                text68                             647C     647C       3E         0
                text67                             6BF6     6BF6        8         0
                text66                             30EA     30EA      17E         0
                text65                             67DE     67DE       30         0
                text64                             6614     6614       36         0
                text63                             2DD4     2DD4      18C         0
                text62                             68E8     68E8       26         0
                text61                             69CA     69CA       24         0
                text60                             407A     407A      10C         0
                text59                             5898     5898       84         0
                text58                             6BA6     6BA6        E         0
                text57                             680E     680E       2E         0
                text56                             686A     686A       2C         0
                text55                             20E2     20E2      2D8         0
                text54                             4CE4     4CE4       C0         0
                text53                             4E60     4E60       BA         0
                text52                             643E     643E       3E         0
                text51                             6718     6718       32         0
                text50                             355C     355C      16C         0
                text49                             6400     6400       3E         0
                text48                             6532     6532       3A         0
                text47                             6896     6896       2A         0
                text46                             53AC     53AC       92         0
                text45                             5F9E     5F9E       52         0
                text44                             5CBE     5CBE       66         0
                text43                             62B0     62B0       48         0
                text42                             4FD4     4FD4       B8         0
                text41                             6B62     6B62       12         0
                text40                             6B06     6B06       18         0
                text39                             36C8     36C8      15C         0
                text38                             2F60     2F60      18A         0
                text37                             591C     591C       82         0
                text36                             5E42     5E42       5A         0
                text35                             5702     5702       8A         0
                text34                             6B98     6B98        E         0
                text33                             5284     5284       94         0
                text32                             66E6     66E6       32         0
                text31                             63C0     63C0       40         0
                text30                             49D4     49D4       CA         0
                text29                             54D0     54D0       8E         0
                text28                             5814     5814       84         0
                text27                             5B0E     5B0E       70         0
                text26                             555E     555E       8C         0
                text25                             4290     4290       FE         0
                text24                             612E     612E       4E         0
                text23                             5140     5140       A2         0
                text22                             2C10     2C10      1C4         0
                text21                             3D24     3D24      120         0
                text20                             23BA     23BA      284         0
                text19                             67AE     67AE       30         0
                text18                             66B4     66B4       32         0
                text17                             1184     1184      584         0
                text16                             599E     599E       80         0
                text15                             69A6     69A6       24         0
                text14                             5DE8     5DE8       5A         0
                text13                             4826     4826       D8         0
                text12                             6A78     6A78       20         0
                text11                             5A9E     5A9E       70         0
                text10                             60E0     60E0       4E         0
                text9                              6092     6092       4E         0
                text8                              65DE     65DE       36         0
                text7                              6A58     6A58       20         0
                text6                              3824     3824      14E         0
                text5                              5EF6     5EF6       54         0
                text4                              64BA     64BA       3C         0
                text3                              263E     263E      208         0
                text2                              5C58     5C58       66         0
                text1                              438E     438E       F2         0
                text0                               2D4      2D4      EB0         0
                cinit                              4A9E     4A9E       C2         0
                idataBANK1                         6BFE     6BFE        4         0
                idataBANK0                         6BC2     6BC2        C         0
                idataCOMRAM                        6C02     6C02        2         0

        CLASS   CONST          

        CLASS   SMALLCONST     

        CLASS   MEDIUMCONST    
                mediumconst                        FC88     FC88      378         0

        CLASS   COMRAM         
                temp                                 71       71        1         1
                cstackCOMRAM                          1        1       60         1
                dataCOMRAM                           6F       6F        2         1
                bssCOMRAM                            61       61        E         1

        CLASS   ABS1           

        CLASS   BIGRAM         
                bssBIGRAM                           4AA      4AA      1BC         1

        CLASS   RAM            

        CLASS   BANK0          
                dataBANK0                            F4       F4        C         1
                bssBANK0                             80       80       74         1

        CLASS   BANK1          
                cstackBANK1                         100      100       92         1
                dataBANK1                           1EF      1EF        4         1
                bssBANK1                            192      192       5D         1

        CLASS   BANK2          
                bssBANK2                            200      200       F5         1

        CLASS   BANK3          
                bssBANK3                            300      300       EC         1

        CLASS   BANK4          
                bssBANK4                            400      400       AA         1

        CLASS   BANK5          

        CLASS   BANK6          

        CLASS   BANK7          

        CLASS   BANK8          

        CLASS   BANK9          

        CLASS   BANK10         

        CLASS   BANK11         

        CLASS   BANK12         

        CLASS   BANK13         

        CLASS   BANK14         

        CLASS   BANK15         

        CLASS   SFR            

        CLASS   FARRAM         

        CLASS   CONFIG         
                config                           300000   300000        E         0

        CLASS   IDLOC          
                idloc                            200000   200000        8         0

        CLASS   EEDATA         



SEGMENTS        Name                           Load    Length   Top    Selector   Space  Class

                reset_vec                      000000  000004  000004         0       0  CODE    
                cstackCOMRAM                   000001  000071  000072         1       1  COMRAM  
                intcodelo                      000018  006BEC  006C04         C       0  CODE    
                bssBANK0                       000080  000080  000100        80       1  BANK0   
                cstackBANK1                    000100  0000F3  0001F3       100       1  BANK1   
                bssBANK2                       000200  0000F5  0002F5       200       1  BANK2   
                bssBANK3                       000300  0000EC  0003EC       300       1  BANK3   
                bssBANK4                       000400  0000AA  0004AA       400       1  BANK4   
                bssBIGRAM                      0004AA  0001BC  000666       4AA       1  BIGRAM  
                mediumconst                    00FC88  000378  010000      7E44       0  MEDIUMCO
                idloc                          200000  000008  200008    200000       0  IDLOC   
                config                         300000  00000E  30000E    300000       0  CONFIG  


UNUSED ADDRESS RANGES

        Name                Unused          Largest block    Delta
        BANK1            0001F3-0001FF                D
        BANK10           000A00-000AFF              100
        BANK11           000B00-000BFF              100
        BANK12           000C00-000CFF              100
        BANK13           000D00-000DFF              100
        BANK14           000E00-000EFF              100
        BANK15           000F00-000F7F               80
        BANK2            0002F5-0002FF                B
        BANK3            0003EC-0003FF               14
        BANK6            000666-0006FF               9A
        BANK7            000700-0007FF              100
        BANK8            000800-0008FF              100
        BANK9            000900-0009FF              100
        BIGRAM           000072-00007F                E
                         0001F3-0001FF                D
                         0002F5-0002FF                B
                         0003EC-0003FF               14
                         000666-000F7F              91A
        CODE             000004-000017               14
                         006C04-00FC87             9084
        COMRAM           000072-00007F                E
        CONST            000004-000017               14
                         006C04-00FC87             9084
        EEDATA           F00000-F003FF              400
        MEDIUMCONST      006C04-00FC87             9084
        RAM              0001F3-0001FF                D
                         0002F5-0002FF                B
                         0003EC-0003FF               14
                         000666-000F7F              100
        SFR              000F80-000FFF               80
        SMALLCONST       006C04-00FC87              100
        STACK            000666-000F7F              91A

                                  Symbol Table

?_Captura_Pagina                                  cstackCOMRAM 00001D
?_EEPROM_24C1025_Read_Int                         cstackCOMRAM 00001F
?_EEPROM_Read_Integer                             cstackCOMRAM 000010
?_EEPROM_Read_Long32                              cstackCOMRAM 000010
?_I2C_Master_Read                                 cstackCOMRAM 00000D
?_PROCULUS_Get_Page                               cstackCOMRAM 000015
?_PROCULUS_VP_Read_Double32                       cstackCOMRAM 00001F
?_PROCULUS_VP_Read_UInt16                         cstackCOMRAM 00001F
?_Send_To_Slave                                   cstackCOMRAM 00000F
?_Send_To_Slave_EMULA                             cstackCOMRAM 00000C
?___awdiv                                         cstackCOMRAM 00000C
?___awmod                                         cstackCOMRAM 00000C
?___flmul                                         cstackCOMRAM 00001A
?___fltol                                         cstackCOMRAM 000033
?___lldiv                                         cstackCOMRAM 00000C
?___llmod                                         cstackCOMRAM 00000C
?___lwdiv                                         cstackCOMRAM 00000C
?___wmul                                          cstackCOMRAM 000015
?___xxtofl                                        cstackCOMRAM 00000C
?_my_pow                                          cstackCOMRAM 00001B
?_strlen                                          cstackCOMRAM 00000C
Atualizar_Lista_de_Receitas@i                     cstackCOMRAM 00002C
Buffer_Manager@i                                  cstackCOMRAM 000011
Buffer_Manager@j                                  cstackCOMRAM 000010
Captura_Pagina@i                                  cstackCOMRAM 00002D
Captura_Pagina@i_3221                             cstackCOMRAM 00002E
Captura_Pagina@pagina                             cstackCOMRAM 000021
Captura_Pagina@retorno                            cstackCOMRAM 00002B
Carrega_Tupla_Receita@addeeprom                   cstackCOMRAM 00001F
Carrega_Tupla_Receita@index                       cstackCOMRAM 00001E
Carrega_Tupla_Receita@receita                     cstackCOMRAM 00001A
Comando_Protocolo_Serial@OrigemMemo               cstackCOMRAM 00003E
Comando_Protocolo_Serial@i                        cstackCOMRAM 00003F
Condensador_Switch@buffer                         cstackCOMRAM 00001C
Condensador_Switch@estado                         cstackCOMRAM 00001B
Contagem_Tempo_de_Processo@value                  cstackCOMRAM 000021
DataBaseBackupMain@addEEPROM                      cstackCOMRAM 000034
DataBaseBackupMain@tupla                          cstackCOMRAM 000031
DataBaseBackupMain@vp                             cstackCOMRAM 000032
Decodify_Command@add                              cstackCOMRAM 000033
Decodify_Command@add_24LCxxxx                     cstackCOMRAM 00003A
Decodify_Command@dados                            cstackCOMRAM 000031
Decodify_Command@sizedata                         cstackCOMRAM 000039
Decodify_Command@tempchar                         cstackCOMRAM 000038
Decodify_Command@tempint                          cstackCOMRAM 000036
Decodify_Command@valor                            cstackCOMRAM 000034
EEPROM_24C1025_Fill_All@buffer                    cstackBANK1  000100
EEPROM_24C1025_Fill_All@chip_add                  cstackBANK1  000180
EEPROM_24C1025_Fill_All@i                         cstackBANK1  000181
EEPROM_24C1025_Fill_All@page                      cstackBANK1  000182
EEPROM_24C1025_Fill_All@value                     cstackCOMRAM 000021
EEPROM_24C1025_Read_Buffer@chip_add               cstackCOMRAM 00001C
EEPROM_24C1025_Read_Buffer@cnt_2047               cstackCOMRAM 00001B
EEPROM_24C1025_Read_Buffer@ctrl                   cstackCOMRAM 00001E
EEPROM_24C1025_Read_Buffer@data                   cstackCOMRAM 000017
EEPROM_24C1025_Read_Buffer@mem_add                cstackCOMRAM 000012
EEPROM_24C1025_Read_Buffer@range                  cstackCOMRAM 00001D
EEPROM_24C1025_Read_Buffer@sizedata               cstackCOMRAM 000016
EEPROM_24C1025_Read_Byte@chip_add                 cstackCOMRAM 000023
EEPROM_24C1025_Read_Byte@data                     cstackCOMRAM 000024
EEPROM_24C1025_Read_Byte@mem_add                  cstackCOMRAM 00001F
EEPROM_24C1025_Read_Int@chip_add                  cstackCOMRAM 000025
EEPROM_24C1025_Read_Int@data                      cstackCOMRAM 000026
EEPROM_24C1025_Read_Int@mem_add                   cstackCOMRAM 00001F
EEPROM_24C1025_Read_Str@chip_add                  cstackCOMRAM 00001A
EEPROM_24C1025_Read_Str@cnt                       cstackCOMRAM 000019
EEPROM_24C1025_Read_Str@ctrl                      cstackCOMRAM 00001C
EEPROM_24C1025_Read_Str@mem_add                   cstackCOMRAM 000012
EEPROM_24C1025_Read_Str@range                     cstackCOMRAM 00001B
EEPROM_24C1025_Read_Str@texto                     cstackCOMRAM 000016
EEPROM_24C1025_Write_Buffer@chip_add              cstackCOMRAM 00001E
EEPROM_24C1025_Write_Buffer@count                 cstackCOMRAM 00001D
EEPROM_24C1025_Write_Buffer@ctrl                  cstackCOMRAM 000020
EEPROM_24C1025_Write_Buffer@data                  cstackCOMRAM 000014
EEPROM_24C1025_Write_Buffer@mem_add               cstackCOMRAM 00000F
EEPROM_24C1025_Write_Buffer@range                 cstackCOMRAM 00001F
EEPROM_24C1025_Write_Buffer@sizedata              cstackCOMRAM 000013
EEPROM_24C1025_Write_Byte@chip_add                cstackCOMRAM 000027
EEPROM_24C1025_Write_Byte@data                    cstackCOMRAM 000025
EEPROM_24C1025_Write_Byte@mem_add                 cstackCOMRAM 000021
EEPROM_24C1025_Write_Int@chip_add                 cstackCOMRAM 000026
EEPROM_24C1025_Write_Int@data                     cstackCOMRAM 000025
EEPROM_24C1025_Write_Int@mem_add                  cstackCOMRAM 000021
EEPROM_24C1025_Write_Str@chip_add                 cstackCOMRAM 000016
EEPROM_24C1025_Write_Str@ctrl                     cstackCOMRAM 000018
EEPROM_24C1025_Write_Str@data                     cstackCOMRAM 000013
EEPROM_24C1025_Write_Str@mem_add                  cstackCOMRAM 00000F
EEPROM_24C1025_Write_Str@range                    cstackCOMRAM 000017
EEPROM_Read_Buffer@addr                           cstackCOMRAM 000010
EEPROM_Read_Buffer@dado                           cstackCOMRAM 000012
EEPROM_Read_Buffer@i                              cstackCOMRAM 000015
EEPROM_Read_Buffer@size                           cstackCOMRAM 000014
EEPROM_Read_Byte@addr                             cstackCOMRAM 00000C
EEPROM_Read_Integer@addr                          cstackCOMRAM 000010
EEPROM_Read_Integer@resultado                     cstackCOMRAM 000013
EEPROM_Read_Long32@addr                           cstackCOMRAM 000010
EEPROM_Read_Long32@i                              cstackCOMRAM 000019
EEPROM_Read_Long32@ptr                            cstackCOMRAM 000014
EEPROM_Read_Long32@result                         cstackCOMRAM 000015
EEPROM_Read_String@addr                           cstackCOMRAM 000010
EEPROM_Read_String@c                              cstackCOMRAM 000014
EEPROM_Read_String@dado                           cstackCOMRAM 000012
EEPROM_Write_Buffer@addr                          cstackCOMRAM 00002B
EEPROM_Write_Buffer@dado                          cstackCOMRAM 00002D
EEPROM_Write_Buffer@i                             cstackCOMRAM 000030
EEPROM_Write_Buffer@size                          cstackCOMRAM 00002F
EEPROM_Write_Byte@addr                            cstackCOMRAM 000025
EEPROM_Write_Byte@dado                            cstackCOMRAM 000027
EEPROM_Write_Byte@last_GIE                        cstackCOMRAM 00002A
EEPROM_Write_Integer@addr                         cstackCOMRAM 00002B
EEPROM_Write_Integer@dado                         cstackCOMRAM 00002D
EEPROM_Write_Long32@addr                          cstackCOMRAM 00002B
EEPROM_Write_Long32@dado                          cstackCOMRAM 00002D
EEPROM_Write_Long32@i                             cstackCOMRAM 000033
EEPROM_Write_Long32@ptr                           cstackCOMRAM 000032
EEPROM_Write_String@addr                          cstackCOMRAM 00002B
EEPROM_Write_String@dado                          cstackCOMRAM 00002D
Exibe_Hora_Data@date                              cstackCOMRAM 00003D
Exibe_Hora_Data@showseconds                       cstackCOMRAM 000051
Exibe_Hora_Data@time                              cstackCOMRAM 000047
Exibe_Receita@addeeprom                           cstackCOMRAM 000028
Exibe_Receita@index                               cstackCOMRAM 000024
Exibe_Receita@vp                                  cstackCOMRAM 00002A
Exibe_Tempo_de_Processo@temp0                     cstackCOMRAM 000024
Exibe_Tempo_de_Processo@temp1                     cstackCOMRAM 000025
Formatar_Banco_de_Dados@inicio                    cstackCOMRAM 00003A
Formatar_Banco_de_Dados@j                         cstackCOMRAM 00003B
Formatar_Banco_de_Dados@total                     cstackCOMRAM 000034
Formatar_Datalog@i                                cstackCOMRAM 000021
Formatar_Lista_de_Receitas@i                      cstackCOMRAM 000036
Formatar_Lista_de_Receitas@receita                cstackCOMRAM 000037
Gerenciador_de_Senha@senha                        cstackCOMRAM 00003B
Gerenciador_de_Senha_Global@senha                 cstackCOMRAM 00003F
Global_Aquecimento_Switch@board                   cstackCOMRAM 000025
Global_Aquecimento_Switch@buffer                  cstackCOMRAM 000022
Global_Aquecimento_Switch@estado                  cstackCOMRAM 000024
Grava_Receita@addeeprom                           cstackCOMRAM 000034
Grava_Receita@index                               cstackCOMRAM 000033
Grava_Receita@receita                             cstackCOMRAM 00002F
I2C_Master_Init@c                                 cstackCOMRAM 000019
I2C_Master_Read@a                                 cstackCOMRAM 00000D
I2C_Master_Read@temp                              cstackCOMRAM 000010
I2C_Master_Write@d                                cstackCOMRAM 00000D
Incrementa_Contador_de_Repique_do_Vacuo@valor     cstackCOMRAM 00002F
PROCULUS_Buffer_to_Proculus@i                     cstackCOMRAM 000012
PROCULUS_Buffer_to_Proculus@proculus              cstackCOMRAM 00000C
PROCULUS_Buzzer@time_ms_x_10                      cstackCOMRAM 00001A
PROCULUS_Buzzer@vetor                             cstackCOMRAM 00001C
PROCULUS_Control_Activation@value                 cstackCOMRAM 000015
PROCULUS_Get_Page@i                               cstackCOMRAM 000019
PROCULUS_Get_Page@retorno                         cstackCOMRAM 00001B
PROCULUS_Popup@value                              cstackCOMRAM 000016
PROCULUS_REG_Read@i                               cstackCOMRAM 00001C
PROCULUS_REG_Read@reg                             cstackCOMRAM 000019
PROCULUS_REG_Read@retorno                         cstackCOMRAM 000016
PROCULUS_REG_Read@size                            cstackCOMRAM 000015
PROCULUS_REG_Read@tempo                           cstackCOMRAM 00001A
PROCULUS_REG_Write@i                              cstackCOMRAM 000019
PROCULUS_REG_Write@size                           cstackCOMRAM 000016
PROCULUS_REG_Write@vetor                          cstackCOMRAM 000015
PROCULUS_Read_RTC@date                            cstackCOMRAM 00001E
PROCULUS_Read_RTC@day                             cstackCOMRAM 000030
PROCULUS_Read_RTC@hour                            cstackCOMRAM 000033
PROCULUS_Read_RTC@i                               cstackCOMRAM 00003C
PROCULUS_Read_RTC@minute                          cstackCOMRAM 000036
PROCULUS_Read_RTC@month                           cstackCOMRAM 00002D
PROCULUS_Read_RTC@retorno                         cstackCOMRAM 000020
PROCULUS_Read_RTC@second                          cstackCOMRAM 000039
PROCULUS_Read_RTC@time                            cstackCOMRAM 00001F
PROCULUS_Read_RTC@year                            cstackCOMRAM 00002A
PROCULUS_Show_Screen@screen                       cstackCOMRAM 00001A
PROCULUS_Show_Screen@vetor                        cstackCOMRAM 00001C
PROCULUS_TPFLAG_Read@retorno                      cstackCOMRAM 00001D
PROCULUS_TPFLAG_Write@value                       cstackCOMRAM 00001D
PROCULUS_TPFLAG_Write@vetor                       cstackCOMRAM 00001A
PROCULUS_VP_Read@i                                cstackCOMRAM 00001E
PROCULUS_VP_Read@size                             cstackCOMRAM 000019
PROCULUS_VP_Read@tempo                            cstackCOMRAM 00001C
PROCULUS_VP_Read@vetor                            cstackCOMRAM 000017
PROCULUS_VP_Read@vp                               cstackCOMRAM 000015
PROCULUS_VP_Read_Double32@vetor                   cstackCOMRAM 000023
PROCULUS_VP_Read_Double32@vp                      cstackCOMRAM 00001F
PROCULUS_VP_Read_String@text                      cstackCOMRAM 000021
PROCULUS_VP_Read_String@vp                        cstackCOMRAM 00001F
PROCULUS_VP_Read_UInt16@vetor                     cstackCOMRAM 000023
PROCULUS_VP_Read_UInt16@vp                        cstackCOMRAM 00001F
PROCULUS_VP_Write@i                               cstackCOMRAM 00001C
PROCULUS_VP_Write@size                            cstackCOMRAM 000019
PROCULUS_VP_Write@vetor                           cstackCOMRAM 000017
PROCULUS_VP_Write@vp                              cstackCOMRAM 000015
PROCULUS_VP_Write_Long32@pt                       cstackCOMRAM 000027
PROCULUS_VP_Write_Long32@value                    cstackCOMRAM 00001F
PROCULUS_VP_Write_Long32@vetor                    cstackCOMRAM 000023
PROCULUS_VP_Write_Long32@vp                       cstackCOMRAM 00001D
PROCULUS_VP_Write_String@text                     cstackCOMRAM 00001F
PROCULUS_VP_Write_String@vp                       cstackCOMRAM 00001D
PROCULUS_VP_Write_UInt16@value                    cstackCOMRAM 00001F
PROCULUS_VP_Write_UInt16@vetor                    cstackCOMRAM 000022
PROCULUS_VP_Write_UInt16@vp                       cstackCOMRAM 00001D
PROCULUS_Write_RTC@date                           cstackCOMRAM 00000F
PROCULUS_Write_RTC@day                            cstackCOMRAM 000017
PROCULUS_Write_RTC@hour                           cstackCOMRAM 00001A
PROCULUS_Write_RTC@minute                         cstackCOMRAM 00001D
PROCULUS_Write_RTC@month                          cstackCOMRAM 000014
PROCULUS_Write_RTC@second                         cstackCOMRAM 000020
PROCULUS_Write_RTC@time                           cstackCOMRAM 000010
PROCULUS_Write_RTC@year                           cstackCOMRAM 000011
PROCULUS_graphic_plot@channel                     cstackCOMRAM 00003F
PROCULUS_graphic_plot@lcd_channel                 cstackCOMRAM 000040
PROCULUS_graphic_plot@value                       cstackCOMRAM 00003D
SaveLiofilizadorOnMemory@addEEPROM                cstackCOMRAM 000033
SaveLiofilizadorOnMemory@index                    cstackCOMRAM 000032
SaveLiofilizadorOnMemory@liofilizador             cstackCOMRAM 00002F
Send_To_Slave@buffer                              cstackCOMRAM 000011
Send_To_Slave@comando                             cstackCOMRAM 00000F
Send_To_Slave@contador_2937                       cstackCOMRAM 000018
Send_To_Slave@destino                             cstackCOMRAM 000015
Send_To_Slave@i                                   cstackCOMRAM 00001A
Send_To_Slave@retorno                             cstackCOMRAM 000016
Send_To_Slave@size                                cstackCOMRAM 000010
Send_To_Slave_EMULA@buffer                        cstackCOMRAM 00000E
Send_To_Slave_EMULA@comando                       cstackCOMRAM 00000C
Send_To_Slave_EMULA@destino                       cstackCOMRAM 000011
Send_To_Slave_EMULA@size                          cstackCOMRAM 00000D
Send_to_PC@size                                   cstackCOMRAM 00000F
Set_Receita@index                                 cstackCOMRAM 000029
Set_Receita@status                                cstackCOMRAM 000024
Set_Receita@vp                                    cstackCOMRAM 00002A
ShowAndSetSlaveParameters@CanalAD                 cstackCOMRAM 000029
ShowAndSetSlaveParameters@addEEPROM               cstackCOMRAM 00002D
ShowAndSetSlaveParameters@bb                      cstackCOMRAM 000026
ShowAndSetSlaveParameters@tupla                   cstackCOMRAM 00002A
ShowAndSetSlaveParameters@vp                      cstackCOMRAM 00002B
ShowHardwareInfo@destino                          cstackCOMRAM 000048
ShowHardwareInfo@resposta                         cstackCOMRAM 000046
ShowHardwareInfo@tipo                             cstackCOMRAM 000045
ShowMessage@SoundType                             cstackCOMRAM 000025
ShowMessage@delay                                 cstackCOMRAM 000023
ShowMessage@mensagem                              cstackCOMRAM 000021
ShowMessage@retem                                 cstackCOMRAM 000026
ShowMessage@texto                                 cstackCOMRAM 00002B
ShowSensorRealTimeHS@SlaveBoard                   cstackCOMRAM 00002D
ShowSensorRealTimeHS@bb                           cstackCOMRAM 000028
ShowSensorRealTimeHS@canal                        cstackCOMRAM 000030
ShowSensorRealTimeHS@tupla                        cstackCOMRAM 000031
ShowSensorRealTimeHS@vp                           cstackCOMRAM 00002B
ShowSensorRealTimeHS@vpicone                      cstackCOMRAM 00002E
ShowStaticValueGrid@CanalAD                       cstackCOMRAM 00002B
ShowStaticValueGrid@addEEPROM                     cstackCOMRAM 00002E
ShowStaticValueGrid@bb                            cstackCOMRAM 000028
ShowStaticValueGrid@tupla                         cstackCOMRAM 00002F
ShowStaticValueGrid@vp                            cstackCOMRAM 00002C
TrendCurveFuncao@canal                            cstackCOMRAM 00003B
TrendCurveFuncao@cor                              cstackCOMRAM 00003C
TrendCurveFuncao@figura                           cstackCOMRAM 00003A
TrendCurveFuncao@funcao                           cstackCOMRAM 000037
TrendCurveFuncao@i                                cstackCOMRAM 00003F
TrendCurveFuncao@index                            cstackCOMRAM 00003E
USART_init@baudrate                               cstackCOMRAM 000019
USART_init@i                                      cstackCOMRAM 000022
USART_input_buffer@result                         cstackCOMRAM 00000F
USART_input_buffer@time                           cstackCOMRAM 00000D
USART_put_buffer@loop                             cstackCOMRAM 000012
USART_put_buffer@ptr                              cstackCOMRAM 000010
USART_put_buffer@size                             cstackCOMRAM 00000F
USART_put_buffer@vetor                            cstackCOMRAM 00000D
USART_put_int@value                               cstackCOMRAM 00000D
USART_put_string@ptr                              cstackCOMRAM 00000F
USART_put_string@vetor                            cstackCOMRAM 00000D
USART_putc@value                                  cstackCOMRAM 00000C
USART_to_Protocol@i                               cstackCOMRAM 000011
USART_to_Protocol@usart_protocol                  cstackCOMRAM 00000C
Upload_Data_to_Slave@addEEPROM                    cstackCOMRAM 00001F
Upload_Data_to_Slave@board                        cstackCOMRAM 000024
Upload_Data_to_Slave@buffer                       cstackCOMRAM 000021
Upload_Data_to_Slave@canal                        cstackCOMRAM 000025
Upload_Data_to_Slave@index                        cstackCOMRAM 000020
Upload_Data_to_Slave@temp                         cstackCOMRAM 00001D
Vaccum_Switch@buffer                              cstackCOMRAM 00001C
Vaccum_Switch@estado                              cstackCOMRAM 00001B
_ADCON0bits                                       (abs)        000FC2
_ADCON1                                           (abs)        000FC1
_ADCON2bits                                       (abs)        000FC0
_AcordaFilha                                      text143      006BEC
_Atualizar_Lista_de_Receitas                      text79       006B1E
_BAUDCONbits                                      (abs)        000FB8
_Buffer_Manager                                   text29       0054D0
_Captura_Pagina                                   text138      005B7E
_Carrega_Tupla_Receita                            text83       0048FE
_Carregar_Parametros_de_Seguranca                 text96       004C22
_Carregar_Status_da_Senha_Global                  text134      005A1E
_Carregar_tempo_de_datalog                        text91       00674A
_Check_And_Send_Capture_Datalog                   text125      006B36
_ClrReset                                         bssBANK0     0000A4
_Comando_Display                                  text75       00578C
_Comando_Protocolo_Serial                         text53       004E60
_Condensador                                      bssBANK1     0001AE
_Condensador_Switch                               text12       006A78
_Contagem_Tempo_de_Processo                       text9        006092
_DataBaseBackupMain                               text113      003E44
_Decodify_Command                                 text55       0020E2
_Delay_Led_Memory                                 bssBANK1     0001B6
_Delay_Led_Tmr0                                   bssBANK1     0001B0
_Delay_Led_Usart                                  bssBANK1     0001B2
_EEADR                                            (abs)        000FA9
_EEADRH                                           (abs)        000FAA
_EECON1bits                                       (abs)        000FA6
_EECON2                                           (abs)        000FA7
_EEDATA                                           (abs)        000FA8
_EEPROM_24C1025_Fill_All                          text69       005BEC
_EEPROM_24C1025_Read_Buffer                       text66       0030EA
_EEPROM_24C1025_Read_Byte                         text65       0067DE
_EEPROM_24C1025_Read_Int                          text64       006614
_EEPROM_24C1025_Read_Str                          text63       002DD4
_EEPROM_24C1025_Write_Buffer                      text70       003268
_EEPROM_24C1025_Write_Byte                        text62       0068E8
_EEPROM_24C1025_Write_Int                         text61       0069CA
_EEPROM_24C1025_Write_Str                         text60       00407A
_EEPROM_Read_Buffer                               text19       0067AE
_EEPROM_Read_Byte                                 text137      0065A6
_EEPROM_Read_Integer                              text101      006680
_EEPROM_Read_Long32                               text89       0064F6
_EEPROM_Read_String                               text100      00664A
_EEPROM_Write_Buffer                              text18       0066B4
_EEPROM_Write_Byte                                text119      005D88
_EEPROM_Write_Integer                             text118      00695A
_EEPROM_Write_Long32                              text88       00683C
_EEPROM_Write_String                              text117      00637E
_Exibe_Hora_Data                                  text49       006400
_Exibe_Receita                                    text80       003F64
_Exibe_Tempo_de_Processo                          text46       0053AC
_Formatar_Banco_de_Dados                          text110      00465A
_Formatar_Dados_de_Seguranca                      text45       005F9E
_Formatar_Datalog                                 text44       005CBE
_Formatar_Lista_de_Receitas                       text43       0062B0
_Gerenciador_de_Senha                             text39       0036C8
_Gerenciador_de_Senha_Global                      text38       002F60
_Global_Aquecimento_Switch                        text14       005DE8
_Grava_Receita                                    text78       00508C
_Gravar_Status_da_Senha_Global                    text87       006B86
_I2C_Master_Init                                  text36       005E42
_I2C_Master_Read                                  text68       00647C
_I2C_Master_RepeatedStart                         text67       006BF6
_I2C_Master_Start                                 text73       006B4E
_I2C_Master_Stop                                  text72       006BD8
_I2C_Master_Wait                                  text74       006B74
_I2C_Master_Write                                 text71       006BCE
_INTCON2bits                                      (abs)        000FF1
_INTCONbits                                       (abs)        000FF2
_IPR1bits                                         (abs)        000F9F
_Icones_de_alarmes                                text35       005702
_Incrementa_Contador_de_Repique_do_Vacuo          text8        0065DE
_Index_Receita                                    bssCOMRAM    000066
_Index_Sel_Rec                                    bssBANK1     0001BB
_LATB                                             (abs)        000F8A
_MonitorBuffer                                    bssBANK1     0001B9
_My_ADC_init                                      text34       006B98
_OSCCONbits                                       (abs)        000FD3
_OSCTUNEbits                                      (abs)        000F9B
_PIE1bits                                         (abs)        000F9D
_PIR1bits                                         (abs)        000F9E
_PORTBbits                                        (abs)        000F81
_PORTDbits                                        (abs)        000F83
_PROCULUS_Buffer_to_Proculus                      text124      004186
_PROCULUS_Buzzer                                  text121      00677C
_PROCULUS_Control_Activation                      text107      006042
_PROCULUS_Get_Page                                text139      00543E
_PROCULUS_NOK                                     text109      006A36
_PROCULUS_OK                                      text108      0061CA
_PROCULUS_Popup                                   text106      006BE2
_PROCULUS_REG_Read                                text42       004FD4
_PROCULUS_REG_Write                               text123      005D24
_PROCULUS_Read_RTC                                text50       00355C
_PROCULUS_Show_Screen                             text82       006AB8
_PROCULUS_TPFLAG_Read                             text41       006B62
_PROCULUS_TPFLAG_Write                            text40       006B06
_PROCULUS_VP_Read                                 text116      004DA4
_PROCULUS_VP_Read_Double32                        text86       0068C0
_PROCULUS_VP_Read_String                          text115      006AD2
_PROCULUS_VP_Read_UInt16                          text114      006A12
_PROCULUS_VP_Write                                text136      0051E2
_PROCULUS_VP_Write_Long32                         text85       006218
_PROCULUS_VP_Write_String                         text104      006934
_PROCULUS_VP_Write_UInt16                         text135      006A98
_PROCULUS_Write_RTC                               text93       003BF8
_PROCULUS_graphic_plot                            text131      005E9C
_RBIF                                             (abs)        007F90
_RCIE                                             (abs)        007CED
_RCREG                                            (abs)        000FAE
_RCSTAbits                                        (abs)        000FAB
_RecallBlackoutStatus                             text33       005284
_SEND_REPLY_OK                                    text58       006BA6
_SPBRG                                            (abs)        000FAF
_SSPADD                                           (abs)        000FC8
_SSPBUF                                           (abs)        000FC9
_SSPCON1                                          (abs)        000FC6
_SSPCON2                                          (abs)        000FC5
_SSPCON2bits                                      (abs)        000FC5
_SSPSTAT                                          (abs)        000FC7
_SaveBlackoutStatus                               text32       0066E6
_SaveBlackoutStatusRuning                         text31       0063C0
_SaveLiofilizadorOnMemory                         text112      004572
_Seg_Aq_cond                                      bssBANK0     000088
_Seg_Aq_vacuo                                     bssBANK0     000086
_Seg_Condensador                                  bssBANK0     00008C
_Seg_Vacuo                                        bssBANK0     00008A
_Send_To_Slave                                    text130      004740
_Send_To_Slave_EMULA                              text21       003D24
_Send_to_PC                                       text57       00680E
_Set_Receita                                      text30       0049D4
_ShowAndSetSlaveParameters                        text77       003972
_ShowHardwareInfo                                 text22       002C10
_ShowMessage                                      text102      005318
_ShowSensorRealTimeHS                             text20       0023BA
_ShowStaticValueGrid                              text99       0033E4
_T0CONbits                                        (abs)        000FD5
_T1CKPS0                                          (abs)        007E6C
_T1CKPS1                                          (abs)        007E6D
_T1OSCEN                                          (abs)        007E6B
_T1RUN                                            (abs)        007E6E
_TMR0                                             (abs)        000FD6
_TMR1CS                                           (abs)        007E69
_TMR1H                                            (abs)        000FCF
_TMR1L                                            (abs)        000FCE
_TMR1ON                                           (abs)        007E68
_TRISA                                            (abs)        000F92
_TRISB                                            (abs)        000F93
_TRISC                                            (abs)        000F94
_TRISCbits                                        (abs)        000F94
_TRISD                                            (abs)        000F95
_TRISDbits                                        (abs)        000F95
_TRISE                                            (abs)        000F96
_TXREG                                            (abs)        000FAD
_TXSTAbits                                        (abs)        000FAC
_TrendColor                                       mediumconst  00FC89
_TrendCurveFuncao                                 text17       001184
_TrendCurveFuncao$3257                            cstackCOMRAM 000038
_USART_init                                       text16       00599E
_USART_input_buffer                               text52       00643E
_USART_put_buffer                                 text56       00686A
_USART_put_int                                    text141      006BB4
_USART_put_string                                 text59       005898
_USART_putc                                       text142      006AEC
_USART_to_Protocol                                text54       004CE4
_Upload_Data_to_Slave                             text98       002A4A
_Vaccum_Switch                                    text7        006A58
_Vacuometro                                       bssBANK1     0001AC
_Voltimetro                                       bssBANK1     0001AA
__CFG_BOREN$SBORDIS                               (abs)        000000
__CFG_BORV$3                                      (abs)        000000
__CFG_CCP2MX$PORTC                                (abs)        000000
__CFG_CP0$OFF                                     (abs)        000000
__CFG_CP1$OFF                                     (abs)        000000
__CFG_CP2$OFF                                     (abs)        000000
__CFG_CP3$OFF                                     (abs)        000000
__CFG_CPB$OFF                                     (abs)        000000
__CFG_CPD$OFF                                     (abs)        000000
__CFG_EBTR0$OFF                                   (abs)        000000
__CFG_EBTR1$OFF                                   (abs)        000000
__CFG_EBTR2$OFF                                   (abs)        000000
__CFG_EBTR3$OFF                                   (abs)        000000
__CFG_EBTRB$OFF                                   (abs)        000000
__CFG_FCMEN$OFF                                   (abs)        000000
__CFG_IESO$OFF                                    (abs)        000000
__CFG_LPT1OSC$OFF                                 (abs)        000000
__CFG_LVP$OFF                                     (abs)        000000
__CFG_MCLRE$ON                                    (abs)        000000
__CFG_OSC$INTIO67                                 (abs)        000000
__CFG_PBADEN$ON                                   (abs)        000000
__CFG_PWRT$ON                                     (abs)        000000
__CFG_STVREN$ON                                   (abs)        000000
__CFG_WDT$ON                                      (abs)        000000
__CFG_WDTPS$16384                                 (abs)        000000
__CFG_WRT0$OFF                                    (abs)        000000
__CFG_WRT1$OFF                                    (abs)        000000
__CFG_WRT2$OFF                                    (abs)        000000
__CFG_WRT3$OFF                                    (abs)        000000
__CFG_WRTB$OFF                                    (abs)        000000
__CFG_WRTC$OFF                                    (abs)        000000
__CFG_WRTD$OFF                                    (abs)        000000
__CFG_XINST$OFF                                   (abs)        000000
__HRAM                                            (abs)        000000
__Habs1                                           abs1         000000
__Hbank0                                          bank0        000000
__Hbank1                                          bank1        000000
__Hbank10                                         bank10       000000
__Hbank11                                         bank11       000000
__Hbank12                                         bank12       000000
__Hbank13                                         bank13       000000
__Hbank14                                         bank14       000000
__Hbank15                                         bank15       000000
__Hbank2                                          bank2        000000
__Hbank3                                          bank3        000000
__Hbank4                                          bank4        000000
__Hbank5                                          bank5        000000
__Hbank6                                          bank6        000000
__Hbank7                                          bank7        000000
__Hbank8                                          bank8        000000
__Hbank9                                          bank9        000000
__Hbigbss                                         bigbss       000000
__Hbigdata                                        bigdata      000000
__Hbigram                                         bigram       000000
__Hbss                                            bss          000000
__HbssBANK0                                       bssBANK0     000000
__HbssBANK1                                       bssBANK1     000000
__HbssBANK2                                       bssBANK2     000000
__HbssBANK3                                       bssBANK3     000000
__HbssBANK4                                       bssBANK4     000000
__HbssBIGRAM                                      bssBIGRAM    000000
__HbssCOMRAM                                      bssCOMRAM    000000
__Hcinit                                          cinit        000000
__Hclrtext                                        clrtext      000000
__Hcomram                                         comram       000000
__Hconfig                                         config       30000E
__Hconst                                          const        000000
__HcstackBANK1                                    cstackBANK1  000000
__HcstackCOMRAM                                   cstackCOMRAM 000000
__Hdata                                           data         000000
__HdataBANK0                                      dataBANK0    000000
__HdataBANK1                                      dataBANK1    000000
__HdataCOMRAM                                     dataCOMRAM   000000
__Heeprom_data                                    eeprom_data  000000
__Hfarbss                                         farbss       000000
__Hfardata                                        fardata      000000
__Hibigdata                                       ibigdata     000000
__Hidata                                          idata        000000
__HidataBANK0                                     idataBANK0   000000
__HidataBANK1                                     idataBANK1   000000
__HidataCOMRAM                                    idataCOMRAM  000000
__Hidloc                                          idloc        200008
__Hifardata                                       ifardata     000000
__Hinit                                           init         0002D4
__Hintcode                                        intcode      000004
__Hintcode_body                                   intcode_body 000000
__Hintcodelo                                      intcodelo    0002D0
__Hintentry                                       intentry     000000
__Hintret                                         intret       000000
__Hintsave_regs                                   intsave_regs 000000
__Hirdata                                         irdata       000000
__Hmediumconst                                    mediumconst  010000
__HnvFARRAM                                       nvFARRAM     000000
__Hnvbit                                          nvbit        000000
__Hnvrram                                         nvrram       000000
__Hparam                                          rparam       000000
__Hpowerup                                        powerup      0002D0
__Hram                                            ram          000000
__Hramtop                                         ramtop       001000
__Hrbit                                           rbit         000000
__Hrbss                                           rbss         000000
__Hrdata                                          rdata        000000
__Hreset_vec                                      reset_vec    000004
__Hrparam                                         rparam       000000
__Hsfr                                            sfr          000000
__Hsmallconst                                     smallconst   000000
__Hspace_0                                        (abs)        30000E
__Hspace_1                                        (abs)        000666
__Hspace_2                                        (abs)        000000
__Hstack                                          stack        000000
__Hstruct                                         struct       000000
__Htemp                                           temp         000072
__Htext                                           text         000000
__Htext0                                          text0        000000
__Htext1                                          text1        000000
__Htext10                                         text10       000000
__Htext100                                        text100      000000
__Htext101                                        text101      000000
__Htext102                                        text102      000000
__Htext103                                        text103      000000
__Htext104                                        text104      000000
__Htext105                                        text105      000000
__Htext106                                        text106      000000
__Htext107                                        text107      000000
__Htext108                                        text108      000000
__Htext109                                        text109      000000
__Htext11                                         text11       000000
__Htext110                                        text110      000000
__Htext111                                        text111      000000
__Htext112                                        text112      000000
__Htext113                                        text113      000000
__Htext114                                        text114      000000
__Htext115                                        text115      000000
__Htext116                                        text116      000000
__Htext117                                        text117      000000
__Htext118                                        text118      000000
__Htext119                                        text119      000000
__Htext12                                         text12       000000
__Htext120                                        text120      000000
__Htext121                                        text121      000000
__Htext122                                        text122      000000
__Htext123                                        text123      000000
__Htext124                                        text124      000000
__Htext125                                        text125      000000
__Htext126                                        text126      000000
__Htext127                                        text127      000000
__Htext128                                        text128      000000
__Htext129                                        text129      000000
__Htext13                                         text13       000000
__Htext130                                        text130      000000
__Htext131                                        text131      000000
__Htext132                                        text132      000000
__Htext133                                        text133      000000
__Htext134                                        text134      000000
__Htext135                                        text135      000000
__Htext136                                        text136      000000
__Htext137                                        text137      000000
__Htext138                                        text138      000000
__Htext139                                        text139      000000
__Htext14                                         text14       000000
__Htext140                                        text140      000000
__Htext141                                        text141      000000
__Htext142                                        text142      000000
__Htext143                                        text143      000000
__Htext15                                         text15       000000
__Htext16                                         text16       000000
__Htext17                                         text17       000000
__Htext18                                         text18       000000
__Htext19                                         text19       000000
__Htext2                                          text2        000000
__Htext20                                         text20       000000
__Htext21                                         text21       000000
__Htext22                                         text22       000000
__Htext23                                         text23       000000
__Htext24                                         text24       000000
__Htext25                                         text25       000000
__Htext26                                         text26       000000
__Htext27                                         text27       000000
__Htext28                                         text28       000000
__Htext29                                         text29       000000
__Htext3                                          text3        000000
__Htext30                                         text30       000000
__Htext31                                         text31       000000
__Htext32                                         text32       000000
__Htext33                                         text33       000000
__Htext34                                         text34       000000
[...]
		None
 Auto vars:     Size  Location     Type
  i               2   24[COMRAM] int 
  retorno         2   26[COMRAM] volatile unsigned int 
 Return value:  Size  Location     Type
                  2   20[COMRAM] unsigned int 
 Registers used:
		wreg, status,2, status,0, cstack
 Tracked objects:
		On entry : 
		On exit  : 
		Unchanged: 
 Data sizes:     COMRAM   BANK0   BANK1   BANK2   BANK3   BANK4   BANK5   BANK6   BANK7   BANK8   BANK9  BANK10  BANK11  BANK12  BANK13  BANK14  BANK15
      Params:         2       0       0       0       0       0       0       0       0       0       0       0       0       0       0       0       0
      Locals:         4       0       0       0       0       0       0       0       0       0       0       0       0       0       0       0       0
      Temps:          2       0       0       0       0       0       0       0       0       0       0       0       0       0       0       0       0
      Totals:         8       0       0       0       0       0       0       0       0       0       0       0       0       0       0       0       0
Total ram usage:        8 bytes
 Hardware stack levels used:    1
 Hardware stack levels required when called:    3
 This function calls:
		_USART_put_int
		_USART_putc
		_my_delay_ms
 This function is called by:
		_Captura_Pagina
 This function uses a non-reentrant model


 *************** function _my_delay_ms *****************
 Defined at:
		line 8 in file "timedate.c"
 Parameters:    Size  Location     Type
  time            4   11[COMRAM] long 
 Auto vars:     Size  Location     Type
  i               4   16[COMRAM] long 
 Return value:  Size  Location     Type
                  1    wreg      void 
 Registers used:
		wreg, status,2, status,0
 Tracked objects:
		On entry : 
		On exit  : 
		Unchanged: 
 Data sizes:     COMRAM   BANK0   BANK1   BANK2   BANK3   BANK4   BANK5   BANK6   BANK7   BANK8   BANK9  BANK10  BANK11  BANK12  BANK13  BANK14  BANK15
      Params:         4       0       0       0       0       0       0       0       0       0       0       0       0       0       0       0       0
      Locals:         4       0       0       0       0       0       0       0       0       0       0       0       0       0       0       0       0
      Temps:          1       0       0       0       0       0       0       0       0       0       0       0       0       0       0       0       0
      Totals:         9       0       0       0       0       0       0       0       0       0       0       0       0       0       0       0       0
Total ram usage:        9 bytes
 Hardware stack levels used:    1
 Hardware stack levels required when called:    1
 This function calls:
		Nothing
 This function is called by:
		_PROCULUS_REG_Write
		_PROCULUS_REG_Read
		_PROCULUS_VP_Write
		_PROCULUS_VP_Read
		_PROCULUS_Control_Activation
		_PROCULUS_Read_RTC
		_PROCULUS_OK
		_PROCULUS_NOK
		_PROCULUS_Get_Page
		_main
		_ShowSensorRealTimeHS
		_ShowMessage
		_global_vacuo
		_pagina_49
 This function uses a non-reentrant model


 *************** function _USART_put_int *****************
 Defined at:
		line 124 in file "usart.c"
 Parameters:    Size  Location     Type
  value           2   12[COMRAM] unsigned int 
 Auto vars:     Size  Location     Type
		None
 Return value:  Size  Location     Type
                  1    wreg      void 
 Registers used:
		wreg, status,2, cstack
 Tracked objects:
		On entry : 
		On exit  : 
		Unchanged: 
 Data sizes:     COMRAM   BANK0   BANK1   BANK2   BANK3   BANK4   BANK5   BANK6   BANK7   BANK8   BANK9  BANK10  BANK11  BANK12  BANK13  BANK14  BANK15
      Params:         2       0       0       0       0       0       0       0       0       0       0       0       0       0       0       0       0
      Locals:         0       0       0       0       0       0       0       0       0       0       0       0       0       0       0       0       0
      Temps:          0       0       0       0       0       0       0       0       0       0       0       0       0       0       0       0       0
      Totals:         2       0       0       0       0       0       0       0       0       0       0       0       0       0       0       0       0
Total ram usage:        2 bytes
 Hardware stack levels used:    1
 Hardware stack levels required when called:    2
 This function calls:
		_USART_putc
 This function is called by:
		_PROCULUS_REG_Write
		_PROCULUS_REG_Read
		_PROCULUS_VP_Write
		_PROCULUS_VP_Read
		_PROCULUS_Control_Activation
		_PROCULUS_Read_RTC
		_PROCULUS_Write_RTC
		_PROCULUS_Get_Page
		_PROCULUS_graphic_plot
		_Send_To_Slave
		_Send_to_PC
		_Decodify_Command
		_Comando_Protocolo_Serial
 This function uses a non-reentrant model


 *************** function _USART_putc *****************
 Defined at:
		line 59 in file "usart.c"
 Parameters:    Size  Location     Type
  value           1    wreg     unsigned char 
 Auto vars:     Size  Location     Type
  value           1   11[COMRAM] unsigned char 
 Return value:  Size  Location     Type
                  1    wreg      void 
 Registers used:
		wreg, status,2
 Tracked objects:
		On entry : 
		On exit  : 
		Unchanged: 
 Data sizes:     COMRAM   BANK0   BANK1   BANK2   BANK3   BANK4   BANK5   BANK6   BANK7   BANK8   BANK9  BANK10  BANK11  BANK12  BANK13  BANK14  BANK15
      Params:         0       0       0       0       0       0       0       0       0       0       0       0       0       0       0       0       0
      Locals:         1       0       0       0       0       0       0       0       0       0       0       0       0       0       0       0       0
      Temps:          0       0       0       0       0       0       0       0       0       0       0       0       0       0       0       0       0
      Totals:         1       0       0       0       0       0       0       0       0       0       0       0       0       0       0       0       0
Total ram usage:        1 bytes
 Hardware stack levels used:    1
 Hardware stack levels required when called:    1
 This function calls:
		Nothing
 This function is called by:
		_PROCULUS_REG_Write
		_PROCULUS_REG_Read
		_PROCULUS_VP_Write
		_PROCULUS_VP_Read
		_PROCULUS_Control_Activation
		_PROCULUS_Read_RTC
		_PROCULUS_Write_RTC
		_PROCULUS_Get_Page
		_PROCULUS_graphic_plot
		_USART_put_buffer
		_USART_put_int
		_USART_put_string
		_main
		_Send_To_Slave
		_Send_to_PC
		_Decodify_Command
		_Comando_Protocolo_Serial
 This function uses a non-reentrant model


 *************** function _AcordaFilha *****************
 Defined at:
		line 3026 in file "Liofilizador Placa Mae.c"
 Parameters:    Size  Location     Type
		None
 Auto vars:     Size  Location     Type
		None
 Return value:  Size  Location     Type
                  1    wreg      void 
 Registers used:
		None
 Tracked objects:
		On entry : 
		On exit  : 
		Unchanged: 
 Data sizes:     COMRAM   BANK0   BANK1   BANK2   BANK3   BANK4   BANK5   BANK6   BANK7   BANK8   BANK9  BANK10  BANK11  BANK12  BANK13  BANK14  BANK15
      Params:         0       0       0       0       0       0       0       0       0       0       0       0       0       0       0       0       0
      Locals:         0       0       0       0       0       0       0       0       0       0       0       0       0       0       0       0       0
      Temps:          0       0       0       0       0       0       0       0       0       0       0       0       0       0       0       0       0
      Totals:         0       0       0       0       0       0       0       0       0       0       0       0       0       0       0       0       0
Total ram usage:        0 bytes
 Hardware stack levels used:    1
 Hardware stack levels required when called:    1
 This function calls:
		Nothing
 This function is called by:
		_main
 This function uses a non-reentrant model


 *************** function _isr *****************
 Defined at:
		line 70 in file "isr.c"
 Parameters:    Size  Location     Type
		None
 Auto vars:     Size  Location     Type
  i               1   10[COMRAM] unsigned char 
 Return value:  Size  Location     Type
                  1    wreg      void 
 Registers used:
		wreg, fsr2l, fsr2h, status,2, status,0, prodl, prodh
 Tracked objects:
		On entry : 
		On exit  : 
		Unchanged: 
 Data sizes:     COMRAM   BANK0   BANK1   BANK2   BANK3   BANK4   BANK5   BANK6   BANK7   BANK8   BANK9  BANK10  BANK11  BANK12  BANK13  BANK14  BANK15
      Params:         0       0       0       0       0       0       0       0       0       0       0       0       0       0       0       0       0
      Locals:         1       0       0       0       0       0       0       0       0       0       0       0       0       0       0       0       0
      Temps:         10       0       0       0       0       0       0       0       0       0       0       0       0       0       0       0       0
      Totals:        11       0       0       0       0       0       0       0       0       0       0       0       0       0       0       0       0
Total ram usage:       11 bytes
 Hardware stack levels used:    1
 This function calls:
		Nothing
 This function is called by:
		Interrupt level 1
 This function uses a non-reentrant model



MODULE INFORMATION

Module		Function		Class		Link	Load	Size
C:\Program Files (x86)\Microchip\xc8\v2.10\pic\sources\c99\common\strcat.c
		_strcat        		CODE           	690E	0000	39

C:\Program Files (x86)\Microchip\xc8\v2.10\pic\sources\c99\common\strcat.c estimated size: 39

C:\Program Files (x86)\Microchip\xc8\v2.10\pic\sources\c99\common\xxtofl.c
		___xxtofl      		CODE           	3AB8	0000	321

C:\Program Files (x86)\Microchip\xc8\v2.10\pic\sources\c99\common\xxtofl.c estimated size: 321

C:\Program Files (x86)\Microchip\xc8\v2.10\pic\sources\c99\common\lwdiv.c
		___lwdiv       		CODE           	5FF0	0000	83

C:\Program Files (x86)\Microchip\xc8\v2.10\pic\sources\c99\common\lwdiv.c estimated size: 83

C:\Program Files (x86)\Microchip\xc8\v2.10\pic\sources\c99\common\awdiv.c
		___awdiv       		CODE           	5814	0000	133

C:\Program Files (x86)\Microchip\xc8\v2.10\pic\sources\c99\common\awdiv.c estimated size: 133

C:\Program Files (x86)\Microchip\xc8\v2.10\pic\sources\c99\common\strlen.c
		_strlen        		CODE           	62F8	0000	69

C:\Program Files (x86)\Microchip\xc8\v2.10\pic\sources\c99\common\strlen.c estimated size: 69

C:\Program Files (x86)\Microchip\xc8\v2.10\pic\sources\c99\common\fltol.c
		___fltol       		CODE           	4F1A	0000	187

C:\Program Files (x86)\Microchip\xc8\v2.10\pic\sources\c99\common\fltol.c estimated size: 187

usart.c
		_USART_input_buffer		CODE           	643E	0000	63
		_USART_putc    		CODE           	6AEC	0000	27
		_USART_to_Protocol		CODE           	4CE4	0000	193
		_USART_put_string		CODE           	5898	0000	133
		_USART_put_int 		CODE           	6BB4	0000	15
		_USART_put_buffer		CODE           	686A	0000	45
		_USART_init    		CODE           	599E	0000	129

usart.c estimated size: 605

C:\Program Files (x86)\Microchip\xc8\v2.10\pic\sources\c99\common\lbmod.c
		___lbmod       		CODE           	6896	0000	43

C:\Program Files (x86)\Microchip\xc8\v2.10\pic\sources\c99\common\lbmod.c estimated size: 43

C:\Program Files (x86)\Microchip\xc8\v2.10\pic\sources\c99\common\strcpy.c
		_strcpy        		CODE           	5F4A	0000	85

C:\Program Files (x86)\Microchip\xc8\v2.10\pic\sources\c99\common\strcpy.c estimated size: 85

I2C.c
		_I2C_Master_Read		CODE           	647C	0000	63
		_I2C_Master_Wait		CODE           	6B74	0000	19
		_I2C_Master_Init		CODE           	5E42	0000	91
		_I2C_Master_Stop		CODE           	6BD8	0000	11
		_I2C_Master_RepeatedStart		CODE           	6BF6	0000	9
		_I2C_Master_Write		CODE           	6BCE	0000	11
		_I2C_Master_Start		CODE           	6B4E	0000	21

I2C.c estimated size: 225

C:\Program Files (x86)\Microchip\xc8\v2.10\pic\sources\c99\common\sprcmul.c
		___flmul       		CODE           	1DB6	0000	813

C:\Program Files (x86)\Microchip\xc8\v2.10\pic\sources\c99\common\sprcmul.c estimated size: 813

C:\Program Files (x86)\Microchip\xc8\v2.10\pic\sources\c99\common\__lldiv.c
		___lldiv       		CODE           	591C	0000	131

C:\Program Files (x86)\Microchip\xc8\v2.10\pic\sources\c99\common\__lldiv.c estimated size: 131

proculus.c
		_PROCULUS_OK   		CODE           	61CA	0000	79
		_PROCULUS_VP_Read		CODE           	4DA4	0000	189
		_PROCULUS_NOK  		CODE           	6A36	0000	35
		_PROCULUS_REG_Read		CODE           	4FD4	0000	185
		_PROCULUS_TPFLAG_Write		CODE           	6B06	0000	25
		_PROCULUS_Get_Page		CODE           	543E	0000	147
		_PROCULUS_Show_Screen		CODE           	6AB8	0000	27
		_PROCULUS_Control_Activation		CODE           	6042	0000	81
		_PROCULUS_VP_Write_String		CODE           	6934	0000	39
		_PROCULUS_VP_Write		CODE           	51E2	0000	163
		_PROCULUS_Popup		CODE           	6BE2	0000	11
		_PROCULUS_Write_RTC		CODE           	3BF8	0000	301
		_PROCULUS_VP_Read_String		CODE           	6AD2	0000	27
		_PROCULUS_VP_Read_UInt16		CODE           	6A12	0000	37
		_PROCULUS_REG_Write		CODE           	5D24	0000	101
		_PROCULUS_VP_Write_Long32		CODE           	6218	0000	77
		_PROCULUS_Buzzer		CODE           	677C	0000	51
		_PROCULUS_Buffer_to_Proculus		CODE           	4186	0000	267
		_PROCULUS_Read_RTC		CODE           	355C	0000	365
		_PROCULUS_graphic_plot		CODE           	5E9C	0000	91
		_PROCULUS_TPFLAG_Read		CODE           	6B62	0000	19
		_PROCULUS_VP_Write_UInt16		CODE           	6A98	0000	33
		_PROCULUS_VP_Read_Double32		CODE           	68C0	0000	41

proculus.c estimated size: 2391

eeprom.c
		_EEPROM_Write_String		CODE           	637E	0000	67
		_EEPROM_Read_Byte		CODE           	65A6	0000	57
		_EEPROM_Write_Buffer		CODE           	66B4	0000	51
		_EEPROM_Write_Byte		CODE           	5D88	0000	97
		_EEPROM_Read_Integer		CODE           	6680	0000	53
		_EEPROM_Write_Long32		CODE           	683C	0000	47
		_EEPROM_Read_String		CODE           	664A	0000	55
		_EEPROM_Write_Integer		CODE           	695A	0000	39
		_EEPROM_Read_Buffer		CODE           	67AE	0000	49
		_EEPROM_Read_Long32		CODE           	64F6	0000	61

eeprom.c estimated size: 576

adc.c
		_My_ADC_init   		CODE           	6B98	0000	15

adc.c estimated size: 15

isr.c
		_isr           		CODE           	0018	0000	697

isr.c estimated size: 697

C:\Program Files (x86)\Microchip\xc8\v2.10\pic\sources\c99\common\lbdiv.c
		___lbdiv       		CODE           	6532	0000	59

C:\Program Files (x86)\Microchip\xc8\v2.10\pic\sources\c99\common\lbdiv.c estimated size: 59

shared
		__initialization		CODE           	4A9E	0000	181
		print@MAXVP    		MEDIUMCONST    	0000	0000	0
		_TrendColor    		MEDIUMCONST    	FC89	0000	27

shared estimated size: 208

Liofilizador Placa Mae.c
		_Captura_Pagina		CODE           	5B7E	0000	111
		_Upload_Data_to_Slave		CODE           	2A4A	0000	455
		_Gerenciador_de_Senha		CODE           	36C8	0000	349
		_Check_And_Send_Capture_Datalog		CODE           	6B36	0000	25
		_Send_to_PC    		CODE           	680E	0000	47
		_TrendCurveFuncao		CODE           	1184	0000	1413
		_SaveLiofilizadorOnMemory		CODE           	4572	0000	233
		_Gerenciador_de_Senha_Global		CODE           	2F60	0000	395
		_global_datalog		CODE           	60E0	0000	79
		_Send_To_Slave 		CODE           	4740	0000	231
		_AcordaFilha   		CODE           	6BEC	0000	11
		_Formatar_Lista_de_Receitas		CODE           	62B0	0000	73
		_SaveBlackoutStatusRuning		CODE           	63C0	0000	65
		_Send_To_Slave_EMULA		CODE           	3D24	0000	289
		_showTotalReset		CODE           	263E	0000	521
		_Set_Receita   		CODE           	49D4	0000	203
		_Gravar_Status_da_Senha_Global		CODE           	6B86	0000	19
		_main          		CODE           	02D4	0000	3761
		_Condensador_Switch		CODE           	6A78	0000	33
		_ShowMessage   		CODE           	5318	0000	149
		_Decodify_Command		CODE           	20E2	0000	729
		_Exibe_Tempo_de_Processo		CODE           	53AC	0000	147
		_Carregar_Parametros_de_Seguranca		CODE           	4C22	0000	195
		_Exibe_Hora_Data		CODE           	6400	0000	63
		_RecallBlackoutStatus		CODE           	5284	0000	149
		_pagina_31     		CODE           	1A88	0000	815
		_pagina_23     		CODE           	4B60	0000	195
		_pagina_15     		CODE           	656C	0000	59
		_pagina_25     		CODE           	617C	0000	79
		_pagina_47     		CODE           	55EA	0000	141
		_pagina_19     		CODE           	2846	0000	517
		_pagina_29     		CODE           	633C	0000	67
		_pagina_49     		CODE           	1708	0000	897
		_Comando_Display		CODE           	578C	0000	137
		_Grava_Receita 		CODE           	508C	0000	181
		_ShowHardwareInfo		CODE           	2C10	0000	453
		_ShowSensorRealTimeHS		CODE           	23BA	0000	645
		_Carrega_Tupla_Receita		CODE           	48FE	0000	215
		_DataBaseBackupMain		CODE           	3E44	0000	289
		_Incrementa_Contador_de_Repique_do_Vacuo		CODE           	65DE	0000	55
		_buscaIndex    		CODE           	69A6	0000	37
		_Contagem_Tempo_de_Processo		CODE           	6092	0000	79
		_Carregar_tempo_de_datalog		CODE           	674A	0000	51
		_global_condensador		CODE           	5A9E	0000	113
		_Atualizar_Lista_de_Receitas		CODE           	6B1E	0000	25
		_global_aquecimento		CODE           	4826	0000	217
		_Buffer_Manager		CODE           	54D0	0000	143
		_save_datalog  		CODE           	4480	0000	243
		_Formatar_Dados_de_Seguranca		CODE           	5F9E	0000	83
		_SEND_REPLY_OK 		CODE           	6BA6	0000	15
		_Formatar_Banco_de_Dados		CODE           	465A	0000	231
		_ShowAndSetSlaveParameters		CODE           	3972	0000	327
		_ShowStaticValueGrid		CODE           	33E4	0000	377
		_Icones_de_alarmes		CODE           	5702	0000	139
		_Formatar_Datalog		CODE           	5CBE	0000	103
		_Exibe_Receita 		CODE           	3F64	0000	279
		_Carregar_Status_da_Senha_Global		CODE           	5A1E	0000	129
		_SaveBlackoutStatus		CODE           	66E6	0000	51
		_Global_Aquecimento_Switch		CODE           	5DE8	0000	91
		_global_vacuo  		CODE           	3824	0000	335
		_Vaccum_Switch 		CODE           	6A58	0000	33
		_Comando_Protocolo_Serial		CODE           	4E60	0000	187

Liofilizador Placa Mae.c estimated size: 17778

EEPROM_24C1025.c
		_EEPROM_24C1025_Read_Str		CODE           	2DD4	0000	397
		_EEPROM_24C1025_Write_Int		CODE           	69CA	0000	37
		_EEPROM_24C1025_Read_Byte		CODE           	67DE	0000	49
		_EEPROM_24C1025_Read_Buffer		CODE           	30EA	0000	383
		_EEPROM_24C1025_Write_Byte		CODE           	68E8	0000	39
		_EEPROM_24C1025_Write_Buffer		CODE           	3268	0000	381
		_EEPROM_24C1025_Fill_All		CODE           	5BEC	0000	109
		_EEPROM_24C1025_Read_Int		CODE           	6614	0000	55
		_EEPROM_24C1025_Write_Str		CODE           	407A	0000	269

EEPROM_24C1025.c estimated size: 1719

C:\Program Files (x86)\Microchip\xc8\v2.10\pic\sources\c99\common\Umul16.c
		___wmul        		CODE           	6980	0000	39

C:\Program Files (x86)\Microchip\xc8\v2.10\pic\sources\c99\common\Umul16.c estimated size: 39

C:\Program Files (x86)\Microchip\xc8\v2.10\pic\sources\c99\common\awmod.c
		___awmod       		CODE           	5B0E	0000	113

C:\Program Files (x86)\Microchip\xc8\v2.10\pic\sources\c99\common\awmod.c estimated size: 113

timedate.c
		_my_delay_ms_CLRWDT		CODE           	612E	0000	79
		_my_delay_ms_TMR1		CODE           	5EF6	0000	85
		_my_delay_ms   		CODE           	6264	0000	77

timedate.c estimated size: 241

C:\Program Files (x86)\Microchip\xc8\v2.10\pic\sources\c99\common\llmod.c
		___llmod       		CODE           	5C58	0000	103

C:\Program Files (x86)\Microchip\xc8\v2.10\pic\sources\c99\common\llmod.c estimated size: 103

util.c.c
		_my_pow        		CODE           	5676	0000	141
		_clear_screen  		CODE           	64BA	0000	61
		_print         		CODE           	5140	0000	163
		_str2bcd       		CODE           	69EE	0000	37
		_itoa          		CODE           	4290	0000	255
		_ultoa         		CODE           	438E	0000	243
		_reverse       		CODE           	555E	0000	141
		_bcd2str       		CODE           	6718	0000	51

util.c.c estimated size: 1092

