Microchip MPLAB XC8 Compiler V2.32

Linker command line:

-W-3 --edf=C:\Program Files\Microchip\xc8\v2.32\pic\dat\en_msgs.txt -cn \
  -h+dist/default/debug\Liofilizador_Mother_Board.X.debug.sym \
  --cmf=dist/default/debug\Liofilizador_Mother_Board.X.debug.cmf -z \
  -Q18F4620 -oC:\Users\Nera\AppData\Local\Temp\xcAs44k.4 \
  --defsym=__MPLAB_BUILD=1 \
  -Mdist/default/debug/Liofilizador_Mother_Board.X.debug.map -E1 \
  -ver=XC8 Compiler --acfsm=1493 -ASTACK=07C4h-0EF3h -pstack=STACK \
  -ACODE=00h-0FD2Fh -ACONST=00h-0FD2Fh \
  -ASMALLCONST=01000h-010FFhx237,0FD00h-0FD2Fh -AMEDIUMCONST=01000h-0FD2Fh \
  -ACOMRAM=01h-07Fh -AABS1=00h-0EF3h,0F00h-0F7Fh \
  -ABIGRAM=01h-0EF3h,0F00h-0F7Fh \
  -ARAM=080h-0FFh,0100h-01FFhx13,0E00h-0EF3h,0F00h-0F7Fh -ABANK0=080h-0FFh \
  -ABANK1=0100h-01FFh -ABANK2=0200h-02FFh -ABANK3=0300h-03FFh \
  -ABANK4=0400h-04FFh -ABANK5=0500h-05FFh -ABANK6=0600h-06FFh \
  -ABANK7=0700h-07FFh -ABANK8=0800h-08FFh -ABANK9=0900h-09FFh \
  -ABANK10=0A00h-0AFFh -ABANK11=0B00h-0BFFh -ABANK12=0C00h-0CFFh \
  -ABANK13=0D00h-0DFFh -ABANK14=0E00h-0EF3h -ABANK15=0F00h-0F7Fh \
  -ASFR=0F80h-0F9Bh,0F9Dh-0FD3h,0FD5h-0FDAh,0FE0h-0FE2h,0FE8h-0FEAh,0FF0h-0FFCh \
  -ACONFIG=0300000h-030000Dh -AIDLOC=0200000h-0200007h \
  -AEEDATA=0F00000h-0F003FFh -peeprom_data=EEDATA \
  -preset_vec=00h,intcode,intcodelo=018h,powerup,init -pramtop=01000h \
  -psmallconst=SMALLCONST -pmediumconst=MEDIUMCONST -pconst=CONST \
  -AFARRAM=00h-00h \
  -prdata=COMRAM,nvrram=COMRAM,nvbit=COMRAM,rbss=COMRAM,rbit=COMRAM \
  -pfarbss=FARRAM,fardata=FARRAM,nvFARRAM=FARRAM \
  -pintsave_regs=BIGRAM,bigbss=BIGRAM,bigdata=BIGRAM -pbss=RAM \
  -pidata=CODE,irdata=CODE,ibigdata=CODE,ifardata=CODE -prparam=COMRAM \
  C:\Users\Nera\AppData\Local\Temp\xcAs44k.o \
  dist/default/debug\Liofilizador_Mother_Board.X.debug.o 

Object code version is 3.11

Machine type is 18F4620



                Name                               Link     Load   Length Selector   Space Scale
C:\Users\Nera\AppData\Local\Temp\xcAs44k.o
                idloc                            200000   200000        8        0       5
                config                           300000   300000        E        0       4
                init                                2AC      2AC        4        C       0
                reset_vec                             0        0        4        0       0
dist/default/debug\Liofilizador_Mother_Board.X.debug.o
                intcodelo                            18       18      294        C       0
                idloc                            200000   200000        8        0       5
                config                           300000   300000        E        0       4
                temp                                 77       77        1        1       1
                mediumconst                        F810     F810      520     7C08       0
                text176                            986C     986C       38        C       0
                text175                            8C66     8C66       82        C       0
                text174                            8DD4     8DD4       6E        C       0
                text173                            9E60     9E60       1E        C       0
                text172                            9580     9580       46        C       0
                text171                            9F96     9F96        E        C       0
                text170                            945C     945C       4C        C       0
                text169                            843C     843C       B4        C       0
                text168                            9E40     9E40       20        C       0
                text167                            8BE2     8BE2       84        C       0
                text166                            9CA2     9CA2       26        C       0
                text165                            89C8     89C8       8C        C       0
                text164                            8F7A     8F7A       62        C       0
                text163                            4B68     4B68      19C        C       0
                text162                            350A     350A      32C        C       0
                text161                            8162     8162       BC        C       0
                text160                            5D52     5D52      140        C       0
                text159                            6C1E     6C1E      106        C       0
                text158                            94A8     94A8       4A        C       0
                text157                            9690     9690       40        C       0
                text156                            9A74     9A74       32        C       0
                text155                            913E     913E       54        C       0
                text154                            960A     960A       44        C       0
                text153                            9C7C     9C7C       26        C       0
                text152                            51AE     51AE      188        C       0
                text151                            9C56     9C56       26        C       0
                text150                            96D0     96D0       3E        C       0
                text149                            97FA     97FA       3A        C       0
                text148                            9BDE     9BDE       2A        C       0
                text147                            86F6     86F6       96        C       0
                text146                            9A42     9A42       32        C       0
                text145                            9ECC     9ECC       1A        C       0
                text144                            9F88     9F88        E        C       0
                text143                            9F4E     9F4E       10        C       0
                text142                            5336     5336      186        C       0
                text141                            9D58     9D58       24        C       0
                text140                            9B5E     9B5E       2C        C       0
                text139                            9978     9978       34        C       0
                text138                            6A0C     6A0C      10C        C       0
                text137                            8CE8     8CE8       7C        C       0
                text136                            91E4     91E4       52        C       0
                text135                            9A10     9A10       32        C       0
                text134                            7D88     7D88       CA        C       0
                text133                            92D6     92D6       50        C       0
                text132                            9FA4     9FA4        A        C       0
                text131                            6E22     6E22       F8        C       0
                text130                            9D34     9D34       24        C       0
                text129                            4016     4016      238        C       0
                text128                            7490     7490       DE        C       0
                text127                            8FDC     8FDC       60        C       0
                text126                            9C30     9C30       26        C       0
                text125                            9192     9192       52        C       0
                text124                            8F14     8F14       66        C       0
                text123                            964E     964E       42        C       0
                text122                            8388     8388       B4        C       0
                text121                            94F2     94F2       48        C       0
                text120                            9D9E     9D9E       22        C       0
                text119                            93C2     93C2       4E        C       0
                text118                            7CBE     7CBE       CA        C       0
                text117                            9F3C     9F3C       12        C       0
                text116                            9EFE     9EFE       18        C       0
                text115                            5BF2     5BF2      160        C       0
                text114                            9F2A     9F2A       12        C       0
                text113                            9410     9410       4C        C       0
                text112                            4E94     4E94      18E        C       0
                text111                            3836     3836      30C        C       0
                text110                            3B42     3B42      288        C       0
                text109                            85A2     85A2       AC        C       0
                text108                            90EA     90EA       54        C       0
                text107                            9374     9374       4E        C       0
                text106                            9EB2     9EB2       1A        C       0
                text105                            72CC     72CC       E4        C       0
                text104                            4632     4632      1D4        C       0
                text103                            9326     9326       4E        C       0
                text102                            9F7A     9F7A        E        C       0
                text101                            9E98     9E98       1A        C       0
                text100                            9F16     9F16       14        C       0
                text99                             9E7E     9E7E       1A        C       0
                text98                             77FA     77FA       D0        C       0
                text97                             9B04     9B04       2E        C       0
                text96                             953A     953A       46        C       0
                text95                             31D8     31D8      332        C       0
                text94                             1FC8     1FC8      426        C       0
                text93                             7F1A     7F1A       C8        C       0
                text92                             97C0     97C0       3A        C       0
                text91                             8B5E     8B5E       84        C       0
                text90                             8D64     8D64       70        C       0
                text89                             893C     893C       8C        C       0
                text88                             6D24     6D24       FE        C       0
                text87                             3DCA     3DCA      24C        C       0
                text86                             974A     974A       3C        C       0
                text85                             6486     6486      128        C       0
                text84                             903C     903C       58        C       0
                text83                             9F6C     9F6C        E        C       0
                text82                             54BC     54BC      180        C       0
                text81                             9944     9944       34        C       0
                text80                             78CA     78CA       CC        C       0
                text79                             2B36     2B36      35E        C       0
                text78                             7E52     7E52       C8        C       0
                text77                             9D10     9D10       24        C       0
                text76                             821E     821E       B6        C       0
                text75                             5022     5022      18C        C       0
                text74                             445A     445A      1D8        C       0
                text73                             9BB4     9BB4       2A        C       0
                text72                             84F0     84F0       B2        C       0
                text71                             7BF4     7BF4       CA        C       0
                text70                             9CEC     9CEC       24        C       0
                text69                             9E20     9E20       20        C       0
                text68                             9E00     9E00       20        C       0
                text67                             8E42     8E42       6C        C       0
                text66                             8A54     8A54       86        C       0
                text65                             23EE     23EE      3C2        C       0
                text64                             9DE0     9DE0       20        C       0
                text63                             68FC     68FC      110        C       0
                text62                             7B2A     7B2A       CA        C       0
                text61                             5A90     5A90      162        C       0
                text60                             65AE     65AE      126        C       0
                text59                             99DE     99DE       32        C       0
                text58                             80A4     80A4       BE        C       0
                text57                             756E     756E       DC        C       0
                text56                             9B32     9B32       2C        C       0
                text55                             5E92     5E92      13A        C       0
                text54                             98DA     98DA       36        C       0
                text53                             73B0     73B0       E0        C       0
                text52                             4D04     4D04      190        C       0
                text51                             5FCC     5FCC      136        C       0
                text50                             864E     864E       A8        C       0
                text49                             98A4     98A4       36        C       0
                text48                             5928     5928      168        C       0
                text47                             9D7C     9D7C       22        C       0
                text46                             9094     9094       56        C       0
                text45                             6102     6102      130        C       0
                text44                             9786     9786       3A        C       0
                text43                             67EA     67EA      112        C       0
                text42                             70FE     70FE       E8        C       0
                text41                             71E6     71E6       E6        C       0
                text40                             878C     878C       94        C       0
                text39                             563C     563C      178        C       0
                text38                             4806     4806      1C6        C       0
                text37                             424E     424E      20C        C       0
                text36                             7FE2     7FE2       C2        C       0
                text35                             57B4     57B4      174        C       0
                text34                             9AA6     9AA6       30        C       0
                text33                             99AC     99AC       32        C       0
                text32                             1A54     1A54      574        C       0
                text31                             700C     700C       F2        C       0
                text30                             9CC8     9CC8       24        C       0
                text29                             6232     6232      12C        C       0
                text28                             9286     9286       50        C       0
                text27                             95C6     95C6       44        C       0
                text26                             970E     970E       3C        C       0
                text25                             9AD6     9AD6       2E        C       0
                text24                             9C08     9C08       28        C       0
                text23                             2E94     2E94      344        C       0
                text22                             7724     7724       D6        C       0
                text21                             8820     8820       90        C       0
                text20                             66D4     66D4      116        C       0
                text19                             9EE6     9EE6       18        C       0
                text18                             635E     635E      128        C       0
                text17                             27B0     27B0      386        C       0
                text16                             88B0     88B0       8C        C       0
                text15                             9236     9236       50        C       0
                text14                             49CC     49CC      19C        C       0
                text13                             9B8A     9B8A       2A        C       0
                text12                             9DC0     9DC0       20        C       0
                text11                             9FAE     9FAE        6        C       0
                text10                             8ADA     8ADA       84        C       0
                text9                              9F5E     9F5E        E        C       0
                text8                              9910     9910       34        C       0
                text7                              1314     1314      740        C       0
                text6                              764A     764A       DA        C       0
                text5                              7A60     7A60       CA        C       0
                text4                              6B18     6B18      106        C       0
                text3                              9834     9834       38        C       0
                text2                              8EAE     8EAE       66        C       0
                text1                              6F1A     6F1A       F2        C       0
                text0                               2B0      2B0     1064        C       0
                cstackCOMRAM                          1        1       6E        1       1
                cstackBANK0                          80       80       60       80       1
                cstackBANK1                         190      190       68      100       1
                cstackBANK3                         3CA      3CA        E      300       1
                bssBIGRAM                           5B4      5B4      210      5B4       1
                dataBANK5                           500      500       B4      500       1
                bssBANK4                            400      400       AA      400       1
                bssBANK3                            300      300       CA      300       1
                bssBANK2                            200      200       FA      200       1
                dataBANK1                           1F8      1F8        4      100       1
                bssBANK1                            100      100       90      100       1
                dataBANK0                            F6       F6        4       80       1
                bssBANK0                             E0       E0       16       80       1
                bssCOMRAM                            6F       6F        8        1       1
                cinit                              7996     7996       CA        C       0
                idataBANK5                         82D4     82D4       B4        C       0
                idataBANK1                         9FB8     9FB8        4        C       0
                idataBANK0                         9FB4     9FB4        4        C       0

TOTAL           Name                               Link     Load   Length     Space
        CLASS   STACK          

        CLASS   CODE           
                intcodelo                            18       18      294         0
                init                                2AC      2AC        4         0
                reset_vec                             0        0        4         0
                text176                            986C     986C       38         0
                text175                            8C66     8C66       82         0
                text174                            8DD4     8DD4       6E         0
                text173                            9E60     9E60       1E         0
                text172                            9580     9580       46         0
                text171                            9F96     9F96        E         0
                text170                            945C     945C       4C         0
                text169                            843C     843C       B4         0
                text168                            9E40     9E40       20         0
                text167                            8BE2     8BE2       84         0
                text166                            9CA2     9CA2       26         0
                text165                            89C8     89C8       8C         0
                text164                            8F7A     8F7A       62         0
                text163                            4B68     4B68      19C         0
                text162                            350A     350A      32C         0
                text161                            8162     8162       BC         0
                text160                            5D52     5D52      140         0
                text159                            6C1E     6C1E      106         0
                text158                            94A8     94A8       4A         0
                text157                            9690     9690       40         0
                text156                            9A74     9A74       32         0
                text155                            913E     913E       54         0
                text154                            960A     960A       44         0
                text153                            9C7C     9C7C       26         0
                text152                            51AE     51AE      188         0
                text151                            9C56     9C56       26         0
                text150                            96D0     96D0       3E         0
                text149                            97FA     97FA       3A         0
                text148                            9BDE     9BDE       2A         0
                text147                            86F6     86F6       96         0
                text146                            9A42     9A42       32         0
                text145                            9ECC     9ECC       1A         0
                text144                            9F88     9F88        E         0
                text143                            9F4E     9F4E       10         0
                text142                            5336     5336      186         0
                text141                            9D58     9D58       24         0
                text140                            9B5E     9B5E       2C         0
                text139                            9978     9978       34         0
                text138                            6A0C     6A0C      10C         0
                text137                            8CE8     8CE8       7C         0
                text136                            91E4     91E4       52         0
                text135                            9A10     9A10       32         0
                text134                            7D88     7D88       CA         0
                text133                            92D6     92D6       50         0
                text132                            9FA4     9FA4        A         0
                text131                            6E22     6E22       F8         0
                text130                            9D34     9D34       24         0
                text129                            4016     4016      238         0
                text128                            7490     7490       DE         0
                text127                            8FDC     8FDC       60         0
                text126                            9C30     9C30       26         0
                text125                            9192     9192       52         0
                text124                            8F14     8F14       66         0
                text123                            964E     964E       42         0
                text122                            8388     8388       B4         0
                text121                            94F2     94F2       48         0
                text120                            9D9E     9D9E       22         0
                text119                            93C2     93C2       4E         0
                text118                            7CBE     7CBE       CA         0
                text117                            9F3C     9F3C       12         0
                text116                            9EFE     9EFE       18         0
                text115                            5BF2     5BF2      160         0
                text114                            9F2A     9F2A       12         0
                text113                            9410     9410       4C         0
                text112                            4E94     4E94      18E         0
                text111                            3836     3836      30C         0
                text110                            3B42     3B42      288         0
                text109                            85A2     85A2       AC         0
                text108                            90EA     90EA       54         0
                text107                            9374     9374       4E         0
                text106                            9EB2     9EB2       1A         0
                text105                            72CC     72CC       E4         0
                text104                            4632     4632      1D4         0
                text103                            9326     9326       4E         0
                text102                            9F7A     9F7A        E         0
                text101                            9E98     9E98       1A         0
                text100                            9F16     9F16       14         0
                text99                             9E7E     9E7E       1A         0
                text98                             77FA     77FA       D0         0
                text97                             9B04     9B04       2E         0
                text96                             953A     953A       46         0
                text95                             31D8     31D8      332         0
                text94                             1FC8     1FC8      426         0
                text93                             7F1A     7F1A       C8         0
                text92                             97C0     97C0       3A         0
                text91                             8B5E     8B5E       84         0
                text90                             8D64     8D64       70         0
                text89                             893C     893C       8C         0
                text88                             6D24     6D24       FE         0
                text87                             3DCA     3DCA      24C         0
                text86                             974A     974A       3C         0
                text85                             6486     6486      128         0
                text84                             903C     903C       58         0
                text83                             9F6C     9F6C        E         0
                text82                             54BC     54BC      180         0
                text81                             9944     9944       34         0
                text80                             78CA     78CA       CC         0
                text79                             2B36     2B36      35E         0
                text78                             7E52     7E52       C8         0
                text77                             9D10     9D10       24         0
                text76                             821E     821E       B6         0
                text75                             5022     5022      18C         0
                text74                             445A     445A      1D8         0
                text73                             9BB4     9BB4       2A         0
                text72                             84F0     84F0       B2         0
                text71                             7BF4     7BF4       CA         0
                text70                             9CEC     9CEC       24         0
                text69                             9E20     9E20       20         0
                text68                             9E00     9E00       20         0
                text67                             8E42     8E42       6C         0
                text66                             8A54     8A54       86         0
                text65                             23EE     23EE      3C2         0
                text64                             9DE0     9DE0       20         0
                text63                             68FC     68FC      110         0
                text62                             7B2A     7B2A       CA         0
                text61                             5A90     5A90      162         0
                text60                             65AE     65AE      126         0
                text59                             99DE     99DE       32         0
                text58                             80A4     80A4       BE         0
                text57                             756E     756E       DC         0
                text56                             9B32     9B32       2C         0
                text55                             5E92     5E92      13A         0
                text54                             98DA     98DA       36         0
                text53                             73B0     73B0       E0         0
                text52                             4D04     4D04      190         0
                text51                             5FCC     5FCC      136         0
                text50                             864E     864E       A8         0
                text49                             98A4     98A4       36         0
                text48                             5928     5928      168         0
                text47                             9D7C     9D7C       22         0
                text46                             9094     9094       56         0
                text45                             6102     6102      130         0
                text44                             9786     9786       3A         0
                text43                             67EA     67EA      112         0
                text42                             70FE     70FE       E8         0
                text41                             71E6     71E6       E6         0
                text40                             878C     878C       94         0
                text39                             563C     563C      178         0
                text38                             4806     4806      1C6         0
                text37                             424E     424E      20C         0
                text36                             7FE2     7FE2       C2         0
                text35                             57B4     57B4      174         0
                text34                             9AA6     9AA6       30         0
                text33                             99AC     99AC       32         0
                text32                             1A54     1A54      574         0
                text31                             700C     700C       F2         0
                text30                             9CC8     9CC8       24         0
                text29                             6232     6232      12C         0
                text28                             9286     9286       50         0
                text27                             95C6     95C6       44         0
                text26                             970E     970E       3C         0
                text25                             9AD6     9AD6       2E         0
                text24                             9C08     9C08       28         0
                text23                             2E94     2E94      344         0
                text22                             7724     7724       D6         0
                text21                             8820     8820       90         0
                text20                             66D4     66D4      116         0
                text19                             9EE6     9EE6       18         0
                text18                             635E     635E      128         0
                text17                             27B0     27B0      386         0
                text16                             88B0     88B0       8C         0
                text15                             9236     9236       50         0
                text14                             49CC     49CC      19C         0
                text13                             9B8A     9B8A       2A         0
                text12                             9DC0     9DC0       20         0
                text11                             9FAE     9FAE        6         0
                text10                             8ADA     8ADA       84         0
                text9                              9F5E     9F5E        E         0
                text8                              9910     9910       34         0
                text7                              1314     1314      740         0
                text6                              764A     764A       DA         0
                text5                              7A60     7A60       CA         0
                text4                              6B18     6B18      106         0
                text3                              9834     9834       38         0
                text2                              8EAE     8EAE       66         0
                text1                              6F1A     6F1A       F2         0
                text0                               2B0      2B0     1064         0
                cinit                              7996     7996       CA         0
                idataBANK5                         82D4     82D4       B4         0
                idataBANK1                         9FB8     9FB8        4         0
                idataBANK0                         9FB4     9FB4        4         0

        CLASS   CONST          

        CLASS   SMALLCONST     

        CLASS   MEDIUMCONST    
                mediumconst                        F810     F810      520         0

        CLASS   COMRAM         
                temp                                 77       77        1         1
                cstackCOMRAM                          1        1       6E         1
                bssCOMRAM                            6F       6F        8         1

        CLASS   ABS1           

        CLASS   BIGRAM         
                bssBIGRAM                           5B4      5B4      210         1

        CLASS   RAM            

        CLASS   BANK0          
                cstackBANK0                          80       80       60         1
                dataBANK0                            F6       F6        4         1
                bssBANK0                             E0       E0       16         1

        CLASS   BANK1          
                cstackBANK1                         190      190       68         1
                dataBANK1                           1F8      1F8        4         1
                bssBANK1                            100      100       90         1

        CLASS   BANK2          
                bssBANK2                            200      200       FA         1

        CLASS   BANK3          
                cstackBANK3                         3CA      3CA        E         1
                bssBANK3                            300      300       CA         1

        CLASS   BANK4          
                bssBANK4                            400      400       AA         1

        CLASS   BANK5          
                dataBANK5                           500      500       B4         1

        CLASS   BANK6          

        CLASS   BANK7          

        CLASS   BANK8          

        CLASS   BANK9          

        CLASS   BANK10         

        CLASS   BANK11         

        CLASS   BANK12         

        CLASS   BANK13         

        CLASS   BANK14         

        CLASS   BANK15         

        CLASS   SFR            

        CLASS   CONFIG         
                config                           300000   300000        E         4

        CLASS   IDLOC          
                idloc                            200000   200000        8         5

        CLASS   EEDATA         

        CLASS   FARRAM         



SEGMENTS        Name                           Load    Length   Top    Selector   Space  Class

                reset_vec                      000000  000004  000004         0       0  CODE    
                cstackCOMRAM                   000001  000077  000078         1       1  COMRAM  
                intcodelo                      000018  009FA4  009FBC         C       0  CODE    
                cstackBANK0                    000080  00007A  0000FA        80       1  BANK0   
                bssBANK1                       000100  0000FC  0001FC       100       1  BANK1   
                bssBANK2                       000200  0000FA  0002FA       200       1  BANK2   
                bssBANK3                       000300  0000D8  0003D8       300       1  BANK3   
                bssBANK4                       000400  0000AA  0004AA       400       1  BANK4   
                dataBANK5                      000500  0000B4  0005B4       500       1  BANK5   
                bssBIGRAM                      0005B4  000210  0007C4       5B4       1  BIGRAM  
                mediumconst                    00F810  000520  00FD30      7C08       0  MEDIUMCO


UNUSED ADDRESS RANGES

        Name                Unused          Largest block    Delta
        BANK0            0000FA-0000FF                6
        BANK1            0001FC-0001FF                4
        BANK10           000A00-000AFF              100
        BANK11           000B00-000BFF              100
        BANK12           000C00-000CFF              100
        BANK13           000D00-000DFF              100
        BANK14           000E00-000EF3               F4
        BANK15           000F00-000F7F               80
        BANK2            0002FA-0002FF                6
        BANK3            0003D8-0003FF               28
        BANK4            0004AA-0004FF               56
        BANK7            0007C4-0007FF               3C
        BANK8            000800-0008FF              100
        BANK9            000900-0009FF              100
        BIGRAM           000078-00007F                8
                         0000FA-0000FF                6
                         0001FC-0001FF                4
                         0002FA-0002FF                6
                         0003D8-0003FF               28
                         0004AA-0004FF               56
                         0007C4-000EF3              730
                         000F00-000F7F               80
        CODE             000004-000017               14
                         009FBC-00F80F             5854
        COMRAM           000078-00007F                8
        CONST            000004-000017               14
                         009FBC-00F80F             5854
        EEDATA           F00000-F003FF              400
        MEDIUMCONST      009FBC-00F80F             5854
        RAM              0000FA-0000FF                6
                         0001FC-0001FF                4
                         0002FA-0002FF                6
                         0003D8-0003FF               28
                         0004AA-0004FF               56
                         0007C4-000EF3              100
                         000F00-000F7F               80
        SFR              000F80-000F9B               1C
                         000F9D-000FD3               37
                         000FD5-000FDA                6
                         000FE0-000FE2                3
                         000FE8-000FEA                3
                         000FF0-000FFC                D
        SMALLCONST       009FBC-00F80F              100
        STACK            0007C4-000EF3              730

                                  Symbol Table

?_EEPROM_24C1025_Read_Int                         cstackCOMRAM 00001B
?_EEPROM_24C1025_Read_Long                        cstackCOMRAM 00001B
?_EEPROM_Read_Integer                             cstackCOMRAM 00000D
?_EEPROM_Read_Long32                              cstackCOMRAM 00000D
?_I2C_Master_Read                                 cstackCOMRAM 00000B
?_PROCULUS_Get_Page                               cstackCOMRAM 000028
?_PROCULUS_VP_Read_Double32                       cstackCOMRAM 000032
?_PROCULUS_VP_Read_Int16                          cstackCOMRAM 000032
?_PROCULUS_VP_Read_UInt16                         cstackCOMRAM 000032
?_Send_To_Slave                                   cstackCOMRAM 000028
?___awdiv                                         cstackCOMRAM 000009
?___awmod                                         cstackCOMRAM 000009
?___fladd                                         cstackCOMRAM 000049
?___fldiv                                         cstackCOMRAM 000030
?___flmul                                         cstackCOMRAM 000017
?___flneg                                         cstackCOMRAM 000009
?___flsub                                         cstackCOMRAM 000059
?___fltol                                         cstackCOMRAM 000069
?___lldiv                                         cstackCOMRAM 000009
?___llmod                                         cstackCOMRAM 000009
?___lwdiv                                         cstackCOMRAM 000009
?___wmul                                          cstackCOMRAM 000015
?___xxtofl                                        cstackCOMRAM 000009
?_my_pow                                          cstackCOMRAM 00001B
?_roundf                                          cstackCOMRAM 000061
?_strlen                                          cstackCOMRAM 000009
Atualizar_Lista_de_Receitas@i                     cstackCOMRAM 00003E
Carrega_Tupla_Receita@addeeprom                   cstackCOMRAM 00001C
Carrega_Tupla_Receita@index                       cstackCOMRAM 00001B
Carrega_Tupla_Receita@receita                     cstackCOMRAM 000017
Comando_Protocolo_Serial@DestinoMemo              cstackCOMRAM 000058
Comando_Protocolo_Serial@i                        cstackCOMRAM 000059
Condensador_Switch@buffer                         cstackCOMRAM 000039
Condensador_Switch@estado                         cstackCOMRAM 000038
Contagem_Tempo_de_Processo@value                  cstackCOMRAM 000034
DataBaseBackupMain@addEEPROM                      cstackCOMRAM 000047
DataBaseBackupMain@tupla                          cstackCOMRAM 000044
DataBaseBackupMain@vp                             cstackCOMRAM 000045
Decodify_Command@add                              cstackBANK0  0000AA
Decodify_Command@add_24LCxxxx                     cstackBANK0  0000B7
Decodify_Command@add_Chip                         cstackBANK0  0000AC
Decodify_Command@dados                            cstackBANK0  0000A8
Decodify_Command@date                             cstackBANK0  000080
Decodify_Command@date_2067                        cstackBANK0  000094
Decodify_Command@i                                cstackBANK0  0000B6
Decodify_Command@i_2078                           cstackBANK0  0000AF
Decodify_Command@retorno32b                       cstackBANK0  0000B0
Decodify_Command@sizedata                         cstackBANK0  0000AD
Decodify_Command@tempchar                         cstackBANK0  0000AE
Decodify_Command@tempint                          cstackBANK0  0000B4
Decodify_Command@time                             cstackBANK0  00008A
Decodify_Command@time_2068                        cstackBANK0  00009E
DelayBackupReturn@retorno                         cstackCOMRAM 00004F
DelayBackupReturn@tempo                           cstackCOMRAM 000049
DelayBackupReturn@texto                           cstackCOMRAM 00004B
DelayBackupReturn@vp                              cstackCOMRAM 000047
EEPROM_24C1025_Fill_All@chip_add                  cstackCOMRAM 00002A
EEPROM_24C1025_Fill_All@mem_add                   cstackCOMRAM 00002B
EEPROM_24C1025_Fill_All@value                     cstackCOMRAM 000028
EEPROM_24C1025_Read_Buffer@chip_add               cstackCOMRAM 000018
EEPROM_24C1025_Read_Buffer@cnt_165                cstackCOMRAM 000017
EEPROM_24C1025_Read_Buffer@ctrl                   cstackCOMRAM 00001A
EEPROM_24C1025_Read_Buffer@data                   cstackCOMRAM 000015
EEPROM_24C1025_Read_Buffer@mem_add                cstackCOMRAM 000010
EEPROM_24C1025_Read_Buffer@range                  cstackCOMRAM 000019
EEPROM_24C1025_Read_Buffer@sizedata               cstackCOMRAM 000014
EEPROM_24C1025_Read_Buffer_to_USART@chip_add      cstackCOMRAM 00002F
EEPROM_24C1025_Read_Buffer_to_USART@cnt_174       cstackCOMRAM 00002E
EEPROM_24C1025_Read_Buffer_to_USART@ctrl          cstackCOMRAM 000031
EEPROM_24C1025_Read_Buffer_to_USART@data          cstackCOMRAM 00002B
EEPROM_24C1025_Read_Buffer_to_USART@mem_add       cstackCOMRAM 000026
EEPROM_24C1025_Read_Buffer_to_USART@range         cstackCOMRAM 000030
EEPROM_24C1025_Read_Buffer_to_USART@sizedata      cstackCOMRAM 00002A
EEPROM_24C1025_Read_Byte@chip_add                 cstackCOMRAM 00001F
EEPROM_24C1025_Read_Byte@data                     cstackCOMRAM 000020
EEPROM_24C1025_Read_Byte@mem_add                  cstackCOMRAM 00001B
EEPROM_24C1025_Read_Int@chip_add                  cstackCOMRAM 000021
EEPROM_24C1025_Read_Int@data                      cstackCOMRAM 000022
EEPROM_24C1025_Read_Int@mem_add                   cstackCOMRAM 00001B
EEPROM_24C1025_Read_Long@chip_add                 cstackCOMRAM 000037
EEPROM_24C1025_Read_Long@data                     cstackCOMRAM 000038
EEPROM_24C1025_Read_Long@mem_add                  cstackCOMRAM 00001B
EEPROM_24C1025_Read_Long@resultado                cstackCOMRAM 000033
EEPROM_24C1025_Read_Str@chip_add                  cstackCOMRAM 000018
EEPROM_24C1025_Read_Str@cnt                       cstackCOMRAM 000017
EEPROM_24C1025_Read_Str@ctrl                      cstackCOMRAM 00001A
EEPROM_24C1025_Read_Str@mem_add                   cstackCOMRAM 000010
EEPROM_24C1025_Read_Str@range                     cstackCOMRAM 000019
EEPROM_24C1025_Read_Str@texto                     cstackCOMRAM 000014
EEPROM_24C1025_Write_Buffer@chip_add              cstackCOMRAM 00001C
EEPROM_24C1025_Write_Buffer@count                 cstackCOMRAM 00001B
EEPROM_24C1025_Write_Buffer@ctrl                  cstackCOMRAM 00001E
EEPROM_24C1025_Write_Buffer@data                  cstackCOMRAM 000012
EEPROM_24C1025_Write_Buffer@mem_add               cstackCOMRAM 00000D
EEPROM_24C1025_Write_Buffer@range                 cstackCOMRAM 00001D
EEPROM_24C1025_Write_Buffer@sizedata              cstackCOMRAM 000011
EEPROM_24C1025_Write_Byte@chip_add                cstackCOMRAM 000024
EEPROM_24C1025_Write_Byte@data                    cstackCOMRAM 000023
EEPROM_24C1025_Write_Byte@mem_add                 cstackCOMRAM 00001F
EEPROM_24C1025_Write_Int@chip_add                 cstackCOMRAM 000025
EEPROM_24C1025_Write_Int@data                     cstackCOMRAM 000023
EEPROM_24C1025_Write_Int@local                    cstackCOMRAM 000026
EEPROM_24C1025_Write_Int@mem_add                  cstackCOMRAM 00001F
EEPROM_24C1025_Write_Long@chip_add                cstackCOMRAM 000027
EEPROM_24C1025_Write_Long@data                    cstackCOMRAM 000023
EEPROM_24C1025_Write_Long@local                   cstackCOMRAM 000028
EEPROM_24C1025_Write_Long@mem_add                 cstackCOMRAM 00001F
EEPROM_24C1025_Write_Str@chip_add                 cstackCOMRAM 000014
EEPROM_24C1025_Write_Str@ctrl                     cstackCOMRAM 000016
EEPROM_24C1025_Write_Str@data                     cstackCOMRAM 000011
EEPROM_24C1025_Write_Str@mem_add                  cstackCOMRAM 00000D
EEPROM_24C1025_Write_Str@range                    cstackCOMRAM 000015
EEPROM_Read_Buffer@addr                           cstackCOMRAM 00000D
EEPROM_Read_Buffer@dado                           cstackCOMRAM 00000F
EEPROM_Read_Buffer@i                              cstackCOMRAM 000012
EEPROM_Read_Buffer@size                           cstackCOMRAM 000011
EEPROM_Read_Byte@addr                             cstackCOMRAM 000009
EEPROM_Read_Integer@addr                          cstackCOMRAM 00000D
EEPROM_Read_Integer@resultado                     cstackCOMRAM 000013
EEPROM_Read_Long32@addr                           cstackCOMRAM 00000D
EEPROM_Read_Long32@i                              cstackCOMRAM 000016
EEPROM_Read_Long32@ptr                            cstackCOMRAM 000011
EEPROM_Read_Long32@result                         cstackCOMRAM 000012
EEPROM_Read_String@addr                           cstackCOMRAM 00000D
EEPROM_Read_String@c                              cstackCOMRAM 000011
EEPROM_Read_String@dado                           cstackCOMRAM 00000F
EEPROM_Write_Buffer@addr                          cstackCOMRAM 00003E
EEPROM_Write_Buffer@dado                          cstackCOMRAM 000040
EEPROM_Write_Buffer@i                             cstackCOMRAM 000043
EEPROM_Write_Buffer@size                          cstackCOMRAM 000042
EEPROM_Write_Byte@addr                            cstackCOMRAM 000038
EEPROM_Write_Byte@dado                            cstackCOMRAM 00003A
EEPROM_Write_Byte@last_GIE                        cstackCOMRAM 00003D
EEPROM_Write_Integer@addr                         cstackCOMRAM 00003E
EEPROM_Write_Integer@dado                         cstackCOMRAM 000040
EEPROM_Write_Long32@addr                          cstackCOMRAM 00003E
EEPROM_Write_Long32@dado                          cstackCOMRAM 000040
EEPROM_Write_Long32@i                             cstackCOMRAM 000045
EEPROM_Write_Long32@ptr                           cstackCOMRAM 000044
EEPROM_Write_String@addr                          cstackCOMRAM 00003E
EEPROM_Write_String@dado                          cstackCOMRAM 000040
Exibe_Hora_Data@date                              cstackCOMRAM 000049
Exibe_Hora_Data@showseconds                       cstackCOMRAM 00005D
Exibe_Hora_Data@time                              cstackCOMRAM 000053
Exibe_Receita@addeeprom                           cstackCOMRAM 00003A
Exibe_Receita@index                               cstackCOMRAM 000036
Exibe_Receita@vp                                  cstackCOMRAM 00003C
Exibe_Tempo_de_Processo@temp0                     cstackCOMRAM 000036
Exibe_Tempo_de_Processo@temp1                     cstackCOMRAM 000037
FAT8_Load@addEEPROM                               cstackCOMRAM 000044
FAT8_Load@tupla                                   cstackCOMRAM 000043
FAT8_Save@addEEPROM                               cstackCOMRAM 000040
FAT8_Save@tupla                                   cstackCOMRAM 00003F
FAT8_Show@tupla                                   cstackCOMRAM 00004A
FAT8_Show@vp                                      cstackCOMRAM 00004B
FAT8_Write_Process_Finalize@date                  cstackCOMRAM 000057
FAT8_Write_Process_Finalize@time                  cstackCOMRAM 00004D
FAT8_Write_Process_Inicialize@NumProcesso         cstackCOMRAM 000061
FAT8_Write_Process_Inicialize@date                cstackCOMRAM 000057
FAT8_Write_Process_Inicialize@time                cstackCOMRAM 00004D
Find_Fat8_Free@i                                  cstackCOMRAM 000049
Find_Fat8_Free@resultado                          cstackCOMRAM 000048
Find_Fat8_Running@i                               cstackCOMRAM 000049
Find_Fat8_Running@resultado                       cstackCOMRAM 000048
Format_FAT8_Table@tupla                           cstackCOMRAM 000044
Formatar_Banco_de_Dados@inicio                    cstackCOMRAM 00004C
Formatar_Banco_de_Dados@j                         cstackCOMRAM 00004D
Formatar_Banco_de_Dados@total                     cstackCOMRAM 000046
Formatar_Datalog@i                                cstackCOMRAM 000034
Formatar_Lista_de_Receitas@i                      cstackCOMRAM 000049
Formatar_Lista_de_Receitas@receita                cstackCOMRAM 00004A
Gerenciador_de_Senha@senha                        cstackCOMRAM 00004E
Gerenciador_de_Senha_Global@senha                 cstackCOMRAM 000052
Global_Aquecimento_Switch@board                   cstackCOMRAM 000046
Global_Aquecimento_Switch@buffer                  cstackCOMRAM 000043
Global_Aquecimento_Switch@estado                  cstackCOMRAM 000045
Grava_Info_Aquecimento@addEEPROM                  cstackCOMRAM 00002E
Grava_Info_Aquecimento@i                          cstackCOMRAM 000032
Grava_Info_Aquecimento@index                      cstackCOMRAM 00002D
Grava_Info_Aquecimento@tupla                      cstackCOMRAM 00002C
Grava_Receita@addeeprom                           cstackCOMRAM 000047
Grava_Receita@index                               cstackCOMRAM 000046
Grava_Receita@receita                             cstackCOMRAM 000042
I2C_Master_Init@c                                 cstackBANK0  000096
I2C_Master_Read@a                                 cstackCOMRAM 00000B
I2C_Master_Read@temp                              cstackCOMRAM 00000E
I2C_Master_Wait@tempo                             cstackCOMRAM 00000A
I2C_Master_Write@d                                cstackCOMRAM 00000B
Incrementa_Contador_de_Repique_do_Vacuo@valor     cstackCOMRAM 000042
LoadLiofilizadorOnMemory@addEEPROM                cstackCOMRAM 000018
LoadLiofilizadorOnMemory@index                    cstackCOMRAM 000017
LoadLiofilizadorOnMemory@liofilizador             cstackCOMRAM 000015
MenorCanalLivre@Exist                             cstackCOMRAM 00000B
MenorCanalLivre@busca                             cstackCOMRAM 000009
MenorCanalLivre@canal                             cstackCOMRAM 00000A
MenorCanalLivre@canalBusca                        cstackCOMRAM 00000C
MenorCanalLivre@canalLivre                        cstackCOMRAM 00000D
PROCULUS_Buffer_to_Proculus@i                     cstackCOMRAM 00000F
PROCULUS_Buffer_to_Proculus@proculus              cstackCOMRAM 000009
PROCULUS_Buzzer@time_ms_x_10                      cstackCOMRAM 00002D
PROCULUS_Buzzer@vetor                             cstackCOMRAM 00002F
PROCULUS_Clean_All_Line_Graphic@i                 cstackCOMRAM 000030
PROCULUS_Clear_Line_Graphic@buffer                cstackCOMRAM 00002E
PROCULUS_Clear_Line_Graphic@channel               cstackCOMRAM 00002D
PROCULUS_Control_Activation@value                 cstackCOMRAM 000028
PROCULUS_Get_Page@i                               cstackCOMRAM 00002E
PROCULUS_Get_Page@retorno                         bssBANK1     000136
PROCULUS_Popup@value                              cstackCOMRAM 000029
PROCULUS_REG_Read@i                               cstackCOMRAM 00002F
PROCULUS_REG_Read@reg                             cstackCOMRAM 00002C
PROCULUS_REG_Read@retorno                         cstackCOMRAM 000029
PROCULUS_REG_Read@size                            cstackCOMRAM 000028
PROCULUS_REG_Read@tempo                           cstackCOMRAM 00002D
PROCULUS_REG_Write@i                              cstackCOMRAM 00002C
PROCULUS_REG_Write@size                           cstackCOMRAM 000029
PROCULUS_REG_Write@vetor                          cstackCOMRAM 000028
PROCULUS_Read_RTC@date                            cstackCOMRAM 000028
PROCULUS_Read_RTC@day                             cstackCOMRAM 00003C
PROCULUS_Read_RTC@hour                            cstackCOMRAM 00003F
PROCULUS_Read_RTC@i                               cstackCOMRAM 000048
PROCULUS_Read_RTC@minute                          cstackCOMRAM 000042
PROCULUS_Read_RTC@month                           cstackCOMRAM 000039
PROCULUS_Read_RTC@retorno                         cstackCOMRAM 00002C
PROCULUS_Read_RTC@second                          cstackCOMRAM 000045
PROCULUS_Read_RTC@time                            cstackCOMRAM 000029
PROCULUS_Read_RTC@year                            cstackCOMRAM 000036
PROCULUS_Show_Screen@screen                       cstackCOMRAM 00002D
PROCULUS_Show_Screen@vetor                        cstackCOMRAM 00002F
PROCULUS_TPFLAG_Read@retorno                      cstackCOMRAM 000030
PROCULUS_TPFLAG_Write@value                       cstackCOMRAM 000030
PROCULUS_TPFLAG_Write@vetor                       cstackCOMRAM 00002D
PROCULUS_VP_Read@i                                cstackCOMRAM 000031
PROCULUS_VP_Read@size                             cstackCOMRAM 00002C
PROCULUS_VP_Read@tempo                            cstackCOMRAM 00002F
PROCULUS_VP_Read@vetor                            cstackCOMRAM 00002A
PROCULUS_VP_Read@vp                               cstackCOMRAM 000028
PROCULUS_VP_Read_Double32@vetor                   cstackCOMRAM 000036
PROCULUS_VP_Read_Double32@vp                      cstackCOMRAM 000032
PROCULUS_VP_Read_Int16@vetor                      cstackCOMRAM 000036
PROCULUS_VP_Read_Int16@vp                         cstackCOMRAM 000032
PROCULUS_VP_Read_String@text                      cstackCOMRAM 000034
PROCULUS_VP_Read_String@vp                        cstackCOMRAM 000032
PROCULUS_VP_Read_UInt16@vetor                     cstackCOMRAM 000036
PROCULUS_VP_Read_UInt16@vp                        cstackCOMRAM 000032
PROCULUS_VP_Write@i                               cstackCOMRAM 00002F
PROCULUS_VP_Write@size                            cstackCOMRAM 00002C
PROCULUS_VP_Write@vetor                           cstackCOMRAM 00002A
PROCULUS_VP_Write@vp                              cstackCOMRAM 000028
PROCULUS_VP_Write_Int16@value                     cstackCOMRAM 000032
PROCULUS_VP_Write_Int16@vetor                     cstackCOMRAM 000034
PROCULUS_VP_Write_Int16@vp                        cstackCOMRAM 000030
PROCULUS_VP_Write_Long32@pt                       cstackCOMRAM 00003A
PROCULUS_VP_Write_Long32@value                    cstackCOMRAM 000032
PROCULUS_VP_Write_Long32@vetor                    cstackCOMRAM 000036
PROCULUS_VP_Write_Long32@vp                       cstackCOMRAM 000030
PROCULUS_VP_Write_String@text                     cstackCOMRAM 000032
PROCULUS_VP_Write_String@vp                       cstackCOMRAM 000030
PROCULUS_VP_Write_UInt16@value                    cstackCOMRAM 000032
PROCULUS_VP_Write_UInt16@vetor                    cstackCOMRAM 000034
PROCULUS_VP_Write_UInt16@vp                       cstackCOMRAM 000030
PROCULUS_Write_RTC@date                           cstackCOMRAM 000028
PROCULUS_Write_RTC@day                            cstackCOMRAM 000030
PROCULUS_Write_RTC@hour                           cstackCOMRAM 000033
PROCULUS_Write_RTC@minute                         cstackCOMRAM 000036
PROCULUS_Write_RTC@month                          cstackCOMRAM 00002D
PROCULUS_Write_RTC@second                         cstackCOMRAM 000039
PROCULUS_Write_RTC@time                           cstackCOMRAM 000029
PROCULUS_Write_RTC@year                           cstackCOMRAM 00002A
PROCULUS_graphic_plot@channel                     cstackBANK0  000098
PROCULUS_graphic_plot@lcd_channel                 cstackBANK0  000099
PROCULUS_graphic_plot@value                       cstackBANK0  000096
Plotar_Grafico_Gravado@RESOLUCAOX                 cstackBANK0  0000C2
Plotar_Grafico_Gravado@SlaveBoard                 cstackBANK0  0000C6
Plotar_Grafico_Gravado@add_datalog                cstackBANK0  0000D2
Plotar_Grafico_Gravado@bb                         cstackBANK0  0000C8
Plotar_Grafico_Gravado@canal                      cstackBANK0  0000C7
Plotar_Grafico_Gravado@i                          cstackBANK0  0000D6
Plotar_Grafico_Gravado@leitura                    cstackBANK0  00009E
Plotar_Grafico_Gravado@tempfloat                  cstackBANK0  0000CD
Plotar_Grafico_Gravado@tupla                      cstackBANK0  0000D1
Plotar_Grafico_Gravado@value                      cstackBANK0  0000BA
RelatorioTecnico@valor                            cstackCOMRAM 00004B
Rele_Comum_Aquecimento@bbb                        cstackCOMRAM 000039
Rele_Comum_Aquecimento@status                     cstackCOMRAM 000038
SaveLiofilizadorOnMemory@addEEPROM                cstackCOMRAM 000045
SaveLiofilizadorOnMemory@index                    cstackCOMRAM 000044
SaveLiofilizadorOnMemory@liofilizador             cstackCOMRAM 000042
Send_To_Slave@buffer                              cstackCOMRAM 00002A
Send_To_Slave@comando                             cstackCOMRAM 000028
Send_To_Slave@contador_1934                       cstackCOMRAM 000034
Send_To_Slave@destino                             cstackCOMRAM 000030
Send_To_Slave@flag_is_buffer                      cstackCOMRAM 000033
Send_To_Slave@i                                   cstackCOMRAM 000037
Send_To_Slave@retorno                             cstackCOMRAM 000031
Send_To_Slave@size                                cstackCOMRAM 000029
Send_To_Slave@sizereturn                          cstackCOMRAM 000036
Send_to_PC@size                                   cstackCOMRAM 000028
Set_Receita@index                                 cstackCOMRAM 000039
Set_Receita@status                                cstackCOMRAM 000036
Set_Receita@vp                                    cstackCOMRAM 00003A
ShowAndSetSlaveParameters@CanalAD                 cstackCOMRAM 00003A
ShowAndSetSlaveParameters@addEEPROM               cstackCOMRAM 00003E
ShowAndSetSlaveParameters@bb                      cstackCOMRAM 000038
ShowAndSetSlaveParameters@tupla                   cstackCOMRAM 00003B
ShowAndSetSlaveParameters@vp                      cstackCOMRAM 00003C
ShowHardwareInfo@destino                          cstackCOMRAM 00003B
ShowHardwareInfo@resposta                         cstackCOMRAM 000039
ShowHardwareInfo@tipo                             cstackCOMRAM 000038
ShowMessage@SoundType                             cstackCOMRAM 000038
ShowMessage@delay                                 cstackCOMRAM 000036
ShowMessage@mensagem                              cstackCOMRAM 000034
ShowMessage@retem                                 cstackCOMRAM 000039
ShowMessage@texto                                 cstackCOMRAM 00003E
ShowSensorRealTimeHS@SlaveBoard                   cstackCOMRAM 000041
ShowSensorRealTimeHS@bb                           cstackCOMRAM 00003C
ShowSensorRealTimeHS@canal                        cstackCOMRAM 000044
ShowSensorRealTimeHS@tupla                        cstackCOMRAM 000045
ShowSensorRealTimeHS@vp                           cstackCOMRAM 00003F
ShowSensorRealTimeHS@vpicone                      cstackCOMRAM 000042
ShowStaticValueGrid@CanalAD                       cstackCOMRAM 00003A
ShowStaticValueGrid@addEEPROM                     cstackCOMRAM 00003D
ShowStaticValueGrid@bb                            cstackCOMRAM 000038
ShowStaticValueGrid@tupla                         cstackCOMRAM 00003E
ShowStaticValueGrid@vp                            cstackCOMRAM 00003B
TrendCurveFuncao@canal                            cstackCOMRAM 00004E
TrendCurveFuncao@cor                              cstackCOMRAM 00004F
TrendCurveFuncao@figura                           cstackCOMRAM 00004D
TrendCurveFuncao@funcao                           cstackCOMRAM 00004A
TrendCurveFuncao@i                                cstackCOMRAM 000052
TrendCurveFuncao@index                            cstackCOMRAM 000051
USART_init@baudrate                               cstackCOMRAM 000016
USART_init@i                                      cstackCOMRAM 00001E
USART_input_buffer@result                         cstackCOMRAM 00000C
USART_input_buffer@time                           cstackCOMRAM 00000A
USART_put_int@value                               cstackCOMRAM 000026
USART_put_string@ptr                              cstackCOMRAM 000028
USART_put_string@vetor                            cstackCOMRAM 000026
USART_putc@counter                                cstackCOMRAM 000024
USART_putc@value                                  cstackCOMRAM 000023
USART_restart@baudrate                            cstackCOMRAM 00001F
USART_to_Protocol@i                               cstackCOMRAM 00000F
USART_to_Protocol@usart_protocol                  cstackCOMRAM 000009
Upload_Data_to_Slave@addEEPROM                    cstackCOMRAM 00003C
Upload_Data_to_Slave@board                        cstackCOMRAM 00003E
Upload_Data_to_Slave@buffer                       cstackCOMRAM 000040
Upload_Data_to_Slave@canal                        cstackCOMRAM 00003F
Upload_Data_to_Slave@index                        cstackCOMRAM 00003D
Upload_Data_to_Slave@temp                         cstackCOMRAM 00003A
Vaccum_Switch@buffer                              cstackCOMRAM 000039
Vaccum_Switch@estado                              cstackCOMRAM 000038
_ADCON0bits                                       (abs)        000FC2
_ADCON1                                           (abs)        000FC1
_ADCON2bits                                       (abs)        000FC0
_Atualizar_Lista_de_Receitas                      text19       009EE6
_BAUDCONbits                                      (abs)        000FB8
_Carrega_Tupla_Receita                            text22       007724
_Carregar_Display_Schematic_Color                 text35       0057B4
_Carregar_Parametros_de_Seguranca                 text36       007FE2
_Carregar_Status_da_Senha_Global                  text167      008BE2
_Carregar_tempo_de_datalog                        text59       0099DE
_Check_And_Send_Capture_Datalog                   text158      0094A8
_ClrReset                                         bssBANK1     00016A
_Comando_Display                                  text16       0088B0
_Comando_Protocolo_Serial                         text5        007A60
_Condensador                                      bssBANK0     0000E8
_Condensador1                                     bssBANK1     00014C
_Condensador_Switch                               text69       009E20
_Contagem_Tempo_de_Processo                       text108      0090EA
_DataBaseBackupMain                               text43       0067EA
_Decodify_Command                                 text7        001314
_DelayBackupReturn                                text63       0068FC
_Delay_Led_Memory                                 bssBANK1     000168
_Delay_Led_Tmr0                                   bssBANK1     000156
_Delay_Led_Usart                                  bssBANK1     00015A
_EEADR                                            (abs)        000FA9
_EEADRH                                           (abs)        000FAA
_EECON1bits                                       (abs)        000FA6
_EECON2                                           (abs)        000FA7
_EEDATA                                           (abs)        000FA8
_EEPROM_24C1025_Fill_All                          text15       009236
_EEPROM_24C1025_Read_Buffer                       text82       0054BC
_EEPROM_24C1025_Read_Buffer_to_USART              text14       0049CC
_EEPROM_24C1025_Read_Byte                         text77       009D10
_EEPROM_24C1025_Read_Int                          text81       009944
_EEPROM_24C1025_Read_Long                         text76       00821E
_EEPROM_24C1025_Read_Str                          text75       005022
_EEPROM_24C1025_Write_Buffer                      text142      005336
_EEPROM_24C1025_Write_Byte                        text141      009D58
_EEPROM_24C1025_Write_Int                         text140      009B5E
_EEPROM_24C1025_Write_Long                        text139      009978
_EEPROM_24C1025_Write_Str                         text138      006A0C
_EEPROM_Read_Buffer                               text34       009AA6
_EEPROM_Read_Byte                                 text176      00986C
_EEPROM_Read_Integer                              text92       0097C0
_EEPROM_Read_Long32                               text26       00970E
_EEPROM_Read_String                               text54       0098DA
_EEPROM_Write_Buffer                              text33       0099AC
_EEPROM_Write_Byte                                text127      008FDC
_EEPROM_Write_Integer                             text126      009C30
_EEPROM_Write_Long32                              text25       009AD6
_EEPROM_Write_String                              text123      00964E
_Exibe_Hora_Data                                  text150      0096D0
_Exibe_Receita                                    text20       0066D4
_Exibe_Tempo_de_Processo                          text147      0086F6
_FAT8_Load                                        text74       00445A
_FAT8_Save                                        text129      004016
_FAT8_Show                                        text58       0080A4
_FAT8_Write_Process_Finalize                      text57       00756E
_FAT8_Write_Process_Inicialize                    text55       005E92
_Find_Fat8_Free                                   text56       009B32
_Find_Fat8_Running                                text73       009BB4
_Format_FAT8_Table                                text128      007490
_Formatar_Banco_de_Dados                          text41       0071E6
_Formatar_Dados_de_Seguranca                      text125      009192
_Formatar_Datalog                                 text124      008F14
_Formatar_Lista_de_Receitas                       text121      0094F2
_Gerenciador_de_Senha                             text115      005BF2
_Gerenciador_de_Senha_Global                      text112      004E94
_Global_Aquecimento_Switch                        text67       008E42
_Grava_Info_Aquecimento                           text52       004D04
_Grava_Receita                                    text122      008388
_Gravar_Status_da_Senha_Global                    text114      009F2A
_I2C_Master_Init                                  text109      0085A2
_I2C_Master_Read                                  text84       00903C
_I2C_Master_RepeatedStart                         text83       009F6C
_I2C_Master_Start                                 text145      009ECC
_I2C_Master_Stop                                  text144      009F88
_I2C_Master_Wait                                  text146      009A42
_I2C_Master_Write                                 text143      009F4E
_INTCON2bits                                      (abs)        000FF1
_INTCONbits                                       (abs)        000FF2
_IPR1bits                                         (abs)        000F9F
_Icones_de_alarmes                                text66       008A54
_Incrementa_Contador_de_Repique_do_Vacuo          text49       0098A4
_Index_Receita                                    bssBANK0     0000EF
_Index_Sel_Rec                                    bssBANK0     0000EE
_Ligar_Cargas_Compassadamente                     text104      004632
_LoadLiofilizadorOnMemory                         text53       0073B0
_MSG_Deseja_Encerrar_Processo                     bssBANK1     000170
_MenorCanalLivre                                  text103      009326
_MonitorBuffer                                    bssBANK1     00016F
_My_ADC_init                                      text102      009F7A
_OSCCONbits                                       (abs)        000FD3
_OSCTUNEbits                                      (abs)        000F9B
_PIE1bits                                         (abs)        000F9D
_PIR1bits                                         (abs)        000F9E
_PORTBbits                                        (abs)        000F81
_PORTDbits                                        (abs)        000F83
_PROCULUS_Buffer_to_Proculus                      text45       006102
_PROCULUS_Buzzer                                  text135      009A10
_PROCULUS_Clean_All_Line_Graphic                  text100      009F16
_PROCULUS_Clear_Line_Graphic                      text101      009E98
_PROCULUS_Control_Activation                      text133      0092D6
_PROCULUS_Get_Page                                text134      007D88
_PROCULUS_NOK                                     text120      009D9E
_PROCULUS_OK                                      text119      0093C2
_PROCULUS_Popup                                   text132      009FA4
_PROCULUS_REG_Read                                text118      007CBE
_PROCULUS_REG_Write                               text137      008CE8
_PROCULUS_Read_RTC                                text152      0051AE
_PROCULUS_Show_Screen                             text99       009E7E
_PROCULUS_TPFLAG_Read                             text117      009F3C
_PROCULUS_TPFLAG_Write                            text116      009EFE
_PROCULUS_VP_Read                                 text131      006E22
_PROCULUS_VP_Read_Double32                        text24       009C08
_PROCULUS_VP_Read_Int16                           text13       009B8A
_PROCULUS_VP_Read_String                          text106      009EB2
_PROCULUS_VP_Read_UInt16                          text130      009D34
_PROCULUS_VP_Write                                text169      00843C
_PROCULUS_VP_Write_Int16                          text12       009DC0
_PROCULUS_VP_Write_Long32                         text113      009410
_PROCULUS_VP_Write_String                         text151      009C56
_PROCULUS_VP_Write_UInt16                         text168      009E40
_PROCULUS_Write_RTC                               text29       006232
_PROCULUS_graphic_plot                            text164      008F7A
_Plotar_Grafico_Gravado                           text94       001FC8
_Plotar_Grafico_Gravado$4960                      cstackBANK0  0000BE
_RBIF                                             (abs)        007F90
_RCIE                                             (abs)        007CED
_RCREG                                            (abs)        000FAE
_RCSTAbits                                        (abs)        000FAB
_RecallBlackoutStatus                             text93       007F1A
_Recarregar_Parametros_de_Configuracao            text11       009FAE
_RelatorioTecnico                                 text78       007E52
_Rele_Comum_Aquecimento                           text68       009E00
_SEND_REPLY_OK                                    text9        009F5E
_SPBRG                                            (abs)        000FAF
_SSPADD                                           (abs)        000FC8
_SSPBUF                                           (abs)        000FC9
_SSPCON1                                          (abs)        000FC6
_SSPCON2                                          (abs)        000FC5
_SSPCON2bits                                      (abs)        000FC5
_SSPSTAT                                          (abs)        000FC7
_SaveBlackoutStatusRuning                         text72       0084F0
_SaveLiofilizadorOnMemory                         text42       0070FE
_Seg_Aq_cond                                      bssBANK1     000142
_Seg_Aq_vacuo                                     bssBANK1     000140
_Seg_Condensador                                  bssBANK1     000146
_Seg_Vacuo                                        bssBANK1     000144
_Send_To_Slave                                    text163      004B68
_Send_to_PC                                       text8        009910
_Set_Receita                                      text71       007BF4
_ShowAndSetSlaveParameters                        text18       00635E
_ShowHardwareInfo                                 text87       003DCA
_ShowMessage                                      text40       00878C
_ShowSensorRealTimeHS                             text65       0023EE
_ShowStaticValueGrid                              text39       00563C
_T0CONbits                                        (abs)        000FD5
_T1CKPS0                                          (abs)        007E6C
_T1CKPS1                                          (abs)        007E6D
_T1OSCEN                                          (abs)        007E6B
_T1RUN                                            (abs)        007E6E
_TMR0                                             (abs)        000FD6
_TMR1CS                                           (abs)        007E69
_TMR1H                                            (abs)        000FCF
_TMR1L                                            (abs)        000FCE
_TMR1ON                                           (abs)        007E68
_TRISA                                            (abs)        000F92
_TRISB                                            (abs)        000F93
_TRISC                                            (abs)        000F94
_TRISCbits                                        (abs)        000F94
_TRISD                                            (abs)        000F95
_TRISDbits                                        (abs)        000F95
_TRISE                                            (abs)        000F96
_TXEN                                             (abs)        007D65
_TXREG                                            (abs)        000FAD
_TXSTAbits                                        (abs)        000FAC
_Tamanho_Display                                  bssBANK0     0000E6
_TrendColor                                       bssBANK1     000100
_TrendCurveFuncao                                 text32       001A54
_TrendCurveFuncao$2280                            cstackCOMRAM 00004B
_USART_init                                       text174      008DD4
_USART_input_buffer                               text157      009690
_USART_put_int                                    text171      009F96
_USART_put_string                                 text10       008ADA
_USART_putc                                       text172      009580
[...]
intlevel1                                         text         000000
intlevel2                                         text         000000
intlevel3                                         text         000000
isa$std                                           (abs)        000001
isa$xinst                                         (abs)        000000
itoa@base                                         cstackCOMRAM 00001C
itoa@i                                            cstackCOMRAM 000023
itoa@isNegative                                   cstackCOMRAM 000020
itoa@num                                          cstackCOMRAM 000018
itoa@rem                                          cstackCOMRAM 000021
itoa@str                                          cstackCOMRAM 00001A
main@canal                                        bssBANK0     0000E4
main@canal_aleatorio                              cstackBANK3  0003CA
main@canal_sequencial                             cstackBANK3  0003D7
main@dica                                         cstackBANK3  0003CB
main@i                                            cstackBANK3  0003D3
main@i_1891                                       cstackBANK3  0003D4
main@i_1910                                       cstackBANK3  0003D6
main@i_1912                                       cstackBANK3  0003D5
main@reset_usart                                  cstackBANK3  0003CF
my_delay_ms@i                                     cstackCOMRAM 00000E
my_delay_ms@time                                  cstackCOMRAM 000009
my_delay_ms_CLRWDT@i                              cstackCOMRAM 00000E
my_delay_ms_CLRWDT@time                           cstackCOMRAM 000009
my_delay_ms_TMR1@i                                cstackCOMRAM 00000E
my_delay_ms_TMR1@time                             cstackCOMRAM 000009
my_pow@exp                                        cstackCOMRAM 00001D
my_pow@i                                          cstackCOMRAM 000026
my_pow@rad                                        cstackCOMRAM 00001B
my_pow@resposta                                   cstackCOMRAM 000027
ouve_comunicacao@count                            bssCOMRAM    000071
ouve_comunicacao@tempo                            cstackBANK0  0000BD
pagina_19@flag_upLoadTambem                       cstackCOMRAM 00005D
pagina_19@i                                       cstackCOMRAM 00005E
pagina_19@i_2175                                  cstackCOMRAM 00005F
pagina_19@i_2181                                  cstackCOMRAM 000060
pagina_19@inicio                                  cstackCOMRAM 00005C
pagina_25@date                                    cstackCOMRAM 00003C
pagina_25@time                                    cstackCOMRAM 000046
pagina_31@confirma_senha                          cstackBANK0  0000AA
pagina_31@nova_senha                              cstackBANK0  0000AE
pagina_31@senhavetor                              cstackBANK0  0000B2
pagina_47@receita                                 cstackCOMRAM 000036
pagina_49@i                                       cstackCOMRAM 000050
pagina_49@i_2158                                  cstackCOMRAM 000051
pagina_49@i_2159                                  cstackCOMRAM 000052
pagina_49@liofilizador                            cstackCOMRAM 000053
placasFilhasInit@i                                cstackCOMRAM 000038
print@MAXVP                                       cstackBANK0  0000CB
print@texto                                       cstackCOMRAM 000036
print@textolocal                                  cstackBANK0  000080
print@vp_roll                                     cstackBANK0  0000C9
reverse@c                                         cstackCOMRAM 000012
reverse@i                                         cstackCOMRAM 000014
reverse@j                                         cstackCOMRAM 000016
reverse@length                                    cstackCOMRAM 000010
reverse@s                                         cstackCOMRAM 00000D
roundf@F528                                       bssBANK1     00012E
roundf@e                                          cstackBANK0  000084
roundf@u                                          cstackBANK0  00008A
roundf@x                                          cstackCOMRAM 000061
roundf@y                                          cstackBANK0  00008E
save_datalog@add_datalog                          cstackBANK0  00009A
save_datalog@bb                                   cstackBANK0  0000A1
save_datalog@index                                cstackBANK0  0000A5
showMemoryInfo@canal                              cstackBANK1  0001F6
showMemoryInfo@falha                              cstackBANK1  0001F5
showMemoryInfo@msg                                cstackBANK1  0001C2
showMemoryInfo@placa                              cstackBANK1  0001F7
showMemoryInfo@texto                              cstackBANK1  000190
showMemoryInfo@tipo                               cstackBANK1  0001F4
stackhi                                           (abs)        000EF3
stacklo                                           (abs)        0007C4
start                                             init         0002AC
start_initialization                              cinit        007996
str2bcd@value                                     cstackCOMRAM 000009
strcat@dest                                       cstackCOMRAM 000017
strcat@src                                        cstackCOMRAM 000019
strcpy@d                                          cstackCOMRAM 000015
strcpy@dest                                       cstackCOMRAM 00000D
strcpy@s                                          cstackCOMRAM 000013
strcpy@src                                        cstackCOMRAM 00000F
strlen@a                                          cstackCOMRAM 00000B
strlen@s                                          cstackCOMRAM 000009
testa_modo_conectado@add                          cstackCOMRAM 000036
testa_modo_conectado@estado                       cstackCOMRAM 000038
ttemp5                                            temp         000078
ttemp6                                            temp         00007B
ttemp7                                            temp         00007F
ultoa@digit                                       cstackCOMRAM 000041
ultoa@num                                         cstackCOMRAM 000016
ultoa@radix                                       cstackCOMRAM 00001C
ultoa@str                                         cstackCOMRAM 00001A
ultoa@str_loc                                     cstackCOMRAM 00003F
ultoa@temp                                        cstackCOMRAM 00001E
ultoa@temp_loc                                    cstackCOMRAM 000043
wtemp8                                            temp         000078


MODULE INFORMATION

Module		Function		Class		Link	Load	Size
C:\Program Files\Microchip\xc8\v2.32\pic\sources\c99\common\awdiv.c
		___awdiv       		CODE           	8B5E	0000	132

C:\Program Files\Microchip\xc8\v2.32\pic\sources\c99\common\awdiv.c estimated size: 132

C:\Program Files\Microchip\xc8\v2.32\pic\sources\c99\common\sprcadd.c
		___flsub       		CODE           	953A	0000	70
		___fladd       		CODE           	3836	0000	780

C:\Program Files\Microchip\xc8\v2.32\pic\sources\c99\common\sprcadd.c estimated size: 850

C:\Program Files\Microchip\xc8\v2.32\pic\sources\c99\common\flneg.c
		___flneg       		CODE           	9B04	0000	46

C:\Program Files\Microchip\xc8\v2.32\pic\sources\c99\common\flneg.c estimated size: 46

C:\Program Files\Microchip\xc8\v2.32\pic\sources\c99\common\lbdiv.c
		___lbdiv       		CODE           	97FA	0000	58

C:\Program Files\Microchip\xc8\v2.32\pic\sources\c99\common\lbdiv.c estimated size: 58

usart.c
		_USART_restart 		CODE           	9E60	0000	30
		_USART_input_buffer		CODE           	9690	0000	64
		_USART_putc    		CODE           	9580	0000	70
		_USART_to_Protocol		CODE           	764A	0000	218
		_USART_put_string		CODE           	8ADA	0000	132
		_USART_put_int 		CODE           	9F96	0000	14
		_USART_init    		CODE           	8DD4	0000	110

usart.c estimated size: 638

I2C.c
		_I2C_Master_Read		CODE           	903C	0000	88
		_I2C_Master_Wait		CODE           	9A42	0000	50
		_I2C_Master_Init		CODE           	85A2	0000	172
		_I2C_Master_Stop		CODE           	9F88	0000	14
		_I2C_Master_RepeatedStart		CODE           	9F6C	0000	14
		_I2C_Master_Write		CODE           	9F4E	0000	16
		_I2C_Master_Start		CODE           	9ECC	0000	26

I2C.c estimated size: 380

proculus.c
		_PROCULUS_Clean_All_Line_Graphic		CODE           	9F16	0000	20
		_PROCULUS_OK   		CODE           	93C2	0000	78
		_PROCULUS_VP_Read		CODE           	6E22	0000	248
		_PROCULUS_NOK  		CODE           	9D9E	0000	34
		_PROCULUS_REG_Read		CODE           	7CBE	0000	202
		_PROCULUS_TPFLAG_Write		CODE           	9EFE	0000	24
		_PROCULUS_Get_Page		CODE           	7D88	0000	202
		_PROCULUS_Clear_Line_Graphic		CODE           	9E98	0000	26
		_PROCULUS_Show_Screen		CODE           	9E7E	0000	26
		_PROCULUS_Control_Activation		CODE           	92D6	0000	80
		_PROCULUS_VP_Write_String		CODE           	9C56	0000	38
		_PROCULUS_VP_Write		CODE           	843C	0000	180
		_PROCULUS_Popup		CODE           	9FA4	0000	10
		_PROCULUS_Write_RTC		CODE           	6232	0000	300
		_PROCULUS_VP_Read_Int16		CODE           	9B8A	0000	42
		_PROCULUS_VP_Read_String		CODE           	9EB2	0000	26
		_PROCULUS_VP_Read_UInt16		CODE           	9D34	0000	36
		_PROCULUS_REG_Write		CODE           	8CE8	0000	124
		_PROCULUS_VP_Write_Long32		CODE           	9410	0000	76
		_PROCULUS_Buzzer		CODE           	9A10	0000	50
		_PROCULUS_Buffer_to_Proculus		CODE           	6102	0000	304
		_PROCULUS_Read_RTC		CODE           	51AE	0000	392
		_PROCULUS_graphic_plot		CODE           	8F7A	0000	98
		_PROCULUS_TPFLAG_Read		CODE           	9F3C	0000	18
		_PROCULUS_VP_Write_UInt16		CODE           	9E40	0000	32
		_PROCULUS_VP_Write_Int16		CODE           	9DC0	0000	32
		_PROCULUS_VP_Read_Double32		CODE           	9C08	0000	40

proculus.c estimated size: 2738

eeprom.c
		_EEPROM_Write_String		CODE           	964E	0000	66
		_EEPROM_Read_Byte		CODE           	986C	0000	56
		_EEPROM_Write_Buffer		CODE           	99AC	0000	50
		_EEPROM_Write_Byte		CODE           	8FDC	0000	96
		_EEPROM_Read_Integer		CODE           	97C0	0000	58
		_EEPROM_Write_Long32		CODE           	9AD6	0000	46
		_EEPROM_Read_String		CODE           	98DA	0000	54
		_EEPROM_Write_Integer		CODE           	9C30	0000	38
		_EEPROM_Read_Buffer		CODE           	9AA6	0000	48
		_EEPROM_Read_Long32		CODE           	970E	0000	60

eeprom.c estimated size: 572

C:\Program Files\Microchip\xc8\v2.32\pic\sources\c99\common\llmod.c
		___llmod       		CODE           	8EAE	0000	102

C:\Program Files\Microchip\xc8\v2.32\pic\sources\c99\common\llmod.c estimated size: 102

C:\Program Files\Microchip\xc8\v2.32\pic\sources\c99\common\Umul16.c
		___wmul        		CODE           	9CA2	0000	38

C:\Program Files\Microchip\xc8\v2.32\pic\sources\c99\common\Umul16.c estimated size: 38

adc.c
		_My_ADC_init   		CODE           	9F7A	0000	14

adc.c estimated size: 14

isr.c
		_isr           		CODE           	0018	0000	660

isr.c estimated size: 660

shared
		__initialization		CODE           	7996	0000	188
		_toint         		MEDIUMCONST    	0000	0000	0

shared estimated size: 188

C:\Program Files\Microchip\xc8\v2.32\pic\sources\c99\common\sprcmul.c
		___flmul       		CODE           	350A	0000	812

C:\Program Files\Microchip\xc8\v2.32\pic\sources\c99\common\sprcmul.c estimated size: 812

C:\Program Files\Microchip\xc8\v2.32\pic\sources\c99\common\awmod.c
		___awmod       		CODE           	8D64	0000	112

C:\Program Files\Microchip\xc8\v2.32\pic\sources\c99\common\awmod.c estimated size: 112

Liofilizador Placa Mae.c
		_Upload_Data_to_Slave		CODE           	4806	0000	454
		_testa_modo_conectado		CODE           	7B2A	0000	202
		_Gerenciador_de_Senha		CODE           	5BF2	0000	352
		_Check_And_Send_Capture_Datalog		CODE           	94A8	0000	74
		_Send_to_PC    		CODE           	9910	0000	52
		_FAT8_Show     		CODE           	80A4	0000	190
		_TrendCurveFuncao		CODE           	1A54	0000	1396
		_Carregar_Display_Schematic_Color		CODE           	57B4	0000	372
		_SaveLiofilizadorOnMemory		CODE           	70FE	0000	232
		_Gerenciador_de_Senha_Global		CODE           	4E94	0000	398
		_global_datalog		CODE           	5FCC	0000	310
		_gravaFilhaConfere		CODE           	6486	0000	296
		_Send_To_Slave 		CODE           	4B68	0000	412
		_Formatar_Lista_de_Receitas		CODE           	94F2	0000	72
		_SaveBlackoutStatusRuning		CODE           	84F0	0000	178
		_FAT8_Save     		CODE           	4016	0000	568
		_Set_Receita   		CODE           	7BF4	0000	202
		_Plotar_Grafico_Gravado		CODE           	1FC8	0000	1062
		_Gravar_Status_da_Senha_Global		CODE           	9F2A	0000	18
		_global_refrigeracao_fluido		CODE           	864E	0000	168
		_MenorCanalLivre		CODE           	9326	0000	78
		_main          		CODE           	02B0	0000	4196
		_Condensador_Switch		CODE           	9E20	0000	32
		_ShowMessage   		CODE           	878C	0000	148
		_LoadLiofilizadorOnMemory		CODE           	73B0	0000	224
		_Decodify_Command		CODE           	1314	0000	1856
		_Exibe_Tempo_de_Processo		CODE           	86F6	0000	150
		_Carregar_Parametros_de_Seguranca		CODE           	7FE2	0000	194
		_gravaMaeConfere		CODE           	78CA	0000	204
		_Ligar_Cargas_Compassadamente		CODE           	4632	0000	468
		_ouve_comunicacao		CODE           	6B18	0000	262
		_Exibe_Hora_Data		CODE           	96D0	0000	62
		_RecallBlackoutStatus		CODE           	7F1A	0000	200
		_pagina_31     		CODE           	2E94	0000	836
		_pagina_23     		CODE           	700C	0000	242
		_pagina_15     		CODE           	9786	0000	58
		_pagina_25     		CODE           	9286	0000	80
		_pagina_47     		CODE           	8820	0000	144
		_pagina_19     		CODE           	424E	0000	524
		_pagina_29     		CODE           	95C6	0000	68
		_pagina_49     		CODE           	27B0	0000	902
		_Comando_Display		CODE           	88B0	0000	140
		_FAT8_Load     		CODE           	445A	0000	472
		_Grava_Receita 		CODE           	8388	0000	180
		_ShowHardwareInfo		CODE           	3DCA	0000	588
		_ShowSensorRealTimeHS		CODE           	23EE	0000	962
		_Carrega_Tupla_Receita		CODE           	7724	0000	214
		_DataBaseBackupMain		CODE           	67EA	0000	274
		_Incrementa_Contador_de_Repique_do_Vacuo		CODE           	98A4	0000	54
		_buscaIndex    		CODE           	9CEC	0000	36
		_Contagem_Tempo_de_Processo		CODE           	90EA	0000	84
		_Format_FAT8_Table		CODE           	7490	0000	222
		_Carregar_tempo_de_datalog		CODE           	99DE	0000	50
		_DelayBackupReturn		CODE           	68FC	0000	272
		_Recarregar_Parametros_de_Configuracao		CODE           	9FAE	0000	6
		_global_condensador		CODE           	65AE	0000	294
		_Atualizar_Lista_de_Receitas		CODE           	9EE6	0000	24
		_global_aquecimento		CODE           	5A90	0000	354
		_Grava_Info_Aquecimento		CODE           	4D04	0000	400
		_save_datalog  		CODE           	6C1E	0000	262
		_Formatar_Dados_de_Seguranca		CODE           	9192	0000	82
		_Rele_Comum_Aquecimento		CODE           	9E00	0000	32
		_SEND_REPLY_OK 		CODE           	9F5E	0000	14
		_Formatar_Banco_de_Dados		CODE           	71E6	0000	230
		_FAT8_Write_Process_Inicialize		CODE           	5E92	0000	314
		_gravarStatusDosBotoes		CODE           	9D7C	0000	34
		_showMemoryInfo		CODE           	2B36	0000	862
		_RelatorioTecnico		CODE           	7E52	0000	200
		_ShowAndSetSlaveParameters		CODE           	635E	0000	296
		_Find_Fat8_Free		CODE           	9B32	0000	44
		_Find_Fat8_Running		CODE           	9BB4	0000	42
		_ShowStaticValueGrid		CODE           	563C	0000	376
		_placasFilhasInit		CODE           	9834	0000	56
		_Icones_de_alarmes		CODE           	8A54	0000	134
		_FAT8_Write_Process_Finalize		CODE           	756E	0000	220
		_Formatar_Datalog		CODE           	8F14	0000	102
		_Exibe_Receita 		CODE           	66D4	0000	278
		_Carregar_Status_da_Senha_Global		CODE           	8BE2	0000	132
		_Global_Aquecimento_Switch		CODE           	8E42	0000	108
		_global_vacuo  		CODE           	5928	0000	360
		_Vaccum_Switch 		CODE           	9DE0	0000	32
		_Comando_Protocolo_Serial		CODE           	7A60	0000	202

Liofilizador Placa Mae.c estimated size: 26974

C:\Program Files\Microchip\xc8\v2.32\pic\sources\c99\common\sprcdiv.c
		___fldiv       		CODE           	3B42	0000	648

C:\Program Files\Microchip\xc8\v2.32\pic\sources\c99\common\sprcdiv.c estimated size: 648

C:\Program Files\Microchip\xc8\v2.32\pic\sources\c99\common\roundf.c
		_roundf        		CODE           	31D8	0000	818

C:\Program Files\Microchip\xc8\v2.32\pic\sources\c99\common\roundf.c estimated size: 818

C:\Program Files\Microchip\xc8\v2.32\pic\sources\c99\common\lwdiv.c
		___lwdiv       		CODE           	91E4	0000	82

C:\Program Files\Microchip\xc8\v2.32\pic\sources\c99\common\lwdiv.c estimated size: 82

C:\Program Files\Microchip\xc8\v2.32\pic\sources\c99\common\strcat.c
		_strcat        		CODE           	9C7C	0000	38

C:\Program Files\Microchip\xc8\v2.32\pic\sources\c99\common\strcat.c estimated size: 38

C:\Program Files\Microchip\xc8\v2.32\pic\sources\c99\common\fltol.c
		___fltol       		CODE           	8162	0000	188

C:\Program Files\Microchip\xc8\v2.32\pic\sources\c99\common\fltol.c estimated size: 188

EEPROM_24C1025.c
		_EEPROM_24C1025_Write_Long		CODE           	9978	0000	52
		_EEPROM_24C1025_Read_Str		CODE           	5022	0000	396
		_EEPROM_24C1025_Write_Int		CODE           	9B5E	0000	44
		_EEPROM_24C1025_Read_Byte		CODE           	9D10	0000	36
		_EEPROM_24C1025_Read_Buffer		CODE           	54BC	0000	384
		_EEPROM_24C1025_Read_Buffer_to_USART		CODE           	49CC	0000	412
		_EEPROM_24C1025_Write_Byte		CODE           	9D58	0000	36
		_EEPROM_24C1025_Read_Long		CODE           	821E	0000	182
		_EEPROM_24C1025_Write_Buffer		CODE           	5336	0000	390
		_EEPROM_24C1025_Fill_All		CODE           	9236	0000	80
		_EEPROM_24C1025_Read_Int		CODE           	9944	0000	52
		_EEPROM_24C1025_Write_Str		CODE           	6A0C	0000	268

EEPROM_24C1025.c estimated size: 2332

C:\Program Files\Microchip\xc8\v2.32\pic\sources\c99\common\lbmod.c
		___lbmod       		CODE           	9BDE	0000	42

C:\Program Files\Microchip\xc8\v2.32\pic\sources\c99\common\lbmod.c estimated size: 42

C:\Program Files\Microchip\xc8\v2.32\pic\sources\c99\common\xxtofl.c
		___xxtofl      		CODE           	5D52	0000	320

C:\Program Files\Microchip\xc8\v2.32\pic\sources\c99\common\xxtofl.c estimated size: 320

C:\Program Files\Microchip\xc8\v2.32\pic\sources\c99\common\__lldiv.c
		___lldiv       		CODE           	8C66	0000	130

C:\Program Files\Microchip\xc8\v2.32\pic\sources\c99\common\__lldiv.c estimated size: 130

timedate.c
		_my_delay_ms_CLRWDT		CODE           	9374	0000	78
		_my_delay_ms_TMR1		CODE           	9094	0000	86
		_my_delay_ms   		CODE           	945C	0000	76

timedate.c estimated size: 240

C:\Program Files\Microchip\xc8\v2.32\pic\sources\c99\common\strlen.c
		_strlen        		CODE           	960A	0000	68

C:\Program Files\Microchip\xc8\v2.32\pic\sources\c99\common\strlen.c estimated size: 68

C:\Program Files\Microchip\xc8\v2.32\pic\sources\c99\common\flge.c
		___flge        		CODE           	77FA	0000	208

C:\Program Files\Microchip\xc8\v2.32\pic\sources\c99\common\flge.c estimated size: 208

util.c.c
		_my_pow        		CODE           	89C8	0000	140
		_clear_screen  		CODE           	974A	0000	60
		_print         		CODE           	72CC	0000	228
		_str2bcd       		CODE           	9CC8	0000	36
		_itoa          		CODE           	6D24	0000	254
		_ultoa         		CODE           	6F1A	0000	242
		_reverse       		CODE           	893C	0000	140
		_bcd2str       		CODE           	9A74	0000	50

util.c.c estimated size: 1150

C:\Program Files\Microchip\xc8\v2.32\pic\sources\c99\common\strcpy.c
		_strcpy        		CODE           	913E	0000	84

C:\Program Files\Microchip\xc8\v2.32\pic\sources\c99\common\strcpy.c estimated size: 84

